Archive member included to satisfy reference by file (symbol)

c:/users/acer/desktop/dhbk/hk5/vxl/stm32/stm32cubeide_1.12.1/stm32cubeide/plugins/com.st.stm32cube.ide.mcu.externaltools.gnu-tools-for-stm32.10.3-2021.10.win32_1.0.200.202301161003/tools/bin/../lib/gcc/arm-none-eabi/10.3.1/../../../../arm-none-eabi/lib/thumb/v7-m/nofp\libc_nano.a(lib_a-errno.o)
                              ./Core/Src/syscalls.o (__errno)
c:/users/acer/desktop/dhbk/hk5/vxl/stm32/stm32cubeide_1.12.1/stm32cubeide/plugins/com.st.stm32cube.ide.mcu.externaltools.gnu-tools-for-stm32.10.3-2021.10.win32_1.0.200.202301161003/tools/bin/../lib/gcc/arm-none-eabi/10.3.1/../../../../arm-none-eabi/lib/thumb/v7-m/nofp\libc_nano.a(lib_a-exit.o)
                              c:/users/acer/desktop/dhbk/hk5/vxl/stm32/stm32cubeide_1.12.1/stm32cubeide/plugins/com.st.stm32cube.ide.mcu.externaltools.gnu-tools-for-stm32.10.3-2021.10.win32_1.0.200.202301161003/tools/bin/../lib/gcc/arm-none-eabi/10.3.1/../../../../arm-none-eabi/lib/thumb/v7-m/nofp/crt0.o (exit)
c:/users/acer/desktop/dhbk/hk5/vxl/stm32/stm32cubeide_1.12.1/stm32cubeide/plugins/com.st.stm32cube.ide.mcu.externaltools.gnu-tools-for-stm32.10.3-2021.10.win32_1.0.200.202301161003/tools/bin/../lib/gcc/arm-none-eabi/10.3.1/../../../../arm-none-eabi/lib/thumb/v7-m/nofp\libc_nano.a(lib_a-impure.o)
                              c:/users/acer/desktop/dhbk/hk5/vxl/stm32/stm32cubeide_1.12.1/stm32cubeide/plugins/com.st.stm32cube.ide.mcu.externaltools.gnu-tools-for-stm32.10.3-2021.10.win32_1.0.200.202301161003/tools/bin/../lib/gcc/arm-none-eabi/10.3.1/../../../../arm-none-eabi/lib/thumb/v7-m/nofp\libc_nano.a(lib_a-exit.o) (_global_impure_ptr)
c:/users/acer/desktop/dhbk/hk5/vxl/stm32/stm32cubeide_1.12.1/stm32cubeide/plugins/com.st.stm32cube.ide.mcu.externaltools.gnu-tools-for-stm32.10.3-2021.10.win32_1.0.200.202301161003/tools/bin/../lib/gcc/arm-none-eabi/10.3.1/../../../../arm-none-eabi/lib/thumb/v7-m/nofp\libc_nano.a(lib_a-init.o)
                              c:/users/acer/desktop/dhbk/hk5/vxl/stm32/stm32cubeide_1.12.1/stm32cubeide/plugins/com.st.stm32cube.ide.mcu.externaltools.gnu-tools-for-stm32.10.3-2021.10.win32_1.0.200.202301161003/tools/bin/../lib/gcc/arm-none-eabi/10.3.1/../../../../arm-none-eabi/lib/thumb/v7-m/nofp/crt0.o (__libc_init_array)
c:/users/acer/desktop/dhbk/hk5/vxl/stm32/stm32cubeide_1.12.1/stm32cubeide/plugins/com.st.stm32cube.ide.mcu.externaltools.gnu-tools-for-stm32.10.3-2021.10.win32_1.0.200.202301161003/tools/bin/../lib/gcc/arm-none-eabi/10.3.1/../../../../arm-none-eabi/lib/thumb/v7-m/nofp\libc_nano.a(lib_a-itoa.o)
                              ./Core/Src/main.o (itoa)
c:/users/acer/desktop/dhbk/hk5/vxl/stm32/stm32cubeide_1.12.1/stm32cubeide/plugins/com.st.stm32cube.ide.mcu.externaltools.gnu-tools-for-stm32.10.3-2021.10.win32_1.0.200.202301161003/tools/bin/../lib/gcc/arm-none-eabi/10.3.1/../../../../arm-none-eabi/lib/thumb/v7-m/nofp\libc_nano.a(lib_a-memset.o)
                              c:/users/acer/desktop/dhbk/hk5/vxl/stm32/stm32cubeide_1.12.1/stm32cubeide/plugins/com.st.stm32cube.ide.mcu.externaltools.gnu-tools-for-stm32.10.3-2021.10.win32_1.0.200.202301161003/tools/bin/../lib/gcc/arm-none-eabi/10.3.1/../../../../arm-none-eabi/lib/thumb/v7-m/nofp/crt0.o (memset)
c:/users/acer/desktop/dhbk/hk5/vxl/stm32/stm32cubeide_1.12.1/stm32cubeide/plugins/com.st.stm32cube.ide.mcu.externaltools.gnu-tools-for-stm32.10.3-2021.10.win32_1.0.200.202301161003/tools/bin/../lib/gcc/arm-none-eabi/10.3.1/../../../../arm-none-eabi/lib/thumb/v7-m/nofp\libc_nano.a(lib_a-utoa.o)
                              c:/users/acer/desktop/dhbk/hk5/vxl/stm32/stm32cubeide_1.12.1/stm32cubeide/plugins/com.st.stm32cube.ide.mcu.externaltools.gnu-tools-for-stm32.10.3-2021.10.win32_1.0.200.202301161003/tools/bin/../lib/gcc/arm-none-eabi/10.3.1/../../../../arm-none-eabi/lib/thumb/v7-m/nofp\libc_nano.a(lib_a-itoa.o) (__utoa)

Discarded input sections

 .text          0x0000000000000000        0x0 c:/users/acer/desktop/dhbk/hk5/vxl/stm32/stm32cubeide_1.12.1/stm32cubeide/plugins/com.st.stm32cube.ide.mcu.externaltools.gnu-tools-for-stm32.10.3-2021.10.win32_1.0.200.202301161003/tools/bin/../lib/gcc/arm-none-eabi/10.3.1/thumb/v7-m/nofp/crti.o
 .data          0x0000000000000000        0x0 c:/users/acer/desktop/dhbk/hk5/vxl/stm32/stm32cubeide_1.12.1/stm32cubeide/plugins/com.st.stm32cube.ide.mcu.externaltools.gnu-tools-for-stm32.10.3-2021.10.win32_1.0.200.202301161003/tools/bin/../lib/gcc/arm-none-eabi/10.3.1/thumb/v7-m/nofp/crti.o
 .bss           0x0000000000000000        0x0 c:/users/acer/desktop/dhbk/hk5/vxl/stm32/stm32cubeide_1.12.1/stm32cubeide/plugins/com.st.stm32cube.ide.mcu.externaltools.gnu-tools-for-stm32.10.3-2021.10.win32_1.0.200.202301161003/tools/bin/../lib/gcc/arm-none-eabi/10.3.1/thumb/v7-m/nofp/crti.o
[...]
Memory Configuration

Name             Origin             Length             Attributes
RAM              0x0000000020000000 0x0000000000002800 xrw
FLASH            0x0000000008000000 0x0000000000008000 xr
*default*        0x0000000000000000 0xffffffffffffffff

Linker script and memory map

LOAD c:/users/acer/desktop/dhbk/hk5/vxl/stm32/stm32cubeide_1.12.1/stm32cubeide/plugins/com.st.stm32cube.ide.mcu.externaltools.gnu-tools-for-stm32.10.3-2021.10.win32_1.0.200.202301161003/tools/bin/../lib/gcc/arm-none-eabi/10.3.1/thumb/v7-m/nofp/crti.o
LOAD c:/users/acer/desktop/dhbk/hk5/vxl/stm32/stm32cubeide_1.12.1/stm32cubeide/plugins/com.st.stm32cube.ide.mcu.externaltools.gnu-tools-for-stm32.10.3-2021.10.win32_1.0.200.202301161003/tools/bin/../lib/gcc/arm-none-eabi/10.3.1/thumb/v7-m/nofp/crtbegin.o
LOAD c:/users/acer/desktop/dhbk/hk5/vxl/stm32/stm32cubeide_1.12.1/stm32cubeide/plugins/com.st.stm32cube.ide.mcu.externaltools.gnu-tools-for-stm32.10.3-2021.10.win32_1.0.200.202301161003/tools/bin/../lib/gcc/arm-none-eabi/10.3.1/../../../../arm-none-eabi/lib/thumb/v7-m/nofp/crt0.o
LOAD ./Core/Src/button.o
LOAD ./Core/Src/deviceDriver7Segment.o
LOAD ./Core/Src/deviceDriverSingleLed.o
LOAD ./Core/Src/ledWalk.o
LOAD ./Core/Src/main.o
LOAD ./Core/Src/manualMode.o
LOAD ./Core/Src/normalMode.o
LOAD ./Core/Src/physicalBuzzer.o
LOAD ./Core/Src/physicalSingleLed.o
LOAD ./Core/Src/softwareTimer.o
LOAD ./Core/Src/stm32f1xx_hal_msp.o
LOAD ./Core/Src/stm32f1xx_it.o
LOAD ./Core/Src/syscalls.o
LOAD ./Core/Src/sysmem.o
LOAD ./Core/Src/system_stm32f1xx.o
LOAD ./Core/Src/tuningMode.o
LOAD ./Core/Startup/startup_stm32f103c6ux.o
LOAD ./Drivers/STM32F1xx_HAL_Driver/Src/stm32f1xx_hal.o
LOAD ./Drivers/STM32F1xx_HAL_Driver/Src/stm32f1xx_hal_cortex.o
LOAD ./Drivers/STM32F1xx_HAL_Driver/Src/stm32f1xx_hal_dma.o
LOAD ./Drivers/STM32F1xx_HAL_Driver/Src/stm32f1xx_hal_exti.o
LOAD ./Drivers/STM32F1xx_HAL_Driver/Src/stm32f1xx_hal_flash.o
LOAD ./Drivers/STM32F1xx_HAL_Driver/Src/stm32f1xx_hal_flash_ex.o
LOAD ./Drivers/STM32F1xx_HAL_Driver/Src/stm32f1xx_hal_gpio.o
LOAD ./Drivers/STM32F1xx_HAL_Driver/Src/stm32f1xx_hal_gpio_ex.o
LOAD ./Drivers/STM32F1xx_HAL_Driver/Src/stm32f1xx_hal_pwr.o
LOAD ./Drivers/STM32F1xx_HAL_Driver/Src/stm32f1xx_hal_rcc.o
LOAD ./Drivers/STM32F1xx_HAL_Driver/Src/stm32f1xx_hal_rcc_ex.o
LOAD ./Drivers/STM32F1xx_HAL_Driver/Src/stm32f1xx_hal_tim.o
LOAD ./Drivers/STM32F1xx_HAL_Driver/Src/stm32f1xx_hal_tim_ex.o
LOAD ./Drivers/STM32F1xx_HAL_Driver/Src/stm32f1xx_hal_uart.o
START GROUP
LOAD c:/users/acer/desktop/dhbk/hk5/vxl/stm32/stm32cubeide_1.12.1/stm32cubeide/plugins/com.st.stm32cube.ide.mcu.externaltools.gnu-tools-for-stm32.10.3-2021.10.win32_1.0.200.202301161003/tools/bin/../lib/gcc/arm-none-eabi/10.3.1/../../../../arm-none-eabi/lib/thumb/v7-m/nofp\libc_nano.a
LOAD c:/users/acer/desktop/dhbk/hk5/vxl/stm32/stm32cubeide_1.12.1/stm32cubeide/plugins/com.st.stm32cube.ide.mcu.externaltools.gnu-tools-for-stm32.10.3-2021.10.win32_1.0.200.202301161003/tools/bin/../lib/gcc/arm-none-eabi/10.3.1/../../../../arm-none-eabi/lib/thumb/v7-m/nofp\libm.a
END GROUP
START GROUP
LOAD c:/users/acer/desktop/dhbk/hk5/vxl/stm32/stm32cubeide_1.12.1/stm32cubeide/plugins/com.st.stm32cube.ide.mcu.externaltools.gnu-tools-for-stm32.10.3-2021.10.win32_1.0.200.202301161003/tools/bin/../lib/gcc/arm-none-eabi/10.3.1/thumb/v7-m/nofp\libgcc.a
LOAD c:/users/acer/desktop/dhbk/hk5/vxl/stm32/stm32cubeide_1.12.1/stm32cubeide/plugins/com.st.stm32cube.ide.mcu.externaltools.gnu-tools-for-stm32.10.3-2021.10.win32_1.0.200.202301161003/tools/bin/../lib/gcc/arm-none-eabi/10.3.1/../../../../arm-none-eabi/lib/thumb/v7-m/nofp\libc_nano.a
END GROUP
START GROUP
LOAD c:/users/acer/desktop/dhbk/hk5/vxl/stm32/stm32cubeide_1.12.1/stm32cubeide/plugins/com.st.stm32cube.ide.mcu.externaltools.gnu-tools-for-stm32.10.3-2021.10.win32_1.0.200.202301161003/tools/bin/../lib/gcc/arm-none-eabi/10.3.1/thumb/v7-m/nofp\libgcc.a
LOAD c:/users/acer/desktop/dhbk/hk5/vxl/stm32/stm32cubeide_1.12.1/stm32cubeide/plugins/com.st.stm32cube.ide.mcu.externaltools.gnu-tools-for-stm32.10.3-2021.10.win32_1.0.200.202301161003/tools/bin/../lib/gcc/arm-none-eabi/10.3.1/../../../../arm-none-eabi/lib/thumb/v7-m/nofp\libc_nano.a
LOAD c:/users/acer/desktop/dhbk/hk5/vxl/stm32/stm32cubeide_1.12.1/stm32cubeide/plugins/com.st.stm32cube.ide.mcu.externaltools.gnu-tools-for-stm32.10.3-2021.10.win32_1.0.200.202301161003/tools/bin/../lib/gcc/arm-none-eabi/10.3.1/../../../../arm-none-eabi/lib/thumb/v7-m/nofp\libnosys.a
END GROUP
START GROUP
LOAD c:/users/acer/desktop/dhbk/hk5/vxl/stm32/stm32cubeide_1.12.1/stm32cubeide/plugins/com.st.stm32cube.ide.mcu.externaltools.gnu-tools-for-stm32.10.3-2021.10.win32_1.0.200.202301161003/tools/bin/../lib/gcc/arm-none-eabi/10.3.1/thumb/v7-m/nofp\libgcc.a
LOAD c:/users/acer/desktop/dhbk/hk5/vxl/stm32/stm32cubeide_1.12.1/stm32cubeide/plugins/com.st.stm32cube.ide.mcu.externaltools.gnu-tools-for-stm32.10.3-2021.10.win32_1.0.200.202301161003/tools/bin/../lib/gcc/arm-none-eabi/10.3.1/../../../../arm-none-eabi/lib/thumb/v7-m/nofp\libc_nano.a
LOAD c:/users/acer/desktop/dhbk/hk5/vxl/stm32/stm32cubeide_1.12.1/stm32cubeide/plugins/com.st.stm32cube.ide.mcu.externaltools.gnu-tools-for-stm32.10.3-2021.10.win32_1.0.200.202301161003/tools/bin/../lib/gcc/arm-none-eabi/10.3.1/../../../../arm-none-eabi/lib/thumb/v7-m/nofp\libnosys.a
END GROUP
LOAD c:/users/acer/desktop/dhbk/hk5/vxl/stm32/stm32cubeide_1.12.1/stm32cubeide/plugins/com.st.stm32cube.ide.mcu.externaltools.gnu-tools-for-stm32.10.3-2021.10.win32_1.0.200.202301161003/tools/bin/../lib/gcc/arm-none-eabi/10.3.1/thumb/v7-m/nofp/crtend.o
LOAD c:/users/acer/desktop/dhbk/hk5/vxl/stm32/stm32cubeide_1.12.1/stm32cubeide/plugins/com.st.stm32cube.ide.mcu.externaltools.gnu-tools-for-stm32.10.3-2021.10.win32_1.0.200.202301161003/tools/bin/../lib/gcc/arm-none-eabi/10.3.1/thumb/v7-m/nofp/crtn.o
                0x0000000020002800                _estack = (ORIGIN (RAM) + LENGTH (RAM))
                0x0000000000000200                _Min_Heap_Size = 0x200
                0x0000000000000400                _Min_Stack_Size = 0x400

.isr_vector     0x0000000008000000      0x10c
                0x0000000008000000                . = ALIGN (0x4)
 *(.isr_vector)
 .isr_vector    0x0000000008000000      0x10c ./Core/Startup/startup_stm32f103c6ux.o
                0x0000000008000000                g_pfnVectors
                0x000000000800010c                . = ALIGN (0x4)

.text           0x000000000800010c     0x3c4c
                0x000000000800010c                . = ALIGN (0x4)
 *(.text)
 .text          0x000000000800010c       0x40 c:/users/acer/desktop/dhbk/hk5/vxl/stm32/stm32cubeide_1.12.1/stm32cubeide/plugins/com.st.stm32cube.ide.mcu.externaltools.gnu-tools-for-stm32.10.3-2021.10.win32_1.0.200.202301161003/tools/bin/../lib/gcc/arm-none-eabi/10.3.1/thumb/v7-m/nofp/crtbegin.o
 *(.text*)
 .text.getKeyInput
                0x000000000800014c       0x90 ./Core/Src/button.o
                0x000000000800014c                getKeyInput
 .text.update7SEGBuffer
                0x00000000080001dc       0xa0 ./Core/Src/deviceDriver7Segment.o
                0x00000000080001dc                update7SEGBuffer
 .text.update7SEGBufferTraffic1
                0x000000000800027c       0x18 ./Core/Src/deviceDriver7Segment.o
                0x000000000800027c                update7SEGBufferTraffic1
 .text.update7SEGBufferTraffic2
                0x0000000008000294       0x18 ./Core/Src/deviceDriver7Segment.o
                0x0000000008000294                update7SEGBufferTraffic2
 .text.onSingleRedTraffic1
                0x00000000080002ac       0x10 ./Core/Src/deviceDriverSingleLed.o
                0x00000000080002ac                onSingleRedTraffic1
 .text.onSingleYellowTraffic1
                0x00000000080002bc       0x10 ./Core/Src/deviceDriverSingleLed.o
                0x00000000080002bc                onSingleYellowTraffic1
 .text.onSingleGreenTraffic1
                0x00000000080002cc       0x10 ./Core/Src/deviceDriverSingleLed.o
                0x00000000080002cc                onSingleGreenTraffic1
 .text.onSingleRedTraffic2
                0x00000000080002dc       0x10 ./Core/Src/deviceDriverSingleLed.o
                0x00000000080002dc                onSingleRedTraffic2
 .text.onSingleYellowTraffic2
                0x00000000080002ec       0x10 ./Core/Src/deviceDriverSingleLed.o
                0x00000000080002ec                onSingleYellowTraffic2
 .text.onSingleGreenTraffic2
                0x00000000080002fc       0x10 ./Core/Src/deviceDriverSingleLed.o
                0x00000000080002fc                onSingleGreenTraffic2
 .text.runLedWalkMode
                0x000000000800030c       0x44 ./Core/Src/ledWalk.o
                0x000000000800030c                runLedWalkMode
 .text.HAL_UART_RxCpltCallback
                0x0000000008000350       0x6c ./Core/Src/main.o
                0x0000000008000350                HAL_UART_RxCpltCallback
 .text.SCH_Add_Task
                0x00000000080003bc      0x1e4 ./Core/Src/main.o
                0x00000000080003bc                SCH_Add_Task
 .text.toggleLED
                0x00000000080005a0       0x14 ./Core/Src/main.o
                0x00000000080005a0                toggleLED
 .text.buzzerOn
                0x00000000080005b4       0x18 ./Core/Src/main.o
                0x00000000080005b4                buzzerOn
 .text.buzzerOff
                0x00000000080005cc       0x24 ./Core/Src/main.o
                0x00000000080005cc                buzzerOff
 .text.main     0x00000000080005f0       0xb4 ./Core/Src/main.o
                0x00000000080005f0                main
 .text.SystemClock_Config
                0x00000000080006a4       0x76 ./Core/Src/main.o
                0x00000000080006a4                SystemClock_Config
 *fill*         0x000000000800071a        0x2 
 .text.MX_TIM2_Init
                0x000000000800071c       0xec ./Core/Src/main.o
 .text.MX_USART2_UART_Init
                0x0000000008000808       0x54 ./Core/Src/main.o
 .text.MX_GPIO_Init
                0x000000000800085c       0xcc ./Core/Src/main.o
 .text.HAL_TIM_PeriodElapsedCallback
                0x0000000008000928       0x18 ./Core/Src/main.o
                0x0000000008000928                HAL_TIM_PeriodElapsedCallback
 .text.Error_Handler
                0x0000000008000940        0xa ./Core/Src/main.o
                0x0000000008000940                Error_Handler
 *fill*         0x000000000800094a        0x2 
 .text.runNormalMode
                0x000000000800094c      0x2a4 ./Core/Src/normalMode.o
                0x000000000800094c                runNormalMode
 .text.controlSingleLed
                0x0000000008000bf0      0x204 ./Core/Src/physicalSingleLed.o
                0x0000000008000bf0                controlSingleLed
 .text.WALKON   0x0000000008000df4       0x18 ./Core/Src/physicalSingleLed.o
                0x0000000008000df4                WALKON
 .text.WALKOFF  0x0000000008000e0c       0x18 ./Core/Src/physicalSingleLed.o
                0x0000000008000e0c                WALKOFF
 .text.runTimer
                0x0000000008000e24       0xd4 ./Core/Src/softwareTimer.o
                0x0000000008000e24                runTimer
 .text.setTimer1
                0x0000000008000ef8       0x28 ./Core/Src/softwareTimer.o
                0x0000000008000ef8                setTimer1
 .text.setTimerWalk
                0x0000000008000f20       0x28 ./Core/Src/softwareTimer.o
                0x0000000008000f20                setTimerWalk
 .text.HAL_MspInit
                0x0000000008000f48       0x64 ./Core/Src/stm32f1xx_hal_msp.o
                0x0000000008000f48                HAL_MspInit
 .text.HAL_TIM_Base_MspInit
                0x0000000008000fac       0x48 ./Core/Src/stm32f1xx_hal_msp.o
                0x0000000008000fac                HAL_TIM_Base_MspInit
 .text.HAL_TIM_MspPostInit
                0x0000000008000ff4       0x60 ./Core/Src/stm32f1xx_hal_msp.o
                0x0000000008000ff4                HAL_TIM_MspPostInit
 .text.HAL_UART_MspInit
                0x0000000008001054       0xa4 ./Core/Src/stm32f1xx_hal_msp.o
                0x0000000008001054                HAL_UART_MspInit
 .text.NMI_Handler
                0x00000000080010f8        0x6 ./Core/Src/stm32f1xx_it.o
                0x00000000080010f8                NMI_Handler
 .text.HardFault_Handler
                0x00000000080010fe        0x6 ./Core/Src/stm32f1xx_it.o
                0x00000000080010fe                HardFault_Handler
 .text.MemManage_Handler
                0x0000000008001104        0x6 ./Core/Src/stm32f1xx_it.o
                0x0000000008001104                MemManage_Handler
 .text.BusFault_Handler
                0x000000000800110a        0x6 ./Core/Src/stm32f1xx_it.o
                0x000000000800110a                BusFault_Handler
 .text.UsageFault_Handler
                0x0000000008001110        0x6 ./Core/Src/stm32f1xx_it.o
                0x0000000008001110                UsageFault_Handler
 .text.SVC_Handler
                0x0000000008001116        0xc ./Core/Src/stm32f1xx_it.o
                0x0000000008001116                SVC_Handler
 .text.DebugMon_Handler
                0x0000000008001122        0xc ./Core/Src/stm32f1xx_it.o
                0x0000000008001122                DebugMon_Handler
 .text.PendSV_Handler
                0x000000000800112e        0xc ./Core/Src/stm32f1xx_it.o
                0x000000000800112e                PendSV_Handler
 .text.SysTick_Handler
                0x000000000800113a        0xc ./Core/Src/stm32f1xx_it.o
                0x000000000800113a                SysTick_Handler
 *fill*         0x0000000008001146        0x2 
 .text.TIM2_IRQHandler
                0x0000000008001148       0x14 ./Core/Src/stm32f1xx_it.o
                0x0000000008001148                TIM2_IRQHandler
 .text.USART2_IRQHandler
                0x000000000800115c       0x14 ./Core/Src/stm32f1xx_it.o
                0x000000000800115c                USART2_IRQHandler
 .text.SystemInit
                0x0000000008001170        0xc ./Core/Src/system_stm32f1xx.o
                0x0000000008001170                SystemInit
 .text.Reset_Handler
                0x000000000800117c       0x48 ./Core/Startup/startup_stm32f103c6ux.o
                0x000000000800117c                Reset_Handler
 .text.Default_Handler
                0x00000000080011c4        0x2 ./Core/Startup/startup_stm32f103c6ux.o
                0x00000000080011c4                RTC_Alarm_IRQHandler
                0x00000000080011c4                EXTI2_IRQHandler
                0x00000000080011c4                TIM1_CC_IRQHandler
                0x00000000080011c4                PVD_IRQHandler
                0x00000000080011c4                EXTI3_IRQHandler
                0x00000000080011c4                EXTI0_IRQHandler
                0x00000000080011c4                ADC1_2_IRQHandler
                0x00000000080011c4                SPI1_IRQHandler
                0x00000000080011c4                TAMPER_IRQHandler
                0x00000000080011c4                DMA1_Channel4_IRQHandler
                0x00000000080011c4                RTC_IRQHandler
                0x00000000080011c4                DMA1_Channel7_IRQHandler
                0x00000000080011c4                CAN1_RX1_IRQHandler
                0x00000000080011c4                I2C1_EV_IRQHandler
                0x00000000080011c4                DMA1_Channel6_IRQHandler
                0x00000000080011c4                TIM3_IRQHandler
                0x00000000080011c4                RCC_IRQHandler
                0x00000000080011c4                TIM1_TRG_COM_IRQHandler
                0x00000000080011c4                DMA1_Channel1_IRQHandler
                0x00000000080011c4                Default_Handler
                0x00000000080011c4                EXTI15_10_IRQHandler
                0x00000000080011c4                EXTI9_5_IRQHandler
                0x00000000080011c4                DMA1_Channel5_IRQHandler
                0x00000000080011c4                EXTI4_IRQHandler
                0x00000000080011c4                USB_LP_CAN1_RX0_IRQHandler
                0x00000000080011c4                USB_HP_CAN1_TX_IRQHandler
                0x00000000080011c4                DMA1_Channel3_IRQHandler
                0x00000000080011c4                TIM1_UP_IRQHandler
                0x00000000080011c4                WWDG_IRQHandler
                0x00000000080011c4                TIM1_BRK_IRQHandler
                0x00000000080011c4                EXTI1_IRQHandler
                0x00000000080011c4                DMA1_Channel2_IRQHandler
                0x00000000080011c4                CAN1_SCE_IRQHandler
                0x00000000080011c4                FLASH_IRQHandler
                0x00000000080011c4                USART1_IRQHandler
                0x00000000080011c4                I2C1_ER_IRQHandler
                0x00000000080011c4                USBWakeUp_IRQHandler
 *fill*         0x00000000080011c6        0x2 
 .text.HAL_Init
                0x00000000080011c8       0x2c ./Drivers/STM32F1xx_HAL_Driver/Src/stm32f1xx_hal.o
                0x00000000080011c8                HAL_Init
 .text.HAL_InitTick
                0x00000000080011f4       0x60 ./Drivers/STM32F1xx_HAL_Driver/Src/stm32f1xx_hal.o
                0x00000000080011f4                HAL_InitTick
 .text.HAL_IncTick
                0x0000000008001254       0x24 ./Drivers/STM32F1xx_HAL_Driver/Src/stm32f1xx_hal.o
                0x0000000008001254                HAL_IncTick
 .text.HAL_GetTick
                0x0000000008001278       0x14 ./Drivers/STM32F1xx_HAL_Driver/Src/stm32f1xx_hal.o
                0x0000000008001278                HAL_GetTick
 .text.HAL_Delay
                0x000000000800128c       0x48 ./Drivers/STM32F1xx_HAL_Driver/Src/stm32f1xx_hal.o
                0x000000000800128c                HAL_Delay
 .text.__NVIC_SetPriorityGrouping
                0x00000000080012d4       0x48 ./Drivers/STM32F1xx_HAL_Driver/Src/stm32f1xx_hal_cortex.o
 .text.__NVIC_GetPriorityGrouping
                0x000000000800131c       0x1c ./Drivers/STM32F1xx_HAL_Driver/Src/stm32f1xx_hal_cortex.o
 .text.__NVIC_EnableIRQ
                0x0000000008001338       0x38 ./Drivers/STM32F1xx_HAL_Driver/Src/stm32f1xx_hal_cortex.o
 .text.__NVIC_SetPriority
                0x0000000008001370       0x54 ./Drivers/STM32F1xx_HAL_Driver/Src/stm32f1xx_hal_cortex.o
 .text.NVIC_EncodePriority
                0x00000000080013c4       0x64 ./Drivers/STM32F1xx_HAL_Driver/Src/stm32f1xx_hal_cortex.o
 .text.SysTick_Config
                0x0000000008001428       0x44 ./Drivers/STM32F1xx_HAL_Driver/Src/stm32f1xx_hal_cortex.o
 .text.HAL_NVIC_SetPriorityGrouping
                0x000000000800146c       0x16 ./Drivers/STM32F1xx_HAL_Driver/Src/stm32f1xx_hal_cortex.o
                0x000000000800146c                HAL_NVIC_SetPriorityGrouping
 .text.HAL_NVIC_SetPriority
                0x0000000008001482       0x38 ./Drivers/STM32F1xx_HAL_Driver/Src/stm32f1xx_hal_cortex.o
                0x0000000008001482                HAL_NVIC_SetPriority
 .text.HAL_NVIC_EnableIRQ
                0x00000000080014ba       0x1c ./Drivers/STM32F1xx_HAL_Driver/Src/stm32f1xx_hal_cortex.o
                0x00000000080014ba                HAL_NVIC_EnableIRQ
 .text.HAL_SYSTICK_Config
                0x00000000080014d6       0x18 ./Drivers/STM32F1xx_HAL_Driver/Src/stm32f1xx_hal_cortex.o
                0x00000000080014d6                HAL_SYSTICK_Config
 .text.HAL_DMA_Abort
                0x00000000080014ee       0x76 ./Drivers/STM32F1xx_HAL_Driver/Src/stm32f1xx_hal_dma.o
                0x00000000080014ee                HAL_DMA_Abort
 .text.HAL_DMA_Abort_IT
                0x0000000008001564       0xf0 ./Drivers/STM32F1xx_HAL_Driver/Src/stm32f1xx_hal_dma.o
                0x0000000008001564                HAL_DMA_Abort_IT
 .text.HAL_GPIO_Init
                0x0000000008001654      0x2f8 ./Drivers/STM32F1xx_HAL_Driver/Src/stm32f1xx_hal_gpio.o
                0x0000000008001654                HAL_GPIO_Init
 .text.HAL_GPIO_ReadPin
                0x000000000800194c       0x2e ./Drivers/STM32F1xx_HAL_Driver/Src/stm32f1xx_hal_gpio.o
                0x000000000800194c                HAL_GPIO_ReadPin
 .text.HAL_GPIO_WritePin
                0x000000000800197a       0x30 ./Drivers/STM32F1xx_HAL_Driver/Src/stm32f1xx_hal_gpio.o
                0x000000000800197a                HAL_GPIO_WritePin
 .text.HAL_GPIO_TogglePin
                0x00000000080019aa       0x32 ./Drivers/STM32F1xx_HAL_Driver/Src/stm32f1xx_hal_gpio.o
                0x00000000080019aa                HAL_GPIO_TogglePin
 .text.HAL_RCC_OscConfig
                0x00000000080019dc      0x504 ./Drivers/STM32F1xx_HAL_Driver/Src/stm32f1xx_hal_rcc.o
                0x00000000080019dc                HAL_RCC_OscConfig
 .text.HAL_RCC_ClockConfig
                0x0000000008001ee0      0x1d4 ./Drivers/STM32F1xx_HAL_Driver/Src/stm32f1xx_hal_rcc.o
                0x0000000008001ee0                HAL_RCC_ClockConfig
 .text.HAL_RCC_GetSysClockFreq
                0x00000000080020b4       0xa8 ./Drivers/STM32F1xx_HAL_Driver/Src/stm32f1xx_hal_rcc.o
                0x00000000080020b4                HAL_RCC_GetSysClockFreq
 .text.HAL_RCC_GetHCLKFreq
                0x000000000800215c       0x14 ./Drivers/STM32F1xx_HAL_Driver/Src/stm32f1xx_hal_rcc.o
                0x000000000800215c                HAL_RCC_GetHCLKFreq
 .text.HAL_RCC_GetPCLK1Freq
                0x0000000008002170       0x28 ./Drivers/STM32F1xx_HAL_Driver/Src/stm32f1xx_hal_rcc.o
                0x0000000008002170                HAL_RCC_GetPCLK1Freq
 .text.HAL_RCC_GetPCLK2Freq
                0x0000000008002198       0x28 ./Drivers/STM32F1xx_HAL_Driver/Src/stm32f1xx_hal_rcc.o
                0x0000000008002198                HAL_RCC_GetPCLK2Freq
 .text.RCC_Delay
                0x00000000080021c0       0x3c ./Drivers/STM32F1xx_HAL_Driver/Src/stm32f1xx_hal_rcc.o
 .text.HAL_TIM_Base_Init
                0x00000000080021fc       0x9e ./Drivers/STM32F1xx_HAL_Driver/Src/stm32f1xx_hal_tim.o
                0x00000000080021fc                HAL_TIM_Base_Init
 .text.HAL_TIM_PWM_Init
                0x000000000800229a       0x9e ./Drivers/STM32F1xx_HAL_Driver/Src/stm32f1xx_hal_tim.o
                0x000000000800229a                HAL_TIM_PWM_Init
 .text.HAL_TIM_PWM_MspInit
                0x0000000008002338       0x12 ./Drivers/STM32F1xx_HAL_Driver/Src/stm32f1xx_hal_tim.o
                0x0000000008002338                HAL_TIM_PWM_MspInit
 *fill*         0x000000000800234a        0x2 
 .text.HAL_TIM_PWM_Start
                0x000000000800234c      0x138 ./Drivers/STM32F1xx_HAL_Driver/Src/stm32f1xx_hal_tim.o
                0x000000000800234c                HAL_TIM_PWM_Start
 .text.HAL_TIM_IRQHandler
                0x0000000008002484      0x210 ./Drivers/STM32F1xx_HAL_Driver/Src/stm32f1xx_hal_tim.o
                0x0000000008002484                HAL_TIM_IRQHandler
 .text.HAL_TIM_PWM_ConfigChannel
                0x0000000008002694      0x184 ./Drivers/STM32F1xx_HAL_Driver/Src/stm32f1xx_hal_tim.o
                0x0000000008002694                HAL_TIM_PWM_ConfigChannel
 .text.HAL_TIM_ConfigClockSource
                0x0000000008002818      0x18e ./Drivers/STM32F1xx_HAL_Driver/Src/stm32f1xx_hal_tim.o
                0x0000000008002818                HAL_TIM_ConfigClockSource
 .text.HAL_TIM_OC_DelayElapsedCallback
                0x00000000080029a6       0x12 ./Drivers/STM32F1xx_HAL_Driver/Src/stm32f1xx_hal_tim.o
                0x00000000080029a6                HAL_TIM_OC_DelayElapsedCallback
 .text.HAL_TIM_IC_CaptureCallback
                0x00000000080029b8       0x12 ./Drivers/STM32F1xx_HAL_Driver/Src/stm32f1xx_hal_tim.o
                0x00000000080029b8                HAL_TIM_IC_CaptureCallback
 .text.HAL_TIM_PWM_PulseFinishedCallback
                0x00000000080029ca       0x12 ./Drivers/STM32F1xx_HAL_Driver/Src/stm32f1xx_hal_tim.o
                0x00000000080029ca                HAL_TIM_PWM_PulseFinishedCallback
 .text.HAL_TIM_TriggerCallback
                0x00000000080029dc       0x12 ./Drivers/STM32F1xx_HAL_Driver/Src/stm32f1xx_hal_tim.o
                0x00000000080029dc                HAL_TIM_TriggerCallback
 *fill*         0x00000000080029ee        0x2 
 .text.TIM_Base_SetConfig
                0x00000000080029f0       0xb0 ./Drivers/STM32F1xx_HAL_Driver/Src/stm32f1xx_hal_tim.o
                0x00000000080029f0                TIM_Base_SetConfig
 .text.TIM_OC1_SetConfig
                0x0000000008002aa0       0xcc ./Drivers/STM32F1xx_HAL_Driver/Src/stm32f1xx_hal_tim.o
 .text.TIM_OC2_SetConfig
                0x0000000008002b6c       0xd4 ./Drivers/STM32F1xx_HAL_Driver/Src/stm32f1xx_hal_tim.o
                0x0000000008002b6c                TIM_OC2_SetConfig
 .text.TIM_OC3_SetConfig
                0x0000000008002c40       0xd4 ./Drivers/STM32F1xx_HAL_Driver/Src/stm32f1xx_hal_tim.o
 .text.TIM_OC4_SetConfig
                0x0000000008002d14       0x9c ./Drivers/STM32F1xx_HAL_Driver/Src/stm32f1xx_hal_tim.o
 .text.TIM_TI1_ConfigInputStage
                0x0000000008002db0       0x5c ./Drivers/STM32F1xx_HAL_Driver/Src/stm32f1xx_hal_tim.o
 .text.TIM_TI2_ConfigInputStage
                0x0000000008002e0c       0x5e ./Drivers/STM32F1xx_HAL_Driver/Src/stm32f1xx_hal_tim.o
 .text.TIM_ITRx_SetConfig
                0x0000000008002e6a       0x34 ./Drivers/STM32F1xx_HAL_Driver/Src/stm32f1xx_hal_tim.o
 .text.TIM_ETR_SetConfig
                0x0000000008002e9e       0x3e ./Drivers/STM32F1xx_HAL_Driver/Src/stm32f1xx_hal_tim.o
                0x0000000008002e9e                TIM_ETR_SetConfig
 .text.TIM_CCxChannelCmd
                0x0000000008002edc       0x48 ./Drivers/STM32F1xx_HAL_Driver/Src/stm32f1xx_hal_tim.o
                0x0000000008002edc                TIM_CCxChannelCmd
 .text.HAL_TIMEx_MasterConfigSynchronization
                0x0000000008002f24       0xb0 ./Drivers/STM32F1xx_HAL_Driver/Src/stm32f1xx_hal_tim_ex.o
                0x0000000008002f24                HAL_TIMEx_MasterConfigSynchronization
 .text.HAL_TIMEx_CommutCallback
                0x0000000008002fd4       0x12 ./Drivers/STM32F1xx_HAL_Driver/Src/stm32f1xx_hal_tim_ex.o
                0x0000000008002fd4                HAL_TIMEx_CommutCallback
 .text.HAL_TIMEx_BreakCallback
                0x0000000008002fe6       0x12 ./Drivers/STM32F1xx_HAL_Driver/Src/stm32f1xx_hal_tim_ex.o
                0x0000000008002fe6                HAL_TIMEx_BreakCallback
 .text.HAL_UART_Init
                0x0000000008002ff8       0xa0 ./Drivers/STM32F1xx_HAL_Driver/Src/stm32f1xx_hal_uart.o
                0x0000000008002ff8                HAL_UART_Init
 .text.HAL_UART_Transmit
                0x0000000008003098      0x106 ./Drivers/STM32F1xx_HAL_Driver/Src/stm32f1xx_hal_uart.o
                0x0000000008003098                HAL_UART_Transmit
 .text.HAL_UART_Receive_IT
                0x000000000800319e       0x4a ./Drivers/STM32F1xx_HAL_Driver/Src/stm32f1xx_hal_uart.o
                0x000000000800319e                HAL_UART_Receive_IT
 .text.HAL_UART_IRQHandler
                0x00000000080031e8      0x524 ./Drivers/STM32F1xx_HAL_Driver/Src/stm32f1xx_hal_uart.o
                0x00000000080031e8                HAL_UART_IRQHandler
 .text.HAL_UART_TxCpltCallback
                0x000000000800370c       0x12 ./Drivers/STM32F1xx_HAL_Driver/Src/stm32f1xx_hal_uart.o
                0x000000000800370c                HAL_UART_TxCpltCallback
 .text.HAL_UART_ErrorCallback
                0x000000000800371e       0x12 ./Drivers/STM32F1xx_HAL_Driver/Src/stm32f1xx_hal_uart.o
                0x000000000800371e                HAL_UART_ErrorCallback
 .text.HAL_UARTEx_RxEventCallback
                0x0000000008003730       0x16 ./Drivers/STM32F1xx_HAL_Driver/Src/stm32f1xx_hal_uart.o
                0x0000000008003730                HAL_UARTEx_RxEventCallback
 .text.UART_WaitOnFlagUntilTimeout
                0x0000000008003746       0xdc ./Drivers/STM32F1xx_HAL_Driver/Src/stm32f1xx_hal_uart.o
 .text.UART_Start_Receive_IT
                0x0000000008003822       0x72 ./Drivers/STM32F1xx_HAL_Driver/Src/stm32f1xx_hal_uart.o
                0x0000000008003822                UART_Start_Receive_IT
 .text.UART_EndRxTransfer
                0x0000000008003894       0xc4 ./Drivers/STM32F1xx_HAL_Driver/Src/stm32f1xx_hal_uart.o
 .text.UART_DMAAbortOnError
                0x0000000008003958       0x28 ./Drivers/STM32F1xx_HAL_Driver/Src/stm32f1xx_hal_uart.o
 .text.UART_Transmit_IT
                0x0000000008003980       0x9e ./Drivers/STM32F1xx_HAL_Driver/Src/stm32f1xx_hal_uart.o
 .text.UART_EndTransmit_IT
                0x0000000008003a1e       0x30 ./Drivers/STM32F1xx_HAL_Driver/Src/stm32f1xx_hal_uart.o
 .text.UART_Receive_IT
                0x0000000008003a4e      0x17c ./Drivers/STM32F1xx_HAL_Driver/Src/stm32f1xx_hal_uart.o
 *fill*         0x0000000008003bca        0x2 
 .text.UART_SetConfig
                0x0000000008003bcc      0x11c ./Drivers/STM32F1xx_HAL_Driver/Src/stm32f1xx_hal_uart.o
 .text.__libc_init_array
                0x0000000008003ce8       0x48 c:/users/acer/desktop/dhbk/hk5/vxl/stm32/stm32cubeide_1.12.1/stm32cubeide/plugins/com.st.stm32cube.ide.mcu.externaltools.gnu-tools-for-stm32.10.3-2021.10.win32_1.0.200.202301161003/tools/bin/../lib/gcc/arm-none-eabi/10.3.1/../../../../arm-none-eabi/lib/thumb/v7-m/nofp\libc_nano.a(lib_a-init.o)
                0x0000000008003ce8                __libc_init_array
 .text.memset   0x0000000008003d30       0x10 c:/users/acer/desktop/dhbk/hk5/vxl/stm32/stm32cubeide_1.12.1/stm32cubeide/plugins/com.st.stm32cube.ide.mcu.externaltools.gnu-tools-for-stm32.10.3-2021.10.win32_1.0.200.202301161003/tools/bin/../lib/gcc/arm-none-eabi/10.3.1/../../../../arm-none-eabi/lib/thumb/v7-m/nofp\libc_nano.a(lib_a-memset.o)
                0x0000000008003d30                memset
 *(.glue_7)
 .glue_7        0x0000000008003d40        0x0 linker stubs
 *(.glue_7t)
 .glue_7t       0x0000000008003d40        0x0 linker stubs
 *(.eh_frame)
 .eh_frame      0x0000000008003d40        0x0 c:/users/acer/desktop/dhbk/hk5/vxl/stm32/stm32cubeide_1.12.1/stm32cubeide/plugins/com.st.stm32cube.ide.mcu.externaltools.gnu-tools-for-stm32.10.3-2021.10.win32_1.0.200.202301161003/tools/bin/../lib/gcc/arm-none-eabi/10.3.1/thumb/v7-m/nofp/crtbegin.o
 *(.init)
 .init          0x0000000008003d40        0x4 c:/users/acer/desktop/dhbk/hk5/vxl/stm32/stm32cubeide_1.12.1/stm32cubeide/plugins/com.st.stm32cube.ide.mcu.externaltools.gnu-tools-for-stm32.10.3-2021.10.win32_1.0.200.202301161003/tools/bin/../lib/gcc/arm-none-eabi/10.3.1/thumb/v7-m/nofp/crti.o
                0x0000000008003d40                _init
 .init          0x0000000008003d44        0x8 c:/users/acer/desktop/dhbk/hk5/vxl/stm32/stm32cubeide_1.12.1/stm32cubeide/plugins/com.st.stm32cube.ide.mcu.externaltools.gnu-tools-for-stm32.10.3-2021.10.win32_1.0.200.202301161003/tools/bin/../lib/gcc/arm-none-eabi/10.3.1/thumb/v7-m/nofp/crtn.o
 *(.fini)
 .fini          0x0000000008003d4c        0x4 c:/users/acer/desktop/dhbk/hk5/vxl/stm32/stm32cubeide_1.12.1/stm32cubeide/plugins/com.st.stm32cube.ide.mcu.externaltools.gnu-tools-for-stm32.10.3-2021.10.win32_1.0.200.202301161003/tools/bin/../lib/gcc/arm-none-eabi/10.3.1/thumb/v7-m/nofp/crti.o
                0x0000000008003d4c                _fini
 .fini          0x0000000008003d50        0x8 c:/users/acer/desktop/dhbk/hk5/vxl/stm32/stm32cubeide_1.12.1/stm32cubeide/plugins/com.st.stm32cube.ide.mcu.externaltools.gnu-tools-for-stm32.10.3-2021.10.win32_1.0.200.202301161003/tools/bin/../lib/gcc/arm-none-eabi/10.3.1/thumb/v7-m/nofp/crtn.o
                0x0000000008003d58                . = ALIGN (0x4)
                0x0000000008003d58                _etext = .

.vfp11_veneer   0x0000000008003d58        0x0
 .vfp11_veneer  0x0000000008003d58        0x0 linker stubs

.v4_bx          0x0000000008003d58        0x0
 .v4_bx         0x0000000008003d58        0x0 linker stubs

.iplt           0x0000000008003d58        0x0
 .iplt          0x0000000008003d58        0x0 c:/users/acer/desktop/dhbk/hk5/vxl/stm32/stm32cubeide_1.12.1/stm32cubeide/plugins/com.st.stm32cube.ide.mcu.externaltools.gnu-tools-for-stm32.10.3-2021.10.win32_1.0.200.202301161003/tools/bin/../lib/gcc/arm-none-eabi/10.3.1/thumb/v7-m/nofp/crtbegin.o

.rodata         0x0000000008003d58       0x2c
                0x0000000008003d58                . = ALIGN (0x4)
 *(.rodata)
 *(.rodata*)
 .rodata.AHBPrescTable
                0x0000000008003d58       0x10 ./Core/Src/system_stm32f1xx.o
                0x0000000008003d58                AHBPrescTable
 .rodata.APBPrescTable
                0x0000000008003d68        0x8 ./Core/Src/system_stm32f1xx.o
                0x0000000008003d68                APBPrescTable
 .rodata.aPLLMULFactorTable.1
                0x0000000008003d70       0x10 ./Drivers/STM32F1xx_HAL_Driver/Src/stm32f1xx_hal_rcc.o
 .rodata.aPredivFactorTable.0
                0x0000000008003d80        0x2 ./Drivers/STM32F1xx_HAL_Driver/Src/stm32f1xx_hal_rcc.o
                0x0000000008003d84                . = ALIGN (0x4)
 *fill*         0x0000000008003d82        0x2 

.rel.dyn        0x0000000008003d84        0x0
 .rel.iplt      0x0000000008003d84        0x0 c:/users/acer/desktop/dhbk/hk5/vxl/stm32/stm32cubeide_1.12.1/stm32cubeide/plugins/com.st.stm32cube.ide.mcu.externaltools.gnu-tools-for-stm32.10.3-2021.10.win32_1.0.200.202301161003/tools/bin/../lib/gcc/arm-none-eabi/10.3.1/thumb/v7-m/nofp/crtbegin.o

.ARM.extab      0x0000000008003d84        0x0
                0x0000000008003d84                . = ALIGN (0x4)
 *(.ARM.extab* .gnu.linkonce.armextab.*)
                0x0000000008003d84                . = ALIGN (0x4)

.ARM            0x0000000008003d84        0x0
                0x0000000008003d84                . = ALIGN (0x4)
                0x0000000008003d84                __exidx_start = .
 *(.ARM.exidx*)
                0x0000000008003d84                __exidx_end = .
                0x0000000008003d84                . = ALIGN (0x4)

.preinit_array  0x0000000008003d84        0x0
                0x0000000008003d84                . = ALIGN (0x4)
                0x0000000008003d84                PROVIDE (__preinit_array_start = .)
 *(.preinit_array*)
                0x0000000008003d84                PROVIDE (__preinit_array_end = .)
                0x0000000008003d84                . = ALIGN (0x4)

.init_array     0x0000000008003d84        0x4
                0x0000000008003d84                . = ALIGN (0x4)
                0x0000000008003d84                PROVIDE (__init_array_start = .)
 *(SORT_BY_NAME(.init_array.*))
 *(.init_array*)
 .init_array    0x0000000008003d84        0x4 c:/users/acer/desktop/dhbk/hk5/vxl/stm32/stm32cubeide_1.12.1/stm32cubeide/plugins/com.st.stm32cube.ide.mcu.externaltools.gnu-tools-for-stm32.10.3-2021.10.win32_1.0.200.202301161003/tools/bin/../lib/gcc/arm-none-eabi/10.3.1/thumb/v7-m/nofp/crtbegin.o
                0x0000000008003d88                PROVIDE (__init_array_end = .)
                0x0000000008003d88                . = ALIGN (0x4)

.fini_array     0x0000000008003d88        0x4
                0x0000000008003d88                . = ALIGN (0x4)
                [!provide]                        PROVIDE (__fini_array_start = .)
 *(SORT_BY_NAME(.fini_array.*))
 *(.fini_array*)
 .fini_array    0x0000000008003d88        0x4 c:/users/acer/desktop/dhbk/hk5/vxl/stm32/stm32cubeide_1.12.1/stm32cubeide/plugins/com.st.stm32cube.ide.mcu.externaltools.gnu-tools-for-stm32.10.3-2021.10.win32_1.0.200.202301161003/tools/bin/../lib/gcc/arm-none-eabi/10.3.1/thumb/v7-m/nofp/crtbegin.o
                [!provide]                        PROVIDE (__fini_array_end = .)
                0x0000000008003d8c                . = ALIGN (0x4)
                0x0000000008003d8c                _sidata = LOADADDR (.data)

.data           0x0000000020000000       0x48 load address 0x0000000008003d8c
                0x0000000020000000                . = ALIGN (0x4)
                0x0000000020000000                _sdata = .
 *(.data)
 *(.data*)
 .data.buttonPort
                0x0000000020000000        0xc ./Core/Src/button.o
                0x0000000020000000                buttonPort
 .data.buttonPin
                0x000000002000000c        0x6 ./Core/Src/button.o
                0x000000002000000c                buttonPin
 *fill*         0x0000000020000012        0x2 
 .data.keyReg0  0x0000000020000014        0x4 ./Core/Src/button.o
                0x0000000020000014                keyReg0
 .data.keyReg1  0x0000000020000018        0x4 ./Core/Src/button.o
                0x0000000020000018                keyReg1
 .data.keyReg2  0x000000002000001c        0x4 ./Core/Src/button.o
                0x000000002000001c                keyReg2
 .data.keyReg3  0x0000000020000020        0x4 ./Core/Src/button.o
                0x0000000020000020                keyReg3
 .data.buffer   0x0000000020000024        0x6 ./Core/Src/main.o
                0x0000000020000024                buffer
 *fill*         0x000000002000002a        0x2 
 .data.buzzerVal
                0x000000002000002c        0x4 ./Core/Src/main.o
                0x000000002000002c                buzzerVal
 .data.SystemCoreClock
                0x0000000020000030        0x4 ./Core/Src/system_stm32f1xx.o
                0x0000000020000030                SystemCoreClock
 .data.durationLedRed
                0x0000000020000034        0x4 ./Core/Src/tuningMode.o
                0x0000000020000034                durationLedRed
 .data.durationLedGreen
                0x0000000020000038        0x4 ./Core/Src/tuningMode.o
                0x0000000020000038                durationLedGreen
 .data.durationLedYellow
                0x000000002000003c        0x4 ./Core/Src/tuningMode.o
                0x000000002000003c                durationLedYellow
 .data.uwTickPrio
                0x0000000020000040        0x4 ./Drivers/STM32F1xx_HAL_Driver/Src/stm32f1xx_hal.o
                0x0000000020000040                uwTickPrio
 .data.uwTickFreq
                0x0000000020000044        0x1 ./Drivers/STM32F1xx_HAL_Driver/Src/stm32f1xx_hal.o
                0x0000000020000044                uwTickFreq
 *(.RamFunc)
 *(.RamFunc*)
                0x0000000020000048                . = ALIGN (0x4)
 *fill*         0x0000000020000045        0x3 
                0x0000000020000048                _edata = .

.igot.plt       0x0000000020000048        0x0 load address 0x0000000008003dd4
 .igot.plt      0x0000000020000048        0x0 c:/users/acer/desktop/dhbk/hk5/vxl/stm32/stm32cubeide_1.12.1/stm32cubeide/plugins/com.st.stm32cube.ide.mcu.externaltools.gnu-tools-for-stm32.10.3-2021.10.win32_1.0.200.202301161003/tools/bin/../lib/gcc/arm-none-eabi/10.3.1/thumb/v7-m/nofp/crtbegin.o
                0x0000000020000048                . = ALIGN (0x4)

.bss            0x0000000020000048      0x438 load address 0x0000000008003dd4
                0x0000000020000048                _sbss = .
                0x0000000020000048                __bss_start__ = _sbss
 *(.bss)
 .bss           0x0000000020000048       0x1c c:/users/acer/desktop/dhbk/hk5/vxl/stm32/stm32cubeide_1.12.1/stm32cubeide/plugins/com.st.stm32cube.ide.mcu.externaltools.gnu-tools-for-stm32.10.3-2021.10.win32_1.0.200.202301161003/tools/bin/../lib/gcc/arm-none-eabi/10.3.1/thumb/v7-m/nofp/crtbegin.o
 *(.bss*)
 .bss.led_buffer
                0x0000000020000064       0x14 ./Core/Src/deviceDriver7Segment.o
                0x0000000020000064                led_buffer
 .bss.walkStatus
                0x0000000020000078        0x4 ./Core/Src/ledWalk.o
                0x0000000020000078                walkStatus
 .bss.flagWalk  0x000000002000007c        0x4 ./Core/Src/ledWalk.o
                0x000000002000007c                flagWalk
 .bss.htim2     0x0000000020000080       0x48 ./Core/Src/main.o
                0x0000000020000080                htim2
 .bss.huart2    0x00000000200000c8       0x48 ./Core/Src/main.o
                0x00000000200000c8                huart2
 .bss.SCH_tasks_G
                0x0000000020000110      0x320 ./Core/Src/main.o
                0x0000000020000110                SCH_tasks_G
 .bss.temp      0x0000000020000430        0x1 ./Core/Src/main.o
                0x0000000020000430                temp
 .bss.index_buffer
                0x0000000020000431        0x1 ./Core/Src/main.o
                0x0000000020000431                index_buffer
 *fill*         0x0000000020000432        0x2 
 .bss.statusTraffic1
                0x0000000020000434        0x4 ./Core/Src/normalMode.o
                0x0000000020000434                statusTraffic1
 .bss.statusTraffic2
                0x0000000020000438        0x4 ./Core/Src/normalMode.o
                0x0000000020000438                statusTraffic2
 .bss.counterLedRed1
                0x000000002000043c        0x4 ./Core/Src/normalMode.o
                0x000000002000043c                counterLedRed1
 .bss.counterLedRed2
                0x0000000020000440        0x4 ./Core/Src/normalMode.o
                0x0000000020000440                counterLedRed2
 .bss.counterLedGreen1
                0x0000000020000444        0x4 ./Core/Src/normalMode.o
                0x0000000020000444                counterLedGreen1
 .bss.counterLedGreen2
                0x0000000020000448        0x4 ./Core/Src/normalMode.o
                0x0000000020000448                counterLedGreen2
 .bss.counterLedYellow1
                0x000000002000044c        0x4 ./Core/Src/normalMode.o
                0x000000002000044c                counterLedYellow1
 .bss.counterLedYellow2
                0x0000000020000450        0x4 ./Core/Src/normalMode.o
                0x0000000020000450                counterLedYellow2
 .bss.counter1  0x0000000020000454        0x4 ./Core/Src/softwareTimer.o
                0x0000000020000454                counter1
 .bss.flag1     0x0000000020000458        0x4 ./Core/Src/softwareTimer.o
                0x0000000020000458                flag1
 .bss.counter2  0x000000002000045c        0x4 ./Core/Src/softwareTimer.o
                0x000000002000045c                counter2
 .bss.flag2     0x0000000020000460        0x4 ./Core/Src/softwareTimer.o
                0x0000000020000460                flag2
 .bss.counter3  0x0000000020000464        0x4 ./Core/Src/softwareTimer.o
                0x0000000020000464                counter3
 .bss.flag3     0x0000000020000468        0x4 ./Core/Src/softwareTimer.o
                0x0000000020000468                flag3
 .bss.counter4  0x000000002000046c        0x4 ./Core/Src/softwareTimer.o
                0x000000002000046c                counter4
 .bss.flag4     0x0000000020000470        0x4 ./Core/Src/softwareTimer.o
                0x0000000020000470                flag4
 .bss.counterWalk
                0x0000000020000474        0x4 ./Core/Src/softwareTimer.o
                0x0000000020000474                counterWalk
 .bss.flagWalkOff
                0x0000000020000478        0x4 ./Core/Src/softwareTimer.o
                0x0000000020000478                flagWalkOff
 .bss.uwTick    0x000000002000047c        0x4 ./Drivers/STM32F1xx_HAL_Driver/Src/stm32f1xx_hal.o
                0x000000002000047c                uwTick
 *(COMMON)
                0x0000000020000480                . = ALIGN (0x4)
                0x0000000020000480                _ebss = .
                0x0000000020000480                __bss_end__ = _ebss

._user_heap_stack
                0x0000000020000480      0x600 load address 0x0000000008003dd4
                0x0000000020000480                . = ALIGN (0x8)
                [!provide]                        PROVIDE (end = .)
                0x0000000020000480                PROVIDE (_end = .)
                0x0000000020000680                . = (. + _Min_Heap_Size)
 *fill*         0x0000000020000480      0x200 
                0x0000000020000a80                . = (. + _Min_Stack_Size)
 *fill*         0x0000000020000680      0x400 
                0x0000000020000a80                . = ALIGN (0x8)

/DISCARD/
 libc.a(*)
 libm.a(*)
 libgcc.a(*)

.ARM.attributes
                0x0000000000000000       0x29
 *(.ARM.attributes)
 .ARM.attributes
                0x0000000000000000       0x1d c:/users/acer/desktop/dhbk/hk5/vxl/stm32/stm32cubeide_1.12.1/stm32cubeide/plugins/com.st.stm32cube.ide.mcu.externaltools.gnu-tools-for-stm32.10.3-2021.10.win32_1.0.200.202301161003/tools/bin/../lib/gcc/arm-none-eabi/10.3.1/thumb/v7-m/nofp/crti.o
 .ARM.attributes
                0x000000000000001d       0x2d c:/users/acer/desktop/dhbk/hk5/vxl/stm32/stm32cubeide_1.12.1/stm32cubeide/plugins/com.st.stm32cube.ide.mcu.externaltools.gnu-tools-for-stm32.10.3-2021.10.win32_1.0.200.202301161003/tools/bin/../lib/gcc/arm-none-eabi/10.3.1/thumb/v7-m/nofp/crtbegin.o
 .ARM.attributes
                0x000000000000004a       0x2d ./Core/Src/button.o
 .ARM.attributes
                0x0000000000000077       0x2d ./Core/Src/deviceDriver7Segment.o
 .ARM.attributes
                0x00000000000000a4       0x2d ./Core/Src/deviceDriverSingleLed.o
 .ARM.attributes
                0x00000000000000d1       0x2d ./Core/Src/ledWalk.o
 .ARM.attributes
                0x00000000000000fe       0x2d ./Core/Src/main.o
 .ARM.attributes
                0x000000000000012b       0x2d ./Core/Src/normalMode.o
 .ARM.attributes
                0x0000000000000158       0x2d ./Core/Src/physicalSingleLed.o
 .ARM.attributes
                0x0000000000000185       0x2d ./Core/Src/softwareTimer.o
 .ARM.attributes
                0x00000000000001b2       0x2d ./Core/Src/stm32f1xx_hal_msp.o
 .ARM.attributes
                0x00000000000001df       0x2d ./Core/Src/stm32f1xx_it.o
 .ARM.attributes
                0x000000000000020c       0x2d ./Core/Src/system_stm32f1xx.o
 .ARM.attributes
                0x0000000000000239       0x2d ./Core/Src/tuningMode.o
 .ARM.attributes
                0x0000000000000266       0x21 ./Core/Startup/startup_stm32f103c6ux.o
 .ARM.attributes
                0x0000000000000287       0x2d ./Drivers/STM32F1xx_HAL_Driver/Src/stm32f1xx_hal.o
 .ARM.attributes
                0x00000000000002b4       0x2d ./Drivers/STM32F1xx_HAL_Driver/Src/stm32f1xx_hal_cortex.o
 .ARM.attributes
                0x00000000000002e1       0x2d ./Drivers/STM32F1xx_HAL_Driver/Src/stm32f1xx_hal_dma.o
 .ARM.attributes
                0x000000000000030e       0x2d ./Drivers/STM32F1xx_HAL_Driver/Src/stm32f1xx_hal_gpio.o
 .ARM.attributes
                0x000000000000033b       0x2d ./Drivers/STM32F1xx_HAL_Driver/Src/stm32f1xx_hal_rcc.o
 .ARM.attributes
                0x0000000000000368       0x2d ./Drivers/STM32F1xx_HAL_Driver/Src/stm32f1xx_hal_tim.o
 .ARM.attributes
                0x0000000000000395       0x2d ./Drivers/STM32F1xx_HAL_Driver/Src/stm32f1xx_hal_tim_ex.o
 .ARM.attributes
                0x00000000000003c2       0x2d ./Drivers/STM32F1xx_HAL_Driver/Src/stm32f1xx_hal_uart.o
 .ARM.attributes
                0x00000000000003ef       0x2d c:/users/acer/desktop/dhbk/hk5/vxl/stm32/stm32cubeide_1.12.1/stm32cubeide/plugins/com.st.stm32cube.ide.mcu.externaltools.gnu-tools-for-stm32.10.3-2021.10.win32_1.0.200.202301161003/tools/bin/../lib/gcc/arm-none-eabi/10.3.1/../../../../arm-none-eabi/lib/thumb/v7-m/nofp\libc_nano.a(lib_a-init.o)
 .ARM.attributes
                0x000000000000041c       0x2d c:/users/acer/desktop/dhbk/hk5/vxl/stm32/stm32cubeide_1.12.1/stm32cubeide/plugins/com.st.stm32cube.ide.mcu.externaltools.gnu-tools-for-stm32.10.3-2021.10.win32_1.0.200.202301161003/tools/bin/../lib/gcc/arm-none-eabi/10.3.1/../../../../arm-none-eabi/lib/thumb/v7-m/nofp\libc_nano.a(lib_a-memset.o)
 .ARM.attributes
                0x0000000000000449       0x1d c:/users/acer/desktop/dhbk/hk5/vxl/stm32/stm32cubeide_1.12.1/stm32cubeide/plugins/com.st.stm32cube.ide.mcu.externaltools.gnu-tools-for-stm32.10.3-2021.10.win32_1.0.200.202301161003/tools/bin/../lib/gcc/arm-none-eabi/10.3.1/thumb/v7-m/nofp/crtn.o
OUTPUT(ex_1.elf elf32-littlearm)
LOAD linker stubs
LOAD c:/users/acer/desktop/dhbk/hk5/vxl/stm32/stm32cubeide_1.12.1/stm32cubeide/plugins/com.st.stm32cube.ide.mcu.externaltools.gnu-tools-for-stm32.10.3-2021.10.win32_1.0.200.202301161003/tools/bin/../lib/gcc/arm-none-eabi/10.3.1/../../../../arm-none-eabi/lib/thumb/v7-m/nofp\libc.a
LOAD c:/users/acer/desktop/dhbk/hk5/vxl/stm32/stm32cubeide_1.12.1/stm32cubeide/plugins/com.st.stm32cube.ide.mcu.externaltools.gnu-tools-for-stm32.10.3-2021.10.win32_1.0.200.202301161003/tools/bin/../lib/gcc/arm-none-eabi/10.3.1/../../../../arm-none-eabi/lib/thumb/v7-m/nofp\libm.a
LOAD c:/users/acer/desktop/dhbk/hk5/vxl/stm32/stm32cubeide_1.12.1/stm32cubeide/plugins/com.st.stm32cube.ide.mcu.externaltools.gnu-tools-for-stm32.10.3-2021.10.win32_1.0.200.202301161003/tools/bin/../lib/gcc/arm-none-eabi/10.3.1/thumb/v7-m/nofp\libgcc.a

.debug_info     0x0000000000000000     0xd80a
 .debug_info    0x0000000000000000      0x36d ./Core/Src/button.o
 .debug_info    0x000000000000036d       0xfd ./Core/Src/deviceDriver7Segment.o
 .debug_info    0x000000000000046a      0x154 ./Core/Src/deviceDriverSingleLed.o
 .debug_info    0x00000000000005be      0x128 ./Core/Src/ledWalk.o
 .debug_info    0x00000000000006e6     0x13e9 ./Core/Src/main.o
 .debug_info    0x0000000000001acf      0x239 ./Core/Src/normalMode.o
 .debug_info    0x0000000000001d08      0x1f6 ./Core/Src/physicalSingleLed.o
 .debug_info    0x0000000000001efe      0x205 ./Core/Src/softwareTimer.o
 .debug_info    0x0000000000002103      0xde0 ./Core/Src/stm32f1xx_hal_msp.o
 .debug_info    0x0000000000002ee3      0x9b7 ./Core/Src/stm32f1xx_it.o
 .debug_info    0x000000000000389a      0x23d ./Core/Src/system_stm32f1xx.o
 .debug_info    0x0000000000003ad7      0x217 ./Core/Src/tuningMode.o
 .debug_info    0x0000000000003cee       0x22 ./Core/Startup/startup_stm32f103c6ux.o
 .debug_info    0x0000000000003d10      0x716 ./Drivers/STM32F1xx_HAL_Driver/Src/stm32f1xx_hal.o
 .debug_info    0x0000000000004426      0xb02 ./Drivers/STM32F1xx_HAL_Driver/Src/stm32f1xx_hal_cortex.o
 .debug_info    0x0000000000004f28      0x744 ./Drivers/STM32F1xx_HAL_Driver/Src/stm32f1xx_hal_dma.o
 .debug_info    0x000000000000566c      0x615 ./Drivers/STM32F1xx_HAL_Driver/Src/stm32f1xx_hal_gpio.o
 .debug_info    0x0000000000005c81      0x865 ./Drivers/STM32F1xx_HAL_Driver/Src/stm32f1xx_hal_rcc.o
 .debug_info    0x00000000000064e6     0x2bab ./Drivers/STM32F1xx_HAL_Driver/Src/stm32f1xx_hal_tim.o
 .debug_info    0x0000000000009091     0x15c7 ./Drivers/STM32F1xx_HAL_Driver/Src/stm32f1xx_hal_tim_ex.o
 .debug_info    0x000000000000a658     0x31b2 ./Drivers/STM32F1xx_HAL_Driver/Src/stm32f1xx_hal_uart.o

.debug_abbrev   0x0000000000000000     0x223c
 .debug_abbrev  0x0000000000000000      0x1c2 ./Core/Src/button.o
 .debug_abbrev  0x00000000000001c2       0x99 ./Core/Src/deviceDriver7Segment.o
 .debug_abbrev  0x000000000000025b       0x61 ./Core/Src/deviceDriverSingleLed.o
 .debug_abbrev  0x00000000000002bc       0xb0 ./Core/Src/ledWalk.o
 .debug_abbrev  0x000000000000036c      0x3c2 ./Core/Src/main.o
 .debug_abbrev  0x000000000000072e       0xc6 ./Core/Src/normalMode.o
 .debug_abbrev  0x00000000000007f4      0x110 ./Core/Src/physicalSingleLed.o
 .debug_abbrev  0x0000000000000904       0x89 ./Core/Src/softwareTimer.o
 .debug_abbrev  0x000000000000098d      0x1cc ./Core/Src/stm32f1xx_hal_msp.o
 .debug_abbrev  0x0000000000000b59      0x18b ./Core/Src/stm32f1xx_it.o
 .debug_abbrev  0x0000000000000ce4      0x13b ./Core/Src/system_stm32f1xx.o
 .debug_abbrev  0x0000000000000e1f      0x113 ./Core/Src/tuningMode.o
 .debug_abbrev  0x0000000000000f32       0x12 ./Core/Startup/startup_stm32f103c6ux.o
 .debug_abbrev  0x0000000000000f44      0x1fb ./Drivers/STM32F1xx_HAL_Driver/Src/stm32f1xx_hal.o
 .debug_abbrev  0x000000000000113f      0x2ed ./Drivers/STM32F1xx_HAL_Driver/Src/stm32f1xx_hal_cortex.o
 .debug_abbrev  0x000000000000142c      0x1fe ./Drivers/STM32F1xx_HAL_Driver/Src/stm32f1xx_hal_dma.o
 .debug_abbrev  0x000000000000162a      0x1bb ./Drivers/STM32F1xx_HAL_Driver/Src/stm32f1xx_hal_gpio.o
 .debug_abbrev  0x00000000000017e5      0x2a8 ./Drivers/STM32F1xx_HAL_Driver/Src/stm32f1xx_hal_rcc.o
 .debug_abbrev  0x0000000000001a8d      0x264 ./Drivers/STM32F1xx_HAL_Driver/Src/stm32f1xx_hal_tim.o
 .debug_abbrev  0x0000000000001cf1      0x26c ./Drivers/STM32F1xx_HAL_Driver/Src/stm32f1xx_hal_tim_ex.o
 .debug_abbrev  0x0000000000001f5d      0x2df ./Drivers/STM32F1xx_HAL_Driver/Src/stm32f1xx_hal_uart.o

.debug_aranges  0x0000000000000000      0xe28
 .debug_aranges
                0x0000000000000000       0x38 ./Core/Src/button.o
 .debug_aranges
                0x0000000000000038       0x38 ./Core/Src/deviceDriver7Segment.o
 .debug_aranges
                0x0000000000000070       0x70 ./Core/Src/deviceDriverSingleLed.o
 .debug_aranges
                0x00000000000000e0       0x20 ./Core/Src/ledWalk.o
 .debug_aranges
                0x0000000000000100       0xa8 ./Core/Src/main.o
 .debug_aranges
                0x00000000000001a8       0x30 ./Core/Src/normalMode.o
 .debug_aranges
                0x00000000000001d8       0x30 ./Core/Src/physicalSingleLed.o
 .debug_aranges
                0x0000000000000208       0x48 ./Core/Src/softwareTimer.o
 .debug_aranges
                0x0000000000000250       0x48 ./Core/Src/stm32f1xx_hal_msp.o
 .debug_aranges
                0x0000000000000298       0x70 ./Core/Src/stm32f1xx_it.o
 .debug_aranges
                0x0000000000000308       0x28 ./Core/Src/system_stm32f1xx.o
 .debug_aranges
                0x0000000000000330       0x48 ./Core/Src/tuningMode.o
 .debug_aranges
                0x0000000000000378       0x28 ./Core/Startup/startup_stm32f103c6ux.o
 .debug_aranges
                0x00000000000003a0       0xe0 ./Drivers/STM32F1xx_HAL_Driver/Src/stm32f1xx_hal.o
 .debug_aranges
                0x0000000000000480      0x100 ./Drivers/STM32F1xx_HAL_Driver/Src/stm32f1xx_hal_cortex.o
 .debug_aranges
                0x0000000000000580       0x80 ./Drivers/STM32F1xx_HAL_Driver/Src/stm32f1xx_hal_dma.o
 .debug_aranges
                0x0000000000000600       0x58 ./Drivers/STM32F1xx_HAL_Driver/Src/stm32f1xx_hal_gpio.o
 .debug_aranges
                0x0000000000000658       0x90 ./Drivers/STM32F1xx_HAL_Driver/Src/stm32f1xx_hal_rcc.o
 .debug_aranges
                0x00000000000006e8      0x3d0 ./Drivers/STM32F1xx_HAL_Driver/Src/stm32f1xx_hal_tim.o
 .debug_aranges
                0x0000000000000ab8      0x168 ./Drivers/STM32F1xx_HAL_Driver/Src/stm32f1xx_hal_tim_ex.o
 .debug_aranges
                0x0000000000000c20      0x208 ./Drivers/STM32F1xx_HAL_Driver/Src/stm32f1xx_hal_uart.o

.debug_ranges   0x0000000000000000      0xd10
 .debug_ranges  0x0000000000000000       0x28 ./Core/Src/button.o
 .debug_ranges  0x0000000000000028       0x28 ./Core/Src/deviceDriver7Segment.o
 .debug_ranges  0x0000000000000050       0x60 ./Core/Src/deviceDriverSingleLed.o
 .debug_ranges  0x00000000000000b0       0x10 ./Core/Src/ledWalk.o
 .debug_ranges  0x00000000000000c0       0x98 ./Core/Src/main.o
 .debug_ranges  0x0000000000000158       0x20 ./Core/Src/normalMode.o
 .debug_ranges  0x0000000000000178       0x20 ./Core/Src/physicalSingleLed.o
 .debug_ranges  0x0000000000000198       0x38 ./Core/Src/softwareTimer.o
 .debug_ranges  0x00000000000001d0       0x38 ./Core/Src/stm32f1xx_hal_msp.o
 .debug_ranges  0x0000000000000208       0x60 ./Core/Src/stm32f1xx_it.o
 .debug_ranges  0x0000000000000268       0x18 ./Core/Src/system_stm32f1xx.o
 .debug_ranges  0x0000000000000280       0x38 ./Core/Src/tuningMode.o
 .debug_ranges  0x00000000000002b8       0x20 ./Core/Startup/startup_stm32f103c6ux.o
 .debug_ranges  0x00000000000002d8       0xd0 ./Drivers/STM32F1xx_HAL_Driver/Src/stm32f1xx_hal.o
 .debug_ranges  0x00000000000003a8       0xf0 ./Drivers/STM32F1xx_HAL_Driver/Src/stm32f1xx_hal_cortex.o
 .debug_ranges  0x0000000000000498       0x70 ./Drivers/STM32F1xx_HAL_Driver/Src/stm32f1xx_hal_dma.o
 .debug_ranges  0x0000000000000508       0x48 ./Drivers/STM32F1xx_HAL_Driver/Src/stm32f1xx_hal_gpio.o
 .debug_ranges  0x0000000000000550       0x80 ./Drivers/STM32F1xx_HAL_Driver/Src/stm32f1xx_hal_rcc.o
 .debug_ranges  0x00000000000005d0      0x3c0 ./Drivers/STM32F1xx_HAL_Driver/Src/stm32f1xx_hal_tim.o
 .debug_ranges  0x0000000000000990      0x158 ./Drivers/STM32F1xx_HAL_Driver/Src/stm32f1xx_hal_tim_ex.o
 .debug_ranges  0x0000000000000ae8      0x228 ./Drivers/STM32F1xx_HAL_Driver/Src/stm32f1xx_hal_uart.o

.debug_macro    0x0000000000000000    0x17b9d
 .debug_macro   0x0000000000000000      0x1cc ./Core/Src/button.o
 .debug_macro   0x00000000000001cc      0xa6c ./Core/Src/button.o
 .debug_macro   0x0000000000000c38       0x40 ./Core/Src/button.o
 .debug_macro   0x0000000000000c78      0x21b ./Core/Src/button.o
 .debug_macro   0x0000000000000e93       0x2e ./Core/Src/button.o
 .debug_macro   0x0000000000000ec1       0x22 ./Core/Src/button.o
 .debug_macro   0x0000000000000ee3       0x22 ./Core/Src/button.o
 .debug_macro   0x0000000000000f05       0x8e ./Core/Src/button.o
 .debug_macro   0x0000000000000f93       0x51 ./Core/Src/button.o
 .debug_macro   0x0000000000000fe4      0x103 ./Core/Src/button.o
 .debug_macro   0x00000000000010e7       0x6a ./Core/Src/button.o
 .debug_macro   0x0000000000001151      0x1df ./Core/Src/button.o
 .debug_macro   0x0000000000001330       0x1c ./Core/Src/button.o
 .debug_macro   0x000000000000134c       0x22 ./Core/Src/button.o
 .debug_macro   0x000000000000136e       0xbd ./Core/Src/button.o
 .debug_macro   0x000000000000142b      0xd23 ./Core/Src/button.o
 .debug_macro   0x000000000000214e     0xde75 ./Core/Src/button.o
 .debug_macro   0x000000000000ffc3       0x6d ./Core/Src/button.o
 .debug_macro   0x0000000000010030     0x348d ./Core/Src/button.o
 .debug_macro   0x00000000000134bd      0x174 ./Core/Src/button.o
 .debug_macro   0x0000000000013631       0x5c ./Core/Src/button.o
 .debug_macro   0x000000000001368d      0x5bc ./Core/Src/button.o
 .debug_macro   0x0000000000013c49      0x1b7 ./Core/Src/button.o
 .debug_macro   0x0000000000013e00      0x1cb ./Core/Src/button.o
 .debug_macro   0x0000000000013fcb      0x114 ./Core/Src/button.o
 .debug_macro   0x00000000000140df      0x1b2 ./Core/Src/button.o
 .debug_macro   0x0000000000014291       0x27 ./Core/Src/button.o
 .debug_macro   0x00000000000142b8      0x12f ./Core/Src/button.o
 .debug_macro   0x00000000000143e7      0x1bc ./Core/Src/button.o
 .debug_macro   0x00000000000145a3       0x34 ./Core/Src/button.o
 .debug_macro   0x00000000000145d7       0x3c ./Core/Src/button.o
 .debug_macro   0x0000000000014613       0x57 ./Core/Src/button.o
 .debug_macro   0x000000000001466a       0x87 ./Core/Src/button.o
 .debug_macro   0x00000000000146f1      0x183 ./Core/Src/button.o
 .debug_macro   0x0000000000014874      0x140 ./Core/Src/button.o
 .debug_macro   0x00000000000149b4      0x8ed ./Core/Src/button.o
 .debug_macro   0x00000000000152a1      0x28e ./Core/Src/button.o
 .debug_macro   0x000000000001552f       0x69 ./Core/Src/button.o
 .debug_macro   0x0000000000015598       0xd0 ./Core/Src/button.o
 .debug_macro   0x0000000000015668       0x1c ./Core/Src/button.o
 .debug_macro   0x0000000000015684       0x25 ./Core/Src/deviceDriver7Segment.o
 .debug_macro   0x00000000000156a9      0x1c3 ./Core/Src/deviceDriverSingleLed.o
 .debug_macro   0x000000000001586c       0x46 ./Core/Src/deviceDriverSingleLed.o
 .debug_macro   0x00000000000158b2      0x1c2 ./Core/Src/ledWalk.o
 .debug_macro   0x0000000000015a74      0x2e9 ./Core/Src/main.o
 .debug_macro   0x0000000000015d5d       0x52 ./Core/Src/main.o
 .debug_macro   0x0000000000015daf       0x18 ./Core/Src/main.o
 .debug_macro   0x0000000000015dc7       0x3c ./Core/Src/main.o
 .debug_macro   0x0000000000015e03       0x34 ./Core/Src/main.o
 .debug_macro   0x0000000000015e37       0x16 ./Core/Src/main.o
 .debug_macro   0x0000000000015e4d       0x43 ./Core/Src/main.o
 .debug_macro   0x0000000000015e90       0x34 ./Core/Src/main.o
 .debug_macro   0x0000000000015ec4       0x10 ./Core/Src/main.o
 .debug_macro   0x0000000000015ed4       0x58 ./Core/Src/main.o
 .debug_macro   0x0000000000015f2c       0x71 ./Core/Src/main.o
 .debug_macro   0x0000000000015f9d       0x1c ./Core/Src/main.o
 .debug_macro   0x0000000000015fb9      0x12a ./Core/Src/main.o
 .debug_macro   0x00000000000160e3      0x341 ./Core/Src/main.o
 .debug_macro   0x0000000000016424       0x10 ./Core/Src/main.o
 .debug_macro   0x0000000000016434       0x35 ./Core/Src/main.o
 .debug_macro   0x0000000000016469       0x20 ./Core/Src/main.o
 .debug_macro   0x0000000000016489       0x46 ./Core/Src/main.o
 .debug_macro   0x00000000000164cf      0x1ea ./Core/Src/normalMode.o
 .debug_macro   0x00000000000166b9      0x1b9 ./Core/Src/physicalSingleLed.o
 .debug_macro   0x0000000000016872       0x1b ./Core/Src/softwareTimer.o
 .debug_macro   0x000000000001688d      0x1b0 ./Core/Src/stm32f1xx_hal_msp.o
 .debug_macro   0x0000000000016a3d      0x1ba ./Core/Src/stm32f1xx_it.o
 .debug_macro   0x0000000000016bf7      0x1a1 ./Core/Src/system_stm32f1xx.o
 .debug_macro   0x0000000000016d98       0x5a ./Core/Src/tuningMode.o
 .debug_macro   0x0000000000016df2      0x1c5 ./Drivers/STM32F1xx_HAL_Driver/Src/stm32f1xx_hal.o
 .debug_macro   0x0000000000016fb7      0x1a1 ./Drivers/STM32F1xx_HAL_Driver/Src/stm32f1xx_hal_cortex.o
 .debug_macro   0x0000000000017158      0x1a1 ./Drivers/STM32F1xx_HAL_Driver/Src/stm32f1xx_hal_dma.o
 .debug_macro   0x00000000000172f9      0x20c ./Drivers/STM32F1xx_HAL_Driver/Src/stm32f1xx_hal_gpio.o
 .debug_macro   0x0000000000017505      0x1b3 ./Drivers/STM32F1xx_HAL_Driver/Src/stm32f1xx_hal_rcc.o
 .debug_macro   0x00000000000176b8      0x1a2 ./Drivers/STM32F1xx_HAL_Driver/Src/stm32f1xx_hal_tim.o
 .debug_macro   0x000000000001785a      0x1a1 ./Drivers/STM32F1xx_HAL_Driver/Src/stm32f1xx_hal_tim_ex.o
 .debug_macro   0x00000000000179fb      0x1a2 ./Drivers/STM32F1xx_HAL_Driver/Src/stm32f1xx_hal_uart.o

.debug_line     0x0000000000000000    0x10c46
 .debug_line    0x0000000000000000      0x93a ./Core/Src/button.o
 .debug_line    0x000000000000093a      0x107 ./Core/Src/deviceDriver7Segment.o
 .debug_line    0x0000000000000a41      0x8b6 ./Core/Src/deviceDriverSingleLed.o
 .debug_line    0x00000000000012f7      0x7c0 ./Core/Src/ledWalk.o
 .debug_line    0x0000000000001ab7      0xdfc ./Core/Src/main.o
 .debug_line    0x00000000000028b3      0x944 ./Core/Src/normalMode.o
 .debug_line    0x00000000000031f7      0x827 ./Core/Src/physicalSingleLed.o
 .debug_line    0x0000000000003a1e      0x14e ./Core/Src/softwareTimer.o
 .debug_line    0x0000000000003b6c      0x853 ./Core/Src/stm32f1xx_hal_msp.o
 .debug_line    0x00000000000043bf      0x888 ./Core/Src/stm32f1xx_it.o
 .debug_line    0x0000000000004c47      0x814 ./Core/Src/system_stm32f1xx.o
 .debug_line    0x000000000000545b      0x1f2 ./Core/Src/tuningMode.o
 .debug_line    0x000000000000564d       0x87 ./Core/Startup/startup_stm32f103c6ux.o
 .debug_line    0x00000000000056d4      0xa41 ./Drivers/STM32F1xx_HAL_Driver/Src/stm32f1xx_hal.o
 .debug_line    0x0000000000006115      0xc29 ./Drivers/STM32F1xx_HAL_Driver/Src/stm32f1xx_hal_cortex.o
 .debug_line    0x0000000000006d3e      0xe9a ./Drivers/STM32F1xx_HAL_Driver/Src/stm32f1xx_hal_dma.o
 .debug_line    0x0000000000007bd8      0xac5 ./Drivers/STM32F1xx_HAL_Driver/Src/stm32f1xx_hal_gpio.o
 .debug_line    0x000000000000869d      0xe4d ./Drivers/STM32F1xx_HAL_Driver/Src/stm32f1xx_hal_rcc.o
 .debug_line    0x00000000000094ea     0x3483 ./Drivers/STM32F1xx_HAL_Driver/Src/stm32f1xx_hal_tim.o
 .debug_line    0x000000000000c96d     0x1967 ./Drivers/STM32F1xx_HAL_Driver/Src/stm32f1xx_hal_tim_ex.o
 .debug_line    0x000000000000e2d4     0x2972 ./Drivers/STM32F1xx_HAL_Driver/Src/stm32f1xx_hal_uart.o

.debug_str      0x0000000000000000    0x87d16
 .debug_str     0x0000000000000000    0x8133e ./Core/Src/button.o
                                      0x81676 (size before relaxing)
 .debug_str     0x000000000008133e       0xcf ./Core/Src/deviceDriver7Segment.o
                                       0x2da7 (size before relaxing)
 .debug_str     0x000000000008140d      0x1c1 ./Core/Src/deviceDriverSingleLed.o
                                      0x815a5 (size before relaxing)
 .debug_str     0x00000000000815ce       0x52 ./Core/Src/ledWalk.o
                                      0x8150e (size before relaxing)
 .debug_str     0x0000000000081620     0x3ac1 ./Core/Src/main.o
                                      0x8518c (size before relaxing)
 .debug_str     0x00000000000850e1      0x106 ./Core/Src/normalMode.o
                                      0x816eb (size before relaxing)
 .debug_str     0x00000000000851e7       0x37 ./Core/Src/physicalSingleLed.o
                                      0x81575 (size before relaxing)
 .debug_str     0x000000000008521e       0x71 ./Core/Src/softwareTimer.o
                                       0x2d98 (size before relaxing)
 .debug_str     0x000000000008528f      0x334 ./Core/Src/stm32f1xx_hal_msp.o
                                      0x81f2a (size before relaxing)
 .debug_str     0x00000000000855c3      0x112 ./Core/Src/stm32f1xx_it.o
                                      0x81bee (size before relaxing)
 .debug_str     0x00000000000856d5       0x7e ./Core/Src/system_stm32f1xx.o
                                      0x811e2 (size before relaxing)
 .debug_str     0x0000000000085753       0xe6 ./Core/Src/tuningMode.o
                                       0x2f8b (size before relaxing)
 .debug_str     0x0000000000085839       0x36 ./Core/Startup/startup_stm32f103c6ux.o
                                         0xa4 (size before relaxing)
 .debug_str     0x000000000008586f      0x384 ./Drivers/STM32F1xx_HAL_Driver/Src/stm32f1xx_hal.o
                                      0x818db (size before relaxing)
 .debug_str     0x0000000000085bf3      0x294 ./Drivers/STM32F1xx_HAL_Driver/Src/stm32f1xx_hal_cortex.o
                                      0x81827 (size before relaxing)
 .debug_str     0x0000000000085e87      0x230 ./Drivers/STM32F1xx_HAL_Driver/Src/stm32f1xx_hal_dma.o
                                      0x8158b (size before relaxing)
 .debug_str     0x00000000000860b7      0x2bd ./Drivers/STM32F1xx_HAL_Driver/Src/stm32f1xx_hal_gpio.o
                                      0x81568 (size before relaxing)
 .debug_str     0x0000000000086374      0x229 ./Drivers/STM32F1xx_HAL_Driver/Src/stm32f1xx_hal_rcc.o
                                      0x81611 (size before relaxing)
 .debug_str     0x000000000008659d      0xd21 ./Drivers/STM32F1xx_HAL_Driver/Src/stm32f1xx_hal_tim.o
                                      0x82603 (size before relaxing)
 .debug_str     0x00000000000872be      0x493 ./Drivers/STM32F1xx_HAL_Driver/Src/stm32f1xx_hal_tim_ex.o
                                      0x81e1f (size before relaxing)
 .debug_str     0x0000000000087751      0x5c5 ./Drivers/STM32F1xx_HAL_Driver/Src/stm32f1xx_hal_uart.o
                                      0x81c82 (size before relaxing)

.comment        0x0000000000000000       0x50
 .comment       0x0000000000000000       0x50 ./Core/Src/button.o
                                         0x51 (size before relaxing)
 .comment       0x0000000000000050       0x51 ./Core/Src/deviceDriver7Segment.o
 .comment       0x0000000000000050       0x51 ./Core/Src/deviceDriverSingleLed.o
 .comment       0x0000000000000050       0x51 ./Core/Src/ledWalk.o
 .comment       0x0000000000000050       0x51 ./Core/Src/main.o
 .comment       0x0000000000000050       0x51 ./Core/Src/normalMode.o
 .comment       0x0000000000000050       0x51 ./Core/Src/physicalSingleLed.o
 .comment       0x0000000000000050       0x51 ./Core/Src/softwareTimer.o
 .comment       0x0000000000000050       0x51 ./Core/Src/stm32f1xx_hal_msp.o
 .comment       0x0000000000000050       0x51 ./Core/Src/stm32f1xx_it.o
 .comment       0x0000000000000050       0x51 ./Core/Src/system_stm32f1xx.o
 .comment       0x0000000000000050       0x51 ./Core/Src/tuningMode.o
 .comment       0x0000000000000050       0x51 ./Drivers/STM32F1xx_HAL_Driver/Src/stm32f1xx_hal.o
 .comment       0x0000000000000050       0x51 ./Drivers/STM32F1xx_HAL_Driver/Src/stm32f1xx_hal_cortex.o
 .comment       0x0000000000000050       0x51 ./Drivers/STM32F1xx_HAL_Driver/Src/stm32f1xx_hal_dma.o
 .comment       0x0000000000000050       0x51 ./Drivers/STM32F1xx_HAL_Driver/Src/stm32f1xx_hal_gpio.o
 .comment       0x0000000000000050       0x51 ./Drivers/STM32F1xx_HAL_Driver/Src/stm32f1xx_hal_rcc.o
 .comment       0x0000000000000050       0x51 ./Drivers/STM32F1xx_HAL_Driver/Src/stm32f1xx_hal_tim.o
 .comment       0x0000000000000050       0x51 ./Drivers/STM32F1xx_HAL_Driver/Src/stm32f1xx_hal_tim_ex.o
 .comment       0x0000000000000050       0x51 ./Drivers/STM32F1xx_HAL_Driver/Src/stm32f1xx_hal_uart.o

.debug_frame    0x0000000000000000     0x386c
 .debug_frame   0x0000000000000000       0x9c ./Core/Src/button.o
 .debug_frame   0x000000000000009c       0xa4 ./Core/Src/deviceDriver7Segment.o
 .debug_frame   0x0000000000000140      0x144 ./Core/Src/deviceDriverSingleLed.o
 .debug_frame   0x0000000000000284       0x2c ./Core/Src/ledWalk.o
 .debug_frame   0x00000000000002b0      0x26c ./Core/Src/main.o
 .debug_frame   0x000000000000051c       0x68 ./Core/Src/normalMode.o
 .debug_frame   0x0000000000000584       0x6c ./Core/Src/physicalSingleLed.o
 .debug_frame   0x00000000000005f0       0xf8 ./Core/Src/softwareTimer.o
 .debug_frame   0x00000000000006e8       0xec ./Core/Src/stm32f1xx_hal_msp.o
 .debug_frame   0x00000000000007d4      0x13c ./Core/Src/stm32f1xx_it.o
 .debug_frame   0x0000000000000910       0x58 ./Core/Src/system_stm32f1xx.o
 .debug_frame   0x0000000000000968       0xbc ./Core/Src/tuningMode.o
 .debug_frame   0x0000000000000a24      0x334 ./Drivers/STM32F1xx_HAL_Driver/Src/stm32f1xx_hal.o
 .debug_frame   0x0000000000000d58      0x428 ./Drivers/STM32F1xx_HAL_Driver/Src/stm32f1xx_hal_cortex.o
 .debug_frame   0x0000000000001180      0x208 ./Drivers/STM32F1xx_HAL_Driver/Src/stm32f1xx_hal_dma.o
 .debug_frame   0x0000000000001388      0x14c ./Drivers/STM32F1xx_HAL_Driver/Src/stm32f1xx_hal_gpio.o
 .debug_frame   0x00000000000014d4      0x218 ./Drivers/STM32F1xx_HAL_Driver/Src/stm32f1xx_hal_rcc.o
 .debug_frame   0x00000000000016ec     0x11b8 ./Drivers/STM32F1xx_HAL_Driver/Src/stm32f1xx_hal_tim.o
 .debug_frame   0x00000000000028a4      0x638 ./Drivers/STM32F1xx_HAL_Driver/Src/stm32f1xx_hal_tim_ex.o
 .debug_frame   0x0000000000002edc      0x944 ./Drivers/STM32F1xx_HAL_Driver/Src/stm32f1xx_hal_uart.o
 .debug_frame   0x0000000000003820       0x2c c:/users/acer/desktop/dhbk/hk5/vxl/stm32/stm32cubeide_1.12.1/stm32cubeide/plugins/com.st.stm32cube.ide.mcu.externaltools.gnu-tools-for-stm32.10.3-2021.10.win32_1.0.200.202301161003/tools/bin/../lib/gcc/arm-none-eabi/10.3.1/../../../../arm-none-eabi/lib/thumb/v7-m/nofp\libc_nano.a(lib_a-init.o)
 .debug_frame   0x000000000000384c       0x20 c:/users/acer/desktop/dhbk/hk5/vxl/stm32/stm32cubeide_1.12.1/stm32cubeide/plugins/com.st.stm32cube.ide.mcu.externaltools.gnu-tools-for-stm32.10.3-2021.10.win32_1.0.200.202301161003/tools/bin/../lib/gcc/arm-none-eabi/10.3.1/../../../../arm-none-eabi/lib/thumb/v7-m/nofp\libc_nano.a(lib_a-memset.o)
