Archive member included to satisfy reference by file (symbol)

c:/users/acer/desktop/dhbk/hk5/vxl/stm32/stm32cubeide_1.12.1/stm32cubeide/plugins/com.st.stm32cube.ide.mcu.externaltools.gnu-tools-for-stm32.10.3-2021.10.win32_1.0.200.202301161003/tools/bin/../lib/gcc/arm-none-eabi/10.3.1/../../../../arm-none-eabi/lib/thumb/v7-m/nofp\libc_nano.a(lib_a-errno.o)
                              ./Core/Src/syscalls.o (__errno)
c:/users/acer/desktop/dhbk/hk5/vxl/stm32/stm32cubeide_1.12.1/stm32cubeide/plugins/com.st.stm32cube.ide.mcu.externaltools.gnu-tools-for-stm32.10.3-2021.10.win32_1.0.200.202301161003/tools/bin/../lib/gcc/arm-none-eabi/10.3.1/../../../../arm-none-eabi/lib/thumb/v7-m/nofp\libc_nano.a(lib_a-exit.o)
                              c:/users/acer/desktop/dhbk/hk5/vxl/stm32/stm32cubeide_1.12.1/stm32cubeide/plugins/com.st.stm32cube.ide.mcu.externaltools.gnu-tools-for-stm32.10.3-2021.10.win32_1.0.200.202301161003/tools/bin/../lib/gcc/arm-none-eabi/10.3.1/../../../../arm-none-eabi/lib/thumb/v7-m/nofp/crt0.o (exit)
c:/users/acer/desktop/dhbk/hk5/vxl/stm32/stm32cubeide_1.12.1/stm32cubeide/plugins/com.st.stm32cube.ide.mcu.externaltools.gnu-tools-for-stm32.10.3-2021.10.win32_1.0.200.202301161003/tools/bin/../lib/gcc/arm-none-eabi/10.3.1/../../../../arm-none-eabi/lib/thumb/v7-m/nofp\libc_nano.a(lib_a-impure.o)
                              c:/users/acer/desktop/dhbk/hk5/vxl/stm32/stm32cubeide_1.12.1/stm32cubeide/plugins/com.st.stm32cube.ide.mcu.externaltools.gnu-tools-for-stm32.10.3-2021.10.win32_1.0.200.202301161003/tools/bin/../lib/gcc/arm-none-eabi/10.3.1/../../../../arm-none-eabi/lib/thumb/v7-m/nofp\libc_nano.a(lib_a-exit.o) (_global_impure_ptr)
c:/users/acer/desktop/dhbk/hk5/vxl/stm32/stm32cubeide_1.12.1/stm32cubeide/plugins/com.st.stm32cube.ide.mcu.externaltools.gnu-tools-for-stm32.10.3-2021.10.win32_1.0.200.202301161003/tools/bin/../lib/gcc/arm-none-eabi/10.3.1/../../../../arm-none-eabi/lib/thumb/v7-m/nofp\libc_nano.a(lib_a-init.o)
                              c:/users/acer/desktop/dhbk/hk5/vxl/stm32/stm32cubeide_1.12.1/stm32cubeide/plugins/com.st.stm32cube.ide.mcu.externaltools.gnu-tools-for-stm32.10.3-2021.10.win32_1.0.200.202301161003/tools/bin/../lib/gcc/arm-none-eabi/10.3.1/../../../../arm-none-eabi/lib/thumb/v7-m/nofp/crt0.o (__libc_init_array)
c:/users/acer/desktop/dhbk/hk5/vxl/stm32/stm32cubeide_1.12.1/stm32cubeide/plugins/com.st.stm32cube.ide.mcu.externaltools.gnu-tools-for-stm32.10.3-2021.10.win32_1.0.200.202301161003/tools/bin/../lib/gcc/arm-none-eabi/10.3.1/../../../../arm-none-eabi/lib/thumb/v7-m/nofp\libc_nano.a(lib_a-itoa.o)
                              ./Core/Src/uart.o (itoa)
c:/users/acer/desktop/dhbk/hk5/vxl/stm32/stm32cubeide_1.12.1/stm32cubeide/plugins/com.st.stm32cube.ide.mcu.externaltools.gnu-tools-for-stm32.10.3-2021.10.win32_1.0.200.202301161003/tools/bin/../lib/gcc/arm-none-eabi/10.3.1/../../../../arm-none-eabi/lib/thumb/v7-m/nofp\libc_nano.a(lib_a-memset.o)
                              c:/users/acer/desktop/dhbk/hk5/vxl/stm32/stm32cubeide_1.12.1/stm32cubeide/plugins/com.st.stm32cube.ide.mcu.externaltools.gnu-tools-for-stm32.10.3-2021.10.win32_1.0.200.202301161003/tools/bin/../lib/gcc/arm-none-eabi/10.3.1/../../../../arm-none-eabi/lib/thumb/v7-m/nofp/crt0.o (memset)
c:/users/acer/desktop/dhbk/hk5/vxl/stm32/stm32cubeide_1.12.1/stm32cubeide/plugins/com.st.stm32cube.ide.mcu.externaltools.gnu-tools-for-stm32.10.3-2021.10.win32_1.0.200.202301161003/tools/bin/../lib/gcc/arm-none-eabi/10.3.1/../../../../arm-none-eabi/lib/thumb/v7-m/nofp\libc_nano.a(lib_a-utoa.o)
                              c:/users/acer/desktop/dhbk/hk5/vxl/stm32/stm32cubeide_1.12.1/stm32cubeide/plugins/com.st.stm32cube.ide.mcu.externaltools.gnu-tools-for-stm32.10.3-2021.10.win32_1.0.200.202301161003/tools/bin/../lib/gcc/arm-none-eabi/10.3.1/../../../../arm-none-eabi/lib/thumb/v7-m/nofp\libc_nano.a(lib_a-itoa.o) (__utoa)

Discarded input sections

 .text          0x0000000000000000        0x0 c:/users/acer/desktop/dhbk/hk5/vxl/stm32/stm32cubeide_1.12.1/stm32cubeide/plugins/com.st.stm32cube.ide.mcu.externaltools.gnu-tools-for-stm32.10.3-2021.10.win32_1.0.200.202301161003/tools/bin/../lib/gcc/arm-none-eabi/10.3.1/thumb/v7-m/nofp/crti.o
 .data          0x0000000000000000        0x0 c:/users/acer/desktop/dhbk/hk5/vxl/stm32/stm32cubeide_1.12.1/stm32cubeide/plugins/com.st.stm32cube.ide.mcu.externaltools.gnu-tools-for-stm32.10.3-2021.10.win32_1.0.200.202301161003/tools/bin/../lib/gcc/arm-none-eabi/10.3.1/thumb/v7-m/nofp/crti.o
 .bss           0x0000000000000000        0x0 c:/users/acer/desktop/dhbk/hk5/vxl/stm32/stm32cubeide_1.12.1/stm32cubeide/plugins/com.st.stm32cube.ide.mcu.externaltools.gnu-tools-for-stm32.10.3-2021.10.win32_1.0.200.202301161003/tools/bin/../lib/gcc/arm-none-eabi/10.3.1/thumb/v7-m/nofp/crti.o
[...]
Memory Configuration

Name             Origin             Length             Attributes
RAM              0x0000000020000000 0x0000000000005000 xrw
FLASH            0x0000000008000000 0x0000000000020000 xr
*default*        0x0000000000000000 0xffffffffffffffff

Linker script and memory map

LOAD c:/users/acer/desktop/dhbk/hk5/vxl/stm32/stm32cubeide_1.12.1/stm32cubeide/plugins/com.st.stm32cube.ide.mcu.externaltools.gnu-tools-for-stm32.10.3-2021.10.win32_1.0.200.202301161003/tools/bin/../lib/gcc/arm-none-eabi/10.3.1/thumb/v7-m/nofp/crti.o
LOAD c:/users/acer/desktop/dhbk/hk5/vxl/stm32/stm32cubeide_1.12.1/stm32cubeide/plugins/com.st.stm32cube.ide.mcu.externaltools.gnu-tools-for-stm32.10.3-2021.10.win32_1.0.200.202301161003/tools/bin/../lib/gcc/arm-none-eabi/10.3.1/thumb/v7-m/nofp/crtbegin.o
LOAD c:/users/acer/desktop/dhbk/hk5/vxl/stm32/stm32cubeide_1.12.1/stm32cubeide/plugins/com.st.stm32cube.ide.mcu.externaltools.gnu-tools-for-stm32.10.3-2021.10.win32_1.0.200.202301161003/tools/bin/../lib/gcc/arm-none-eabi/10.3.1/../../../../arm-none-eabi/lib/thumb/v7-m/nofp/crt0.o
LOAD ./Core/Src/button.o
LOAD ./Core/Src/deviceDriver7Segment.o
LOAD ./Core/Src/deviceDriverSingleLed.o
LOAD ./Core/Src/ledWalk.o
LOAD ./Core/Src/main.o
LOAD ./Core/Src/manualMode.o
LOAD ./Core/Src/normalMode.o
LOAD ./Core/Src/physical7Segment.o
LOAD ./Core/Src/physicalSingleLed.o
LOAD ./Core/Src/pwm.o
LOAD ./Core/Src/sch.o
LOAD ./Core/Src/scho1.o
LOAD ./Core/Src/softwareTimer.o
LOAD ./Core/Src/stm32f1xx_hal_msp.o
LOAD ./Core/Src/stm32f1xx_it.o
LOAD ./Core/Src/syscalls.o
LOAD ./Core/Src/sysmem.o
LOAD ./Core/Src/system_stm32f1xx.o
LOAD ./Core/Src/tuningMode.o
LOAD ./Core/Src/uart.o
LOAD ./Core/Startup/startup_stm32f103rbtx.o
LOAD ./Drivers/STM32F1xx_HAL_Driver/Src/stm32f1xx_hal.o
LOAD ./Drivers/STM32F1xx_HAL_Driver/Src/stm32f1xx_hal_cortex.o
LOAD ./Drivers/STM32F1xx_HAL_Driver/Src/stm32f1xx_hal_dma.o
LOAD ./Drivers/STM32F1xx_HAL_Driver/Src/stm32f1xx_hal_exti.o
LOAD ./Drivers/STM32F1xx_HAL_Driver/Src/stm32f1xx_hal_flash.o
LOAD ./Drivers/STM32F1xx_HAL_Driver/Src/stm32f1xx_hal_flash_ex.o
LOAD ./Drivers/STM32F1xx_HAL_Driver/Src/stm32f1xx_hal_gpio.o
LOAD ./Drivers/STM32F1xx_HAL_Driver/Src/stm32f1xx_hal_gpio_ex.o
LOAD ./Drivers/STM32F1xx_HAL_Driver/Src/stm32f1xx_hal_pwr.o
LOAD ./Drivers/STM32F1xx_HAL_Driver/Src/stm32f1xx_hal_rcc.o
LOAD ./Drivers/STM32F1xx_HAL_Driver/Src/stm32f1xx_hal_rcc_ex.o
LOAD ./Drivers/STM32F1xx_HAL_Driver/Src/stm32f1xx_hal_tim.o
LOAD ./Drivers/STM32F1xx_HAL_Driver/Src/stm32f1xx_hal_tim_ex.o
LOAD ./Drivers/STM32F1xx_HAL_Driver/Src/stm32f1xx_hal_uart.o
START GROUP
LOAD c:/users/acer/desktop/dhbk/hk5/vxl/stm32/stm32cubeide_1.12.1/stm32cubeide/plugins/com.st.stm32cube.ide.mcu.externaltools.gnu-tools-for-stm32.10.3-2021.10.win32_1.0.200.202301161003/tools/bin/../lib/gcc/arm-none-eabi/10.3.1/../../../../arm-none-eabi/lib/thumb/v7-m/nofp\libc_nano.a
LOAD c:/users/acer/desktop/dhbk/hk5/vxl/stm32/stm32cubeide_1.12.1/stm32cubeide/plugins/com.st.stm32cube.ide.mcu.externaltools.gnu-tools-for-stm32.10.3-2021.10.win32_1.0.200.202301161003/tools/bin/../lib/gcc/arm-none-eabi/10.3.1/../../../../arm-none-eabi/lib/thumb/v7-m/nofp\libm.a
END GROUP
START GROUP
LOAD c:/users/acer/desktop/dhbk/hk5/vxl/stm32/stm32cubeide_1.12.1/stm32cubeide/plugins/com.st.stm32cube.ide.mcu.externaltools.gnu-tools-for-stm32.10.3-2021.10.win32_1.0.200.202301161003/tools/bin/../lib/gcc/arm-none-eabi/10.3.1/thumb/v7-m/nofp\libgcc.a
LOAD c:/users/acer/desktop/dhbk/hk5/vxl/stm32/stm32cubeide_1.12.1/stm32cubeide/plugins/com.st.stm32cube.ide.mcu.externaltools.gnu-tools-for-stm32.10.3-2021.10.win32_1.0.200.202301161003/tools/bin/../lib/gcc/arm-none-eabi/10.3.1/../../../../arm-none-eabi/lib/thumb/v7-m/nofp\libc_nano.a
END GROUP
START GROUP
LOAD c:/users/acer/desktop/dhbk/hk5/vxl/stm32/stm32cubeide_1.12.1/stm32cubeide/plugins/com.st.stm32cube.ide.mcu.externaltools.gnu-tools-for-stm32.10.3-2021.10.win32_1.0.200.202301161003/tools/bin/../lib/gcc/arm-none-eabi/10.3.1/thumb/v7-m/nofp\libgcc.a
LOAD c:/users/acer/desktop/dhbk/hk5/vxl/stm32/stm32cubeide_1.12.1/stm32cubeide/plugins/com.st.stm32cube.ide.mcu.externaltools.gnu-tools-for-stm32.10.3-2021.10.win32_1.0.200.202301161003/tools/bin/../lib/gcc/arm-none-eabi/10.3.1/../../../../arm-none-eabi/lib/thumb/v7-m/nofp\libc_nano.a
LOAD c:/users/acer/desktop/dhbk/hk5/vxl/stm32/stm32cubeide_1.12.1/stm32cubeide/plugins/com.st.stm32cube.ide.mcu.externaltools.gnu-tools-for-stm32.10.3-2021.10.win32_1.0.200.202301161003/tools/bin/../lib/gcc/arm-none-eabi/10.3.1/../../../../arm-none-eabi/lib/thumb/v7-m/nofp\libnosys.a
END GROUP
START GROUP
LOAD c:/users/acer/desktop/dhbk/hk5/vxl/stm32/stm32cubeide_1.12.1/stm32cubeide/plugins/com.st.stm32cube.ide.mcu.externaltools.gnu-tools-for-stm32.10.3-2021.10.win32_1.0.200.202301161003/tools/bin/../lib/gcc/arm-none-eabi/10.3.1/thumb/v7-m/nofp\libgcc.a
LOAD c:/users/acer/desktop/dhbk/hk5/vxl/stm32/stm32cubeide_1.12.1/stm32cubeide/plugins/com.st.stm32cube.ide.mcu.externaltools.gnu-tools-for-stm32.10.3-2021.10.win32_1.0.200.202301161003/tools/bin/../lib/gcc/arm-none-eabi/10.3.1/../../../../arm-none-eabi/lib/thumb/v7-m/nofp\libc_nano.a
LOAD c:/users/acer/desktop/dhbk/hk5/vxl/stm32/stm32cubeide_1.12.1/stm32cubeide/plugins/com.st.stm32cube.ide.mcu.externaltools.gnu-tools-for-stm32.10.3-2021.10.win32_1.0.200.202301161003/tools/bin/../lib/gcc/arm-none-eabi/10.3.1/../../../../arm-none-eabi/lib/thumb/v7-m/nofp\libnosys.a
END GROUP
LOAD c:/users/acer/desktop/dhbk/hk5/vxl/stm32/stm32cubeide_1.12.1/stm32cubeide/plugins/com.st.stm32cube.ide.mcu.externaltools.gnu-tools-for-stm32.10.3-2021.10.win32_1.0.200.202301161003/tools/bin/../lib/gcc/arm-none-eabi/10.3.1/thumb/v7-m/nofp/crtend.o
LOAD c:/users/acer/desktop/dhbk/hk5/vxl/stm32/stm32cubeide_1.12.1/stm32cubeide/plugins/com.st.stm32cube.ide.mcu.externaltools.gnu-tools-for-stm32.10.3-2021.10.win32_1.0.200.202301161003/tools/bin/../lib/gcc/arm-none-eabi/10.3.1/thumb/v7-m/nofp/crtn.o
                0x0000000020005000                _estack = (ORIGIN (RAM) + LENGTH (RAM))
                0x0000000000000200                _Min_Heap_Size = 0x200
                0x0000000000000400                _Min_Stack_Size = 0x400

.isr_vector     0x0000000008000000      0x10c
                0x0000000008000000                . = ALIGN (0x4)
 *(.isr_vector)
 .isr_vector    0x0000000008000000      0x10c ./Core/Startup/startup_stm32f103rbtx.o
                0x0000000008000000                g_pfnVectors
                0x000000000800010c                . = ALIGN (0x4)

.text           0x000000000800010c     0x4cf8
                0x000000000800010c                . = ALIGN (0x4)
 *(.text)
 .text          0x000000000800010c       0x40 c:/users/acer/desktop/dhbk/hk5/vxl/stm32/stm32cubeide_1.12.1/stm32cubeide/plugins/com.st.stm32cube.ide.mcu.externaltools.gnu-tools-for-stm32.10.3-2021.10.win32_1.0.200.202301161003/tools/bin/../lib/gcc/arm-none-eabi/10.3.1/thumb/v7-m/nofp/crtbegin.o
 *(.text*)
 .text.resetAllButton
                0x000000000800014c       0x50 ./Core/Src/button.o
                0x000000000800014c                resetAllButton
 .text.implementButton
                0x000000000800019c      0x254 ./Core/Src/button.o
                0x000000000800019c                implementButton
 .text.getInputButton
                0x00000000080003f0      0x1c4 ./Core/Src/button.o
                0x00000000080003f0                getInputButton
 .text.update7SEGBuffer
                0x00000000080005b4       0x4c ./Core/Src/deviceDriver7Segment.o
                0x00000000080005b4                update7SEGBuffer
 .text.update7SEGBufferTraffic1
                0x0000000008000600       0x18 ./Core/Src/deviceDriver7Segment.o
                0x0000000008000600                update7SEGBufferTraffic1
 .text.update7SEGBufferTraffic2
                0x0000000008000618       0x18 ./Core/Src/deviceDriver7Segment.o
                0x0000000008000618                update7SEGBufferTraffic2
 .text.update7SEGBufferMode
                0x0000000008000630       0x18 ./Core/Src/deviceDriver7Segment.o
                0x0000000008000630                update7SEGBufferMode
 .text.blinkingYELLOW
                0x0000000008000648       0x18 ./Core/Src/deviceDriverSingleLed.o
                0x0000000008000648                blinkingYELLOW
 .text.blinkingRED
                0x0000000008000660       0x18 ./Core/Src/deviceDriverSingleLed.o
                0x0000000008000660                blinkingRED
 .text.blinkingGREEN
                0x0000000008000678       0x18 ./Core/Src/deviceDriverSingleLed.o
                0x0000000008000678                blinkingGREEN
 .text.offAllSingLEDs
                0x0000000008000690       0x18 ./Core/Src/deviceDriverSingleLed.o
                0x0000000008000690                offAllSingLEDs
 .text.onAllSingLEDs
                0x00000000080006a8       0x18 ./Core/Src/deviceDriverSingleLed.o
                0x00000000080006a8                onAllSingLEDs
 .text.onSingleRedTraffic1
                0x00000000080006c0       0x10 ./Core/Src/deviceDriverSingleLed.o
                0x00000000080006c0                onSingleRedTraffic1
 .text.onSingleYellowTraffic1
                0x00000000080006d0       0x10 ./Core/Src/deviceDriverSingleLed.o
                0x00000000080006d0                onSingleYellowTraffic1
 .text.onSingleGreenTraffic1
                0x00000000080006e0       0x10 ./Core/Src/deviceDriverSingleLed.o
                0x00000000080006e0                onSingleGreenTraffic1
 .text.onSingleRedTraffic2
                0x00000000080006f0       0x10 ./Core/Src/deviceDriverSingleLed.o
                0x00000000080006f0                onSingleRedTraffic2
 .text.onSingleYellowTraffic2
                0x0000000008000700       0x10 ./Core/Src/deviceDriverSingleLed.o
                0x0000000008000700                onSingleYellowTraffic2
 .text.onSingleGreenTraffic2
                0x0000000008000710       0x10 ./Core/Src/deviceDriverSingleLed.o
                0x0000000008000710                onSingleGreenTraffic2
 .text.offSingleRedGreenWalk
                0x0000000008000720        0xe ./Core/Src/deviceDriverSingleLed.o
                0x0000000008000720                offSingleRedGreenWalk
 .text.onGreenOffRedWalk
                0x000000000800072e        0xe ./Core/Src/deviceDriverSingleLed.o
                0x000000000800072e                onGreenOffRedWalk
 .text.onRedOffGreenWalk
                0x000000000800073c        0xe ./Core/Src/deviceDriverSingleLed.o
                0x000000000800073c                onRedOffGreenWalk
 *fill*         0x000000000800074a        0x2 
 .text.ledWalkOperationNormalMode
                0x000000000800074c       0x84 ./Core/Src/ledWalk.o
                0x000000000800074c                ledWalkOperationNormalMode
 .text.ledWalkOperationManualMode
                0x00000000080007d0       0x84 ./Core/Src/ledWalk.o
                0x00000000080007d0                ledWalkOperationManualMode
 .text.main     0x0000000008000854       0x84 ./Core/Src/main.o
                0x0000000008000854                main
 .text.SystemClock_Config
                0x00000000080008d8       0x76 ./Core/Src/main.o
                0x00000000080008d8                SystemClock_Config
 *fill*         0x000000000800094e        0x2 
 .text.MX_TIM2_Init
                0x0000000008000950       0x98 ./Core/Src/main.o
 .text.MX_GPIO_Init
                0x00000000080009e8      0x138 ./Core/Src/main.o
 .text.HAL_TIM_PeriodElapsedCallback
                0x0000000008000b20       0x14 ./Core/Src/main.o
                0x0000000008000b20                HAL_TIM_PeriodElapsedCallback
 .text.Error_Handler
                0x0000000008000b34        0xa ./Core/Src/main.o
                0x0000000008000b34                Error_Handler
 *fill*         0x0000000008000b3e        0x2 
 .text.initStatusManualMode
                0x0000000008000b40       0x18 ./Core/Src/manualMode.o
                0x0000000008000b40                initStatusManualMode
 .text.runManualModeFunction
                0x0000000008000b58      0x1d0 ./Core/Src/manualMode.o
                0x0000000008000b58                runManualModeFunction
 .text.beginManualMode
                0x0000000008000d28       0x28 ./Core/Src/manualMode.o
                0x0000000008000d28                beginManualMode
 .text.beginWalkManualMode
                0x0000000008000d50       0x28 ./Core/Src/manualMode.o
                0x0000000008000d50                beginWalkManualMode
 .text.initStatusNormalMode
                0x0000000008000d78       0x20 ./Core/Src/normalMode.o
                0x0000000008000d78                initStatusNormalMode
 .text.runNormalMode
                0x0000000008000d98      0x35c ./Core/Src/normalMode.o
                0x0000000008000d98                runNormalMode
 .text.beginNormalMode
                0x00000000080010f4       0x2c ./Core/Src/normalMode.o
                0x00000000080010f4                beginNormalMode
 .text.beginWalkNormalMode
                0x0000000008001120       0x28 ./Core/Src/normalMode.o
                0x0000000008001120                beginWalkNormalMode
 .text.controlSingleLedTraffic
                0x0000000008001148      0x1c4 ./Core/Src/physicalSingleLed.o
                0x0000000008001148                controlSingleLedTraffic
 .text.controlSingleLedWalk
                0x000000000800130c       0x70 ./Core/Src/physicalSingleLed.o
                0x000000000800130c                controlSingleLedWalk
 .text.MX_TIM3_Init
                0x000000000800137c       0xf0 ./Core/Src/pwm.o
                0x000000000800137c                MX_TIM3_Init
 .text.buzzerSetup
                0x000000000800146c       0x24 ./Core/Src/pwm.o
                0x000000000800146c                buzzerSetup
 .text.buzzerRun
                0x0000000008001490       0x64 ./Core/Src/pwm.o
                0x0000000008001490                buzzerRun
 .text.buzzerBegin
                0x00000000080014f4       0x18 ./Core/Src/pwm.o
                0x00000000080014f4                buzzerBegin
 .text.buzzerOff
                0x000000000800150c       0x24 ./Core/Src/pwm.o
                0x000000000800150c                buzzerOff
 .text.SCH_Update
                0x0000000008001530       0x38 ./Core/Src/scho1.o
                0x0000000008001530                SCH_Update
 .text.SCH_Add_Task
                0x0000000008001568      0x220 ./Core/Src/scho1.o
                0x0000000008001568                SCH_Add_Task
 .text.SCH_Delete
                0x0000000008001788       0x7c ./Core/Src/scho1.o
                0x0000000008001788                SCH_Delete
 .text.SCH_Delete_Task
                0x0000000008001804      0x114 ./Core/Src/scho1.o
                0x0000000008001804                SCH_Delete_Task
 .text.SCH_Dispatch_Tasks
                0x0000000008001918       0x54 ./Core/Src/scho1.o
                0x0000000008001918                SCH_Dispatch_Tasks
 .text.SCH_Init
                0x000000000800196c       0x8c ./Core/Src/scho1.o
                0x000000000800196c                SCH_Init
 .text.task1    0x00000000080019f8       0x1c ./Core/Src/scho1.o
                0x00000000080019f8                task1
 .text.task2    0x0000000008001a14       0x18 ./Core/Src/scho1.o
                0x0000000008001a14                task2
 .text.task3    0x0000000008001a2c        0xc ./Core/Src/scho1.o
                0x0000000008001a2c                task3
 .text.task4    0x0000000008001a38        0xc ./Core/Src/scho1.o
                0x0000000008001a38                task4
 .text.HAL_MspInit
                0x0000000008001a44       0x64 ./Core/Src/stm32f1xx_hal_msp.o
                0x0000000008001a44                HAL_MspInit
 .text.HAL_TIM_Base_MspInit
                0x0000000008001aa8       0x70 ./Core/Src/stm32f1xx_hal_msp.o
                0x0000000008001aa8                HAL_TIM_Base_MspInit
 .text.HAL_TIM_MspPostInit
                0x0000000008001b18       0x64 ./Core/Src/stm32f1xx_hal_msp.o
                0x0000000008001b18                HAL_TIM_MspPostInit
 .text.HAL_UART_MspInit
                0x0000000008001b7c       0xa4 ./Core/Src/stm32f1xx_hal_msp.o
                0x0000000008001b7c                HAL_UART_MspInit
 .text.NMI_Handler
                0x0000000008001c20        0x6 ./Core/Src/stm32f1xx_it.o
                0x0000000008001c20                NMI_Handler
 .text.HardFault_Handler
                0x0000000008001c26        0x6 ./Core/Src/stm32f1xx_it.o
                0x0000000008001c26                HardFault_Handler
 .text.MemManage_Handler
                0x0000000008001c2c        0x6 ./Core/Src/stm32f1xx_it.o
                0x0000000008001c2c                MemManage_Handler
 .text.BusFault_Handler
                0x0000000008001c32        0x6 ./Core/Src/stm32f1xx_it.o
                0x0000000008001c32                BusFault_Handler
 .text.UsageFault_Handler
                0x0000000008001c38        0x6 ./Core/Src/stm32f1xx_it.o
                0x0000000008001c38                UsageFault_Handler
 .text.SVC_Handler
                0x0000000008001c3e        0xc ./Core/Src/stm32f1xx_it.o
                0x0000000008001c3e                SVC_Handler
 .text.DebugMon_Handler
                0x0000000008001c4a        0xc ./Core/Src/stm32f1xx_it.o
                0x0000000008001c4a                DebugMon_Handler
 .text.PendSV_Handler
                0x0000000008001c56        0xc ./Core/Src/stm32f1xx_it.o
                0x0000000008001c56                PendSV_Handler
 .text.SysTick_Handler
                0x0000000008001c62        0xc ./Core/Src/stm32f1xx_it.o
                0x0000000008001c62                SysTick_Handler
 *fill*         0x0000000008001c6e        0x2 
 .text.TIM2_IRQHandler
                0x0000000008001c70       0x14 ./Core/Src/stm32f1xx_it.o
                0x0000000008001c70                TIM2_IRQHandler
 .text.USART2_IRQHandler
                0x0000000008001c84       0x14 ./Core/Src/stm32f1xx_it.o
                0x0000000008001c84                USART2_IRQHandler
 .text.SystemInit
                0x0000000008001c98        0xc ./Core/Src/system_stm32f1xx.o
                0x0000000008001c98                SystemInit
 .text.runTuningMode
                0x0000000008001ca4       0xc4 ./Core/Src/tuningMode.o
                0x0000000008001ca4                runTuningMode
 .text.initStatusTuningMode
                0x0000000008001d68       0x18 ./Core/Src/tuningMode.o
                0x0000000008001d68                initStatusTuningMode
 .text.setValueAllOfTraffic
                0x0000000008001d80       0x3c ./Core/Src/tuningMode.o
                0x0000000008001d80                setValueAllOfTraffic
 .text.beginTuningMode
                0x0000000008001dbc       0x2c ./Core/Src/tuningMode.o
                0x0000000008001dbc                beginTuningMode
 .text.modifyTuningMode
                0x0000000008001de8       0xc4 ./Core/Src/tuningMode.o
                0x0000000008001de8                modifyTuningMode
 .text.saveTuningMode
                0x0000000008001eac       0xf0 ./Core/Src/tuningMode.o
                0x0000000008001eac                saveTuningMode
 .text.animationTuningMode
                0x0000000008001f9c       0x40 ./Core/Src/tuningMode.o
                0x0000000008001f9c                animationTuningMode
 .text.MX_USART2_UART_Init
                0x0000000008001fdc       0x54 ./Core/Src/uart.o
                0x0000000008001fdc                MX_USART2_UART_Init
 .text.printTerminalInfoTraffic2
                0x0000000008002030       0x74 ./Core/Src/uart.o
                0x0000000008002030                printTerminalInfoTraffic2
 .text.printTerminalInfoModeTraffic1
                0x00000000080020a4       0xdc ./Core/Src/uart.o
                0x00000000080020a4                printTerminalInfoModeTraffic1
 .text.Reset_Handler
                0x0000000008002180       0x48 ./Core/Startup/startup_stm32f103rbtx.o
                0x0000000008002180                Reset_Handler
 .text.Default_Handler
                0x00000000080021c8        0x2 ./Core/Startup/startup_stm32f103rbtx.o
                0x00000000080021c8                RTC_Alarm_IRQHandler
                0x00000000080021c8                EXTI2_IRQHandler
                0x00000000080021c8                TIM1_CC_IRQHandler
                0x00000000080021c8                PVD_IRQHandler
                0x00000000080021c8                EXTI3_IRQHandler
                0x00000000080021c8                EXTI0_IRQHandler
                0x00000000080021c8                I2C2_EV_IRQHandler
                0x00000000080021c8                ADC1_2_IRQHandler
                0x00000000080021c8                SPI1_IRQHandler
                0x00000000080021c8                TAMPER_IRQHandler
                0x00000000080021c8                DMA1_Channel4_IRQHandler
                0x00000000080021c8                USART3_IRQHandler
                0x00000000080021c8                RTC_IRQHandler
                0x00000000080021c8                DMA1_Channel7_IRQHandler
                0x00000000080021c8                CAN1_RX1_IRQHandler
                0x00000000080021c8                TIM4_IRQHandler
                0x00000000080021c8                I2C1_EV_IRQHandler
                0x00000000080021c8                DMA1_Channel6_IRQHandler
                0x00000000080021c8                TIM3_IRQHandler
                0x00000000080021c8                RCC_IRQHandler
                0x00000000080021c8                TIM1_TRG_COM_IRQHandler
                0x00000000080021c8                DMA1_Channel1_IRQHandler
                0x00000000080021c8                Default_Handler
                0x00000000080021c8                EXTI15_10_IRQHandler
                0x00000000080021c8                EXTI9_5_IRQHandler
                0x00000000080021c8                SPI2_IRQHandler
                0x00000000080021c8                DMA1_Channel5_IRQHandler
                0x00000000080021c8                EXTI4_IRQHandler
                0x00000000080021c8                USB_LP_CAN1_RX0_IRQHandler
                0x00000000080021c8                USB_HP_CAN1_TX_IRQHandler
                0x00000000080021c8                DMA1_Channel3_IRQHandler
                0x00000000080021c8                TIM1_UP_IRQHandler
                0x00000000080021c8                WWDG_IRQHandler
                0x00000000080021c8                TIM1_BRK_IRQHandler
                0x00000000080021c8                EXTI1_IRQHandler
                0x00000000080021c8                I2C2_ER_IRQHandler
                0x00000000080021c8                DMA1_Channel2_IRQHandler
                0x00000000080021c8                CAN1_SCE_IRQHandler
                0x00000000080021c8                FLASH_IRQHandler
                0x00000000080021c8                USART1_IRQHandler
                0x00000000080021c8                I2C1_ER_IRQHandler
                0x00000000080021c8                USBWakeUp_IRQHandler
 *fill*         0x00000000080021ca        0x2 
 .text.HAL_Init
                0x00000000080021cc       0x2c ./Drivers/STM32F1xx_HAL_Driver/Src/stm32f1xx_hal.o
                0x00000000080021cc                HAL_Init
 .text.HAL_InitTick
                0x00000000080021f8       0x60 ./Drivers/STM32F1xx_HAL_Driver/Src/stm32f1xx_hal.o
                0x00000000080021f8                HAL_InitTick
 .text.HAL_IncTick
                0x0000000008002258       0x24 ./Drivers/STM32F1xx_HAL_Driver/Src/stm32f1xx_hal.o
                0x0000000008002258                HAL_IncTick
 .text.HAL_GetTick
                0x000000000800227c       0x14 ./Drivers/STM32F1xx_HAL_Driver/Src/stm32f1xx_hal.o
                0x000000000800227c                HAL_GetTick
 .text.__NVIC_SetPriorityGrouping
                0x0000000008002290       0x48 ./Drivers/STM32F1xx_HAL_Driver/Src/stm32f1xx_hal_cortex.o
 .text.__NVIC_GetPriorityGrouping
                0x00000000080022d8       0x1c ./Drivers/STM32F1xx_HAL_Driver/Src/stm32f1xx_hal_cortex.o
 .text.__NVIC_EnableIRQ
                0x00000000080022f4       0x38 ./Drivers/STM32F1xx_HAL_Driver/Src/stm32f1xx_hal_cortex.o
 .text.__NVIC_SetPriority
                0x000000000800232c       0x54 ./Drivers/STM32F1xx_HAL_Driver/Src/stm32f1xx_hal_cortex.o
 .text.NVIC_EncodePriority
                0x0000000008002380       0x64 ./Drivers/STM32F1xx_HAL_Driver/Src/stm32f1xx_hal_cortex.o
 .text.SysTick_Config
                0x00000000080023e4       0x44 ./Drivers/STM32F1xx_HAL_Driver/Src/stm32f1xx_hal_cortex.o
 .text.HAL_NVIC_SetPriorityGrouping
                0x0000000008002428       0x16 ./Drivers/STM32F1xx_HAL_Driver/Src/stm32f1xx_hal_cortex.o
                0x0000000008002428                HAL_NVIC_SetPriorityGrouping
 .text.HAL_NVIC_SetPriority
                0x000000000800243e       0x38 ./Drivers/STM32F1xx_HAL_Driver/Src/stm32f1xx_hal_cortex.o
                0x000000000800243e                HAL_NVIC_SetPriority
 .text.HAL_NVIC_EnableIRQ
                0x0000000008002476       0x1c ./Drivers/STM32F1xx_HAL_Driver/Src/stm32f1xx_hal_cortex.o
                0x0000000008002476                HAL_NVIC_EnableIRQ
 .text.HAL_SYSTICK_Config
                0x0000000008002492       0x18 ./Drivers/STM32F1xx_HAL_Driver/Src/stm32f1xx_hal_cortex.o
                0x0000000008002492                HAL_SYSTICK_Config
 .text.HAL_DMA_Abort
                0x00000000080024aa       0x76 ./Drivers/STM32F1xx_HAL_Driver/Src/stm32f1xx_hal_dma.o
                0x00000000080024aa                HAL_DMA_Abort
 .text.HAL_DMA_Abort_IT
                0x0000000008002520       0xf0 ./Drivers/STM32F1xx_HAL_Driver/Src/stm32f1xx_hal_dma.o
                0x0000000008002520                HAL_DMA_Abort_IT
 .text.HAL_GPIO_Init
                0x0000000008002610      0x308 ./Drivers/STM32F1xx_HAL_Driver/Src/stm32f1xx_hal_gpio.o
                0x0000000008002610                HAL_GPIO_Init
 .text.HAL_GPIO_ReadPin
                0x0000000008002918       0x2e ./Drivers/STM32F1xx_HAL_Driver/Src/stm32f1xx_hal_gpio.o
                0x0000000008002918                HAL_GPIO_ReadPin
 .text.HAL_GPIO_WritePin
                0x0000000008002946       0x30 ./Drivers/STM32F1xx_HAL_Driver/Src/stm32f1xx_hal_gpio.o
                0x0000000008002946                HAL_GPIO_WritePin
 .text.HAL_GPIO_TogglePin
                0x0000000008002976       0x32 ./Drivers/STM32F1xx_HAL_Driver/Src/stm32f1xx_hal_gpio.o
                0x0000000008002976                HAL_GPIO_TogglePin
 .text.HAL_RCC_OscConfig
                0x00000000080029a8      0x504 ./Drivers/STM32F1xx_HAL_Driver/Src/stm32f1xx_hal_rcc.o
                0x00000000080029a8                HAL_RCC_OscConfig
 .text.HAL_RCC_ClockConfig
                0x0000000008002eac      0x1d4 ./Drivers/STM32F1xx_HAL_Driver/Src/stm32f1xx_hal_rcc.o
                0x0000000008002eac                HAL_RCC_ClockConfig
 .text.HAL_RCC_GetSysClockFreq
                0x0000000008003080       0xa8 ./Drivers/STM32F1xx_HAL_Driver/Src/stm32f1xx_hal_rcc.o
                0x0000000008003080                HAL_RCC_GetSysClockFreq
 .text.HAL_RCC_GetHCLKFreq
                0x0000000008003128       0x14 ./Drivers/STM32F1xx_HAL_Driver/Src/stm32f1xx_hal_rcc.o
                0x0000000008003128                HAL_RCC_GetHCLKFreq
 .text.HAL_RCC_GetPCLK1Freq
                0x000000000800313c       0x28 ./Drivers/STM32F1xx_HAL_Driver/Src/stm32f1xx_hal_rcc.o
                0x000000000800313c                HAL_RCC_GetPCLK1Freq
 .text.HAL_RCC_GetPCLK2Freq
                0x0000000008003164       0x28 ./Drivers/STM32F1xx_HAL_Driver/Src/stm32f1xx_hal_rcc.o
                0x0000000008003164                HAL_RCC_GetPCLK2Freq
 .text.RCC_Delay
                0x000000000800318c       0x3c ./Drivers/STM32F1xx_HAL_Driver/Src/stm32f1xx_hal_rcc.o
 .text.HAL_TIM_Base_Init
                0x00000000080031c8       0x9e ./Drivers/STM32F1xx_HAL_Driver/Src/stm32f1xx_hal_tim.o
                0x00000000080031c8                HAL_TIM_Base_Init
 *fill*         0x0000000008003266        0x2 
 .text.HAL_TIM_Base_Start_IT
                0x0000000008003268       0xa4 ./Drivers/STM32F1xx_HAL_Driver/Src/stm32f1xx_hal_tim.o
                0x0000000008003268                HAL_TIM_Base_Start_IT
 .text.HAL_TIM_PWM_Init
                0x000000000800330c       0x9e ./Drivers/STM32F1xx_HAL_Driver/Src/stm32f1xx_hal_tim.o
                0x000000000800330c                HAL_TIM_PWM_Init
 .text.HAL_TIM_PWM_MspInit
                0x00000000080033aa       0x12 ./Drivers/STM32F1xx_HAL_Driver/Src/stm32f1xx_hal_tim.o
                0x00000000080033aa                HAL_TIM_PWM_MspInit
 .text.HAL_TIM_PWM_Start
                0x00000000080033bc      0x144 ./Drivers/STM32F1xx_HAL_Driver/Src/stm32f1xx_hal_tim.o
                0x00000000080033bc                HAL_TIM_PWM_Start
 .text.HAL_TIM_IRQHandler
                0x0000000008003500      0x210 ./Drivers/STM32F1xx_HAL_Driver/Src/stm32f1xx_hal_tim.o
                0x0000000008003500                HAL_TIM_IRQHandler
 .text.HAL_TIM_PWM_ConfigChannel
                0x0000000008003710      0x184 ./Drivers/STM32F1xx_HAL_Driver/Src/stm32f1xx_hal_tim.o
                0x0000000008003710                HAL_TIM_PWM_ConfigChannel
 .text.HAL_TIM_ConfigClockSource
                0x0000000008003894      0x18e ./Drivers/STM32F1xx_HAL_Driver/Src/stm32f1xx_hal_tim.o
                0x0000000008003894                HAL_TIM_ConfigClockSource
 .text.HAL_TIM_OC_DelayElapsedCallback
                0x0000000008003a22       0x12 ./Drivers/STM32F1xx_HAL_Driver/Src/stm32f1xx_hal_tim.o
                0x0000000008003a22                HAL_TIM_OC_DelayElapsedCallback
 .text.HAL_TIM_IC_CaptureCallback
                0x0000000008003a34       0x12 ./Drivers/STM32F1xx_HAL_Driver/Src/stm32f1xx_hal_tim.o
                0x0000000008003a34                HAL_TIM_IC_CaptureCallback
 .text.HAL_TIM_PWM_PulseFinishedCallback
                0x0000000008003a46       0x12 ./Drivers/STM32F1xx_HAL_Driver/Src/stm32f1xx_hal_tim.o
                0x0000000008003a46                HAL_TIM_PWM_PulseFinishedCallback
 .text.HAL_TIM_TriggerCallback
                0x0000000008003a58       0x12 ./Drivers/STM32F1xx_HAL_Driver/Src/stm32f1xx_hal_tim.o
                0x0000000008003a58                HAL_TIM_TriggerCallback
 *fill*         0x0000000008003a6a        0x2 
 .text.TIM_Base_SetConfig
                0x0000000008003a6c       0xc4 ./Drivers/STM32F1xx_HAL_Driver/Src/stm32f1xx_hal_tim.o
                0x0000000008003a6c                TIM_Base_SetConfig
 .text.TIM_OC1_SetConfig
                0x0000000008003b30       0xcc ./Drivers/STM32F1xx_HAL_Driver/Src/stm32f1xx_hal_tim.o
 .text.TIM_OC2_SetConfig
                0x0000000008003bfc       0xd4 ./Drivers/STM32F1xx_HAL_Driver/Src/stm32f1xx_hal_tim.o
                0x0000000008003bfc                TIM_OC2_SetConfig
 .text.TIM_OC3_SetConfig
                0x0000000008003cd0       0xd4 ./Drivers/STM32F1xx_HAL_Driver/Src/stm32f1xx_hal_tim.o
 .text.TIM_OC4_SetConfig
                0x0000000008003da4       0x9c ./Drivers/STM32F1xx_HAL_Driver/Src/stm32f1xx_hal_tim.o
 .text.TIM_TI1_ConfigInputStage
                0x0000000008003e40       0x5c ./Drivers/STM32F1xx_HAL_Driver/Src/stm32f1xx_hal_tim.o
 .text.TIM_TI2_ConfigInputStage
                0x0000000008003e9c       0x5e ./Drivers/STM32F1xx_HAL_Driver/Src/stm32f1xx_hal_tim.o
 .text.TIM_ITRx_SetConfig
                0x0000000008003efa       0x34 ./Drivers/STM32F1xx_HAL_Driver/Src/stm32f1xx_hal_tim.o
 .text.TIM_ETR_SetConfig
                0x0000000008003f2e       0x3e ./Drivers/STM32F1xx_HAL_Driver/Src/stm32f1xx_hal_tim.o
                0x0000000008003f2e                TIM_ETR_SetConfig
 .text.TIM_CCxChannelCmd
                0x0000000008003f6c       0x48 ./Drivers/STM32F1xx_HAL_Driver/Src/stm32f1xx_hal_tim.o
                0x0000000008003f6c                TIM_CCxChannelCmd
 .text.HAL_TIMEx_MasterConfigSynchronization
                0x0000000008003fb4       0xbc ./Drivers/STM32F1xx_HAL_Driver/Src/stm32f1xx_hal_tim_ex.o
                0x0000000008003fb4                HAL_TIMEx_MasterConfigSynchronization
 .text.HAL_TIMEx_CommutCallback
                0x0000000008004070       0x12 ./Drivers/STM32F1xx_HAL_Driver/Src/stm32f1xx_hal_tim_ex.o
                0x0000000008004070                HAL_TIMEx_CommutCallback
 .text.HAL_TIMEx_BreakCallback
                0x0000000008004082       0x12 ./Drivers/STM32F1xx_HAL_Driver/Src/stm32f1xx_hal_tim_ex.o
                0x0000000008004082                HAL_TIMEx_BreakCallback
 .text.HAL_UART_Init
                0x0000000008004094       0xa0 ./Drivers/STM32F1xx_HAL_Driver/Src/stm32f1xx_hal_uart.o
                0x0000000008004094                HAL_UART_Init
 .text.HAL_UART_Transmit
                0x0000000008004134      0x106 ./Drivers/STM32F1xx_HAL_Driver/Src/stm32f1xx_hal_uart.o
                0x0000000008004134                HAL_UART_Transmit
 *fill*         0x000000000800423a        0x2 
 .text.HAL_UART_IRQHandler
                0x000000000800423c      0x524 ./Drivers/STM32F1xx_HAL_Driver/Src/stm32f1xx_hal_uart.o
                0x000000000800423c                HAL_UART_IRQHandler
 .text.HAL_UART_TxCpltCallback
                0x0000000008004760       0x12 ./Drivers/STM32F1xx_HAL_Driver/Src/stm32f1xx_hal_uart.o
                0x0000000008004760                HAL_UART_TxCpltCallback
 .text.HAL_UART_RxCpltCallback
                0x0000000008004772       0x12 ./Drivers/STM32F1xx_HAL_Driver/Src/stm32f1xx_hal_uart.o
                0x0000000008004772                HAL_UART_RxCpltCallback
 .text.HAL_UART_ErrorCallback
                0x0000000008004784       0x12 ./Drivers/STM32F1xx_HAL_Driver/Src/stm32f1xx_hal_uart.o
                0x0000000008004784                HAL_UART_ErrorCallback
 .text.HAL_UARTEx_RxEventCallback
                0x0000000008004796       0x16 ./Drivers/STM32F1xx_HAL_Driver/Src/stm32f1xx_hal_uart.o
                0x0000000008004796                HAL_UARTEx_RxEventCallback
 .text.UART_WaitOnFlagUntilTimeout
                0x00000000080047ac       0xdc ./Drivers/STM32F1xx_HAL_Driver/Src/stm32f1xx_hal_uart.o
 .text.UART_EndRxTransfer
                0x0000000008004888       0xc4 ./Drivers/STM32F1xx_HAL_Driver/Src/stm32f1xx_hal_uart.o
 .text.UART_DMAAbortOnError
                0x000000000800494c       0x28 ./Drivers/STM32F1xx_HAL_Driver/Src/stm32f1xx_hal_uart.o
 .text.UART_Transmit_IT
                0x0000000008004974       0x9e ./Drivers/STM32F1xx_HAL_Driver/Src/stm32f1xx_hal_uart.o
 .text.UART_EndTransmit_IT
                0x0000000008004a12       0x30 ./Drivers/STM32F1xx_HAL_Driver/Src/stm32f1xx_hal_uart.o
 .text.UART_Receive_IT
                0x0000000008004a42      0x17c ./Drivers/STM32F1xx_HAL_Driver/Src/stm32f1xx_hal_uart.o
 *fill*         0x0000000008004bbe        0x2 
 .text.UART_SetConfig
                0x0000000008004bc0      0x11c ./Drivers/STM32F1xx_HAL_Driver/Src/stm32f1xx_hal_uart.o
 .text.__libc_init_array
                0x0000000008004cdc       0x48 c:/users/acer/desktop/dhbk/hk5/vxl/stm32/stm32cubeide_1.12.1/stm32cubeide/plugins/com.st.stm32cube.ide.mcu.externaltools.gnu-tools-for-stm32.10.3-2021.10.win32_1.0.200.202301161003/tools/bin/../lib/gcc/arm-none-eabi/10.3.1/../../../../arm-none-eabi/lib/thumb/v7-m/nofp\libc_nano.a(lib_a-init.o)
                0x0000000008004cdc                __libc_init_array
 .text.__itoa   0x0000000008004d24       0x30 c:/users/acer/desktop/dhbk/hk5/vxl/stm32/stm32cubeide_1.12.1/stm32cubeide/plugins/com.st.stm32cube.ide.mcu.externaltools.gnu-tools-for-stm32.10.3-2021.10.win32_1.0.200.202301161003/tools/bin/../lib/gcc/arm-none-eabi/10.3.1/../../../../arm-none-eabi/lib/thumb/v7-m/nofp\libc_nano.a(lib_a-itoa.o)
                0x0000000008004d24                __itoa
 .text.itoa     0x0000000008004d54        0x4 c:/users/acer/desktop/dhbk/hk5/vxl/stm32/stm32cubeide_1.12.1/stm32cubeide/plugins/com.st.stm32cube.ide.mcu.externaltools.gnu-tools-for-stm32.10.3-2021.10.win32_1.0.200.202301161003/tools/bin/../lib/gcc/arm-none-eabi/10.3.1/../../../../arm-none-eabi/lib/thumb/v7-m/nofp\libc_nano.a(lib_a-itoa.o)
                0x0000000008004d54                itoa
 .text.memset   0x0000000008004d58       0x10 c:/users/acer/desktop/dhbk/hk5/vxl/stm32/stm32cubeide_1.12.1/stm32cubeide/plugins/com.st.stm32cube.ide.mcu.externaltools.gnu-tools-for-stm32.10.3-2021.10.win32_1.0.200.202301161003/tools/bin/../lib/gcc/arm-none-eabi/10.3.1/../../../../arm-none-eabi/lib/thumb/v7-m/nofp\libc_nano.a(lib_a-memset.o)
                0x0000000008004d58                memset
 .text.__utoa   0x0000000008004d68       0x84 c:/users/acer/desktop/dhbk/hk5/vxl/stm32/stm32cubeide_1.12.1/stm32cubeide/plugins/com.st.stm32cube.ide.mcu.externaltools.gnu-tools-for-stm32.10.3-2021.10.win32_1.0.200.202301161003/tools/bin/../lib/gcc/arm-none-eabi/10.3.1/../../../../arm-none-eabi/lib/thumb/v7-m/nofp\libc_nano.a(lib_a-utoa.o)
                0x0000000008004d68                __utoa
 *(.glue_7)
 .glue_7        0x0000000008004dec        0x0 linker stubs
 *(.glue_7t)
 .glue_7t       0x0000000008004dec        0x0 linker stubs
 *(.eh_frame)
 .eh_frame      0x0000000008004dec        0x0 c:/users/acer/desktop/dhbk/hk5/vxl/stm32/stm32cubeide_1.12.1/stm32cubeide/plugins/com.st.stm32cube.ide.mcu.externaltools.gnu-tools-for-stm32.10.3-2021.10.win32_1.0.200.202301161003/tools/bin/../lib/gcc/arm-none-eabi/10.3.1/thumb/v7-m/nofp/crtbegin.o
 *(.init)
 .init          0x0000000008004dec        0x4 c:/users/acer/desktop/dhbk/hk5/vxl/stm32/stm32cubeide_1.12.1/stm32cubeide/plugins/com.st.stm32cube.ide.mcu.externaltools.gnu-tools-for-stm32.10.3-2021.10.win32_1.0.200.202301161003/tools/bin/../lib/gcc/arm-none-eabi/10.3.1/thumb/v7-m/nofp/crti.o
                0x0000000008004dec                _init
 .init          0x0000000008004df0        0x8 c:/users/acer/desktop/dhbk/hk5/vxl/stm32/stm32cubeide_1.12.1/stm32cubeide/plugins/com.st.stm32cube.ide.mcu.externaltools.gnu-tools-for-stm32.10.3-2021.10.win32_1.0.200.202301161003/tools/bin/../lib/gcc/arm-none-eabi/10.3.1/thumb/v7-m/nofp/crtn.o
 *(.fini)
 .fini          0x0000000008004df8        0x4 c:/users/acer/desktop/dhbk/hk5/vxl/stm32/stm32cubeide_1.12.1/stm32cubeide/plugins/com.st.stm32cube.ide.mcu.externaltools.gnu-tools-for-stm32.10.3-2021.10.win32_1.0.200.202301161003/tools/bin/../lib/gcc/arm-none-eabi/10.3.1/thumb/v7-m/nofp/crti.o
                0x0000000008004df8                _fini
 .fini          0x0000000008004dfc        0x8 c:/users/acer/desktop/dhbk/hk5/vxl/stm32/stm32cubeide_1.12.1/stm32cubeide/plugins/com.st.stm32cube.ide.mcu.externaltools.gnu-tools-for-stm32.10.3-2021.10.win32_1.0.200.202301161003/tools/bin/../lib/gcc/arm-none-eabi/10.3.1/thumb/v7-m/nofp/crtn.o
                0x0000000008004e04                . = ALIGN (0x4)
                0x0000000008004e04                _etext = .

.vfp11_veneer   0x0000000008004e04        0x0
 .vfp11_veneer  0x0000000008004e04        0x0 linker stubs

.v4_bx          0x0000000008004e04        0x0
 .v4_bx         0x0000000008004e04        0x0 linker stubs

.iplt           0x0000000008004e04        0x0
 .iplt          0x0000000008004e04        0x0 c:/users/acer/desktop/dhbk/hk5/vxl/stm32/stm32cubeide_1.12.1/stm32cubeide/plugins/com.st.stm32cube.ide.mcu.externaltools.gnu-tools-for-stm32.10.3-2021.10.win32_1.0.200.202301161003/tools/bin/../lib/gcc/arm-none-eabi/10.3.1/thumb/v7-m/nofp/crtbegin.o

.rodata         0x0000000008004e04       0x8c
                0x0000000008004e04                . = ALIGN (0x4)
 *(.rodata)
 .rodata        0x0000000008004e04       0x28 ./Core/Src/tuningMode.o
 .rodata        0x0000000008004e2c       0x13 ./Core/Src/uart.o
 *(.rodata*)
 *fill*         0x0000000008004e3f        0x1 
 .rodata.AHBPrescTable
                0x0000000008004e40       0x10 ./Core/Src/system_stm32f1xx.o
                0x0000000008004e40                AHBPrescTable
 .rodata.APBPrescTable
                0x0000000008004e50        0x8 ./Core/Src/system_stm32f1xx.o
                0x0000000008004e50                APBPrescTable
 .rodata.aPLLMULFactorTable.1
                0x0000000008004e58       0x10 ./Drivers/STM32F1xx_HAL_Driver/Src/stm32f1xx_hal_rcc.o
 .rodata.aPredivFactorTable.0
                0x0000000008004e68        0x2 ./Drivers/STM32F1xx_HAL_Driver/Src/stm32f1xx_hal_rcc.o
 .rodata.__utoa.str1.1
                0x0000000008004e6a       0x25 c:/users/acer/desktop/dhbk/hk5/vxl/stm32/stm32cubeide_1.12.1/stm32cubeide/plugins/com.st.stm32cube.ide.mcu.externaltools.gnu-tools-for-stm32.10.3-2021.10.win32_1.0.200.202301161003/tools/bin/../lib/gcc/arm-none-eabi/10.3.1/../../../../arm-none-eabi/lib/thumb/v7-m/nofp\libc_nano.a(lib_a-utoa.o)
                0x0000000008004e90                . = ALIGN (0x4)
 *fill*         0x0000000008004e8f        0x1 

.rel.dyn        0x0000000008004e90        0x0
 .rel.iplt      0x0000000008004e90        0x0 c:/users/acer/desktop/dhbk/hk5/vxl/stm32/stm32cubeide_1.12.1/stm32cubeide/plugins/com.st.stm32cube.ide.mcu.externaltools.gnu-tools-for-stm32.10.3-2021.10.win32_1.0.200.202301161003/tools/bin/../lib/gcc/arm-none-eabi/10.3.1/thumb/v7-m/nofp/crtbegin.o

.ARM.extab      0x0000000008004e90        0x0
                0x0000000008004e90                . = ALIGN (0x4)
 *(.ARM.extab* .gnu.linkonce.armextab.*)
                0x0000000008004e90                . = ALIGN (0x4)

.ARM            0x0000000008004e90        0x0
                0x0000000008004e90                . = ALIGN (0x4)
                0x0000000008004e90                __exidx_start = .
 *(.ARM.exidx*)
                0x0000000008004e90                __exidx_end = .
                0x0000000008004e90                . = ALIGN (0x4)

.preinit_array  0x0000000008004e90        0x0
                0x0000000008004e90                . = ALIGN (0x4)
                0x0000000008004e90                PROVIDE (__preinit_array_start = .)
 *(.preinit_array*)
                0x0000000008004e90                PROVIDE (__preinit_array_end = .)
                0x0000000008004e90                . = ALIGN (0x4)

.init_array     0x0000000008004e90        0x4
                0x0000000008004e90                . = ALIGN (0x4)
                0x0000000008004e90                PROVIDE (__init_array_start = .)
 *(SORT_BY_NAME(.init_array.*))
 *(.init_array*)
 .init_array    0x0000000008004e90        0x4 c:/users/acer/desktop/dhbk/hk5/vxl/stm32/stm32cubeide_1.12.1/stm32cubeide/plugins/com.st.stm32cube.ide.mcu.externaltools.gnu-tools-for-stm32.10.3-2021.10.win32_1.0.200.202301161003/tools/bin/../lib/gcc/arm-none-eabi/10.3.1/thumb/v7-m/nofp/crtbegin.o
                0x0000000008004e94                PROVIDE (__init_array_end = .)
                0x0000000008004e94                . = ALIGN (0x4)

.fini_array     0x0000000008004e94        0x4
                0x0000000008004e94                . = ALIGN (0x4)
                [!provide]                        PROVIDE (__fini_array_start = .)
 *(SORT_BY_NAME(.fini_array.*))
 *(.fini_array*)
 .fini_array    0x0000000008004e94        0x4 c:/users/acer/desktop/dhbk/hk5/vxl/stm32/stm32cubeide_1.12.1/stm32cubeide/plugins/com.st.stm32cube.ide.mcu.externaltools.gnu-tools-for-stm32.10.3-2021.10.win32_1.0.200.202301161003/tools/bin/../lib/gcc/arm-none-eabi/10.3.1/thumb/v7-m/nofp/crtbegin.o
                [!provide]                        PROVIDE (__fini_array_end = .)
                0x0000000008004e98                . = ALIGN (0x4)
                0x0000000008004e98                _sidata = LOADADDR (.data)

.data           0x0000000020000000       0x78 load address 0x0000000008004e98
                0x0000000020000000                . = ALIGN (0x4)
                0x0000000020000000                _sdata = .
 *(.data)
 *(.data*)
 .data.buttonPort
                0x0000000020000000        0xc ./Core/Src/button.o
                0x0000000020000000                buttonPort
 .data.buttonPin
                0x000000002000000c        0x6 ./Core/Src/button.o
                0x000000002000000c                buttonPin
 *fill*         0x0000000020000012        0x2 
 .data.state0Button
                0x0000000020000014        0xc ./Core/Src/button.o
                0x0000000020000014                state0Button
 .data.state1Button
                0x0000000020000020        0xc ./Core/Src/button.o
                0x0000000020000020                state1Button
 .data.state2Button
                0x000000002000002c        0xc ./Core/Src/button.o
                0x000000002000002c                state2Button
 .data.state3Button
                0x0000000020000038        0xc ./Core/Src/button.o
                0x0000000020000038                state3Button
 .data.timerLongPress
                0x0000000020000044        0xc ./Core/Src/button.o
                0x0000000020000044                timerLongPress
 .data.modeStatus
                0x0000000020000050        0x4 ./Core/Src/button.o
                0x0000000020000050                modeStatus
 .data.tempDurationLedRed
                0x0000000020000054        0x4 ./Core/Src/deviceDriver7Segment.o
                0x0000000020000054                tempDurationLedRed
 .data.tempDurationLedGreen
                0x0000000020000058        0x4 ./Core/Src/deviceDriver7Segment.o
                0x0000000020000058                tempDurationLedGreen
 .data.tempDurationLedYellow
                0x000000002000005c        0x4 ./Core/Src/deviceDriver7Segment.o
                0x000000002000005c                tempDurationLedYellow
 .data.durationLedRed
                0x0000000020000060        0x4 ./Core/Src/deviceDriver7Segment.o
                0x0000000020000060                durationLedRed
 .data.durationLedGreen
                0x0000000020000064        0x4 ./Core/Src/deviceDriver7Segment.o
                0x0000000020000064                durationLedGreen
 .data.durationLedYellow
                0x0000000020000068        0x4 ./Core/Src/deviceDriver7Segment.o
                0x0000000020000068                durationLedYellow
 .data.SystemCoreClock
                0x000000002000006c        0x4 ./Core/Src/system_stm32f1xx.o
                0x000000002000006c                SystemCoreClock
 .data.uwTickPrio
                0x0000000020000070        0x4 ./Drivers/STM32F1xx_HAL_Driver/Src/stm32f1xx_hal.o
                0x0000000020000070                uwTickPrio
 .data.uwTickFreq
                0x0000000020000074        0x1 ./Drivers/STM32F1xx_HAL_Driver/Src/stm32f1xx_hal.o
                0x0000000020000074                uwTickFreq
 *(.RamFunc)
 *(.RamFunc*)
                0x0000000020000078                . = ALIGN (0x4)
 *fill*         0x0000000020000075        0x3 
                0x0000000020000078                _edata = .

.igot.plt       0x0000000020000078        0x0 load address 0x0000000008004f10
 .igot.plt      0x0000000020000078        0x0 c:/users/acer/desktop/dhbk/hk5/vxl/stm32/stm32cubeide_1.12.1/stm32cubeide/plugins/com.st.stm32cube.ide.mcu.externaltools.gnu-tools-for-stm32.10.3-2021.10.win32_1.0.200.202301161003/tools/bin/../lib/gcc/arm-none-eabi/10.3.1/thumb/v7-m/nofp/crtbegin.o
                0x0000000020000078                . = ALIGN (0x4)

.bss            0x0000000020000078      0x484 load address 0x0000000008004f10
                0x0000000020000078                _sbss = .
                0x0000000020000078                __bss_start__ = _sbss
 *(.bss)
 .bss           0x0000000020000078       0x1c c:/users/acer/desktop/dhbk/hk5/vxl/stm32/stm32cubeide_1.12.1/stm32cubeide/plugins/com.st.stm32cube.ide.mcu.externaltools.gnu-tools-for-stm32.10.3-2021.10.win32_1.0.200.202301161003/tools/bin/../lib/gcc/arm-none-eabi/10.3.1/thumb/v7-m/nofp/crtbegin.o
 *(.bss*)
 .bss.timerNormalState
                0x0000000020000094        0xc ./Core/Src/button.o
                0x0000000020000094                timerNormalState
 .bss.eventButtonPressed
                0x00000000200000a0        0xc ./Core/Src/button.o
                0x00000000200000a0                eventButtonPressed
 .bss.eventButtonDrop
                0x00000000200000ac        0xc ./Core/Src/button.o
                0x00000000200000ac                eventButtonDrop
 .bss.led_buffer
                0x00000000200000b8        0xc ./Core/Src/deviceDriver7Segment.o
                0x00000000200000b8                led_buffer
 .bss.numberFreq
                0x00000000200000c4        0x4 ./Core/Src/ledWalk.o
                0x00000000200000c4                numberFreq
 .bss.statusLedWalkButton3Press
                0x00000000200000c8        0x4 ./Core/Src/ledWalk.o
                0x00000000200000c8                statusLedWalkButton3Press
 .bss.htim2     0x00000000200000cc       0x48 ./Core/Src/main.o
                0x00000000200000cc                htim2
 .bss.statusManualMode
                0x0000000020000114        0x4 ./Core/Src/manualMode.o
                0x0000000020000114                statusManualMode
 .bss.statusTraffic1
                0x0000000020000118        0x4 ./Core/Src/normalMode.o
                0x0000000020000118                statusTraffic1
 .bss.statusTraffic2
                0x000000002000011c        0x4 ./Core/Src/normalMode.o
                0x000000002000011c                statusTraffic2
 .bss.counterLedRed1
                0x0000000020000120        0x4 ./Core/Src/normalMode.o
                0x0000000020000120                counterLedRed1
 .bss.counterLedRed2
                0x0000000020000124        0x4 ./Core/Src/normalMode.o
                0x0000000020000124                counterLedRed2
 .bss.counterLedGreen1
                0x0000000020000128        0x4 ./Core/Src/normalMode.o
                0x0000000020000128                counterLedGreen1
 .bss.counterLedGreen2
                0x000000002000012c        0x4 ./Core/Src/normalMode.o
                0x000000002000012c                counterLedGreen2
 .bss.counterLedYellow1
                0x0000000020000130        0x4 ./Core/Src/normalMode.o
                0x0000000020000130                counterLedYellow1
 .bss.counterLedYellow2
                0x0000000020000134        0x4 ./Core/Src/normalMode.o
                0x0000000020000134                counterLedYellow2
 .bss.htim3     0x0000000020000138       0x48 ./Core/Src/pwm.o
                0x0000000020000138                htim3
 .bss.flagBuzzer
                0x0000000020000180        0x4 ./Core/Src/pwm.o
                0x0000000020000180                flagBuzzer
 .bss.pre       0x0000000020000184        0x4 ./Core/Src/pwm.o
                0x0000000020000184                pre
 .bss.com       0x0000000020000188        0x4 ./Core/Src/pwm.o
                0x0000000020000188                com
 .bss.SCH_tasks_G
                0x000000002000018c      0x320 ./Core/Src/scho1.o
                0x000000002000018c                SCH_tasks_G
 .bss.statusTuningMode
                0x00000000200004ac        0x4 ./Core/Src/tuningMode.o
                0x00000000200004ac                statusTuningMode
 .bss.huart2    0x00000000200004b0       0x48 ./Core/Src/uart.o
                0x00000000200004b0                huart2
 .bss.uwTick    0x00000000200004f8        0x4 ./Drivers/STM32F1xx_HAL_Driver/Src/stm32f1xx_hal.o
                0x00000000200004f8                uwTick
 *(COMMON)
                0x00000000200004fc                . = ALIGN (0x4)
                0x00000000200004fc                _ebss = .
                0x00000000200004fc                __bss_end__ = _ebss

._user_heap_stack
                0x00000000200004fc      0x604 load address 0x0000000008004f10
                0x0000000020000500                . = ALIGN (0x8)
 *fill*         0x00000000200004fc        0x4 
                [!provide]                        PROVIDE (end = .)
                0x0000000020000500                PROVIDE (_end = .)
                0x0000000020000700                . = (. + _Min_Heap_Size)
 *fill*         0x0000000020000500      0x200 
                0x0000000020000b00                . = (. + _Min_Stack_Size)
 *fill*         0x0000000020000700      0x400 
                0x0000000020000b00                . = ALIGN (0x8)

/DISCARD/
 libc.a(*)
 libm.a(*)
 libgcc.a(*)

.ARM.attributes
                0x0000000000000000       0x29
 *(.ARM.attributes)
 .ARM.attributes
                0x0000000000000000       0x1d c:/users/acer/desktop/dhbk/hk5/vxl/stm32/stm32cubeide_1.12.1/stm32cubeide/plugins/com.st.stm32cube.ide.mcu.externaltools.gnu-tools-for-stm32.10.3-2021.10.win32_1.0.200.202301161003/tools/bin/../lib/gcc/arm-none-eabi/10.3.1/thumb/v7-m/nofp/crti.o
 .ARM.attributes
                0x000000000000001d       0x2d c:/users/acer/desktop/dhbk/hk5/vxl/stm32/stm32cubeide_1.12.1/stm32cubeide/plugins/com.st.stm32cube.ide.mcu.externaltools.gnu-tools-for-stm32.10.3-2021.10.win32_1.0.200.202301161003/tools/bin/../lib/gcc/arm-none-eabi/10.3.1/thumb/v7-m/nofp/crtbegin.o
 .ARM.attributes
                0x000000000000004a       0x2d ./Core/Src/button.o
 .ARM.attributes
                0x0000000000000077       0x2d ./Core/Src/deviceDriver7Segment.o
 .ARM.attributes
                0x00000000000000a4       0x2d ./Core/Src/deviceDriverSingleLed.o
 .ARM.attributes
                0x00000000000000d1       0x2d ./Core/Src/ledWalk.o
 .ARM.attributes
                0x00000000000000fe       0x2d ./Core/Src/main.o
 .ARM.attributes
                0x000000000000012b       0x2d ./Core/Src/manualMode.o
 .ARM.attributes
                0x0000000000000158       0x2d ./Core/Src/normalMode.o
 .ARM.attributes
                0x0000000000000185       0x2d ./Core/Src/physicalSingleLed.o
 .ARM.attributes
                0x00000000000001b2       0x2d ./Core/Src/pwm.o
 .ARM.attributes
                0x00000000000001df       0x2d ./Core/Src/scho1.o
 .ARM.attributes
                0x000000000000020c       0x2d ./Core/Src/stm32f1xx_hal_msp.o
 .ARM.attributes
                0x0000000000000239       0x2d ./Core/Src/stm32f1xx_it.o
 .ARM.attributes
                0x0000000000000266       0x2d ./Core/Src/system_stm32f1xx.o
 .ARM.attributes
                0x0000000000000293       0x2d ./Core/Src/tuningMode.o
 .ARM.attributes
                0x00000000000002c0       0x2d ./Core/Src/uart.o
 .ARM.attributes
                0x00000000000002ed       0x21 ./Core/Startup/startup_stm32f103rbtx.o
 .ARM.attributes
                0x000000000000030e       0x2d ./Drivers/STM32F1xx_HAL_Driver/Src/stm32f1xx_hal.o
 .ARM.attributes
                0x000000000000033b       0x2d ./Drivers/STM32F1xx_HAL_Driver/Src/stm32f1xx_hal_cortex.o
 .ARM.attributes
                0x0000000000000368       0x2d ./Drivers/STM32F1xx_HAL_Driver/Src/stm32f1xx_hal_dma.o
 .ARM.attributes
                0x0000000000000395       0x2d ./Drivers/STM32F1xx_HAL_Driver/Src/stm32f1xx_hal_gpio.o
 .ARM.attributes
                0x00000000000003c2       0x2d ./Drivers/STM32F1xx_HAL_Driver/Src/stm32f1xx_hal_rcc.o
 .ARM.attributes
                0x00000000000003ef       0x2d ./Drivers/STM32F1xx_HAL_Driver/Src/stm32f1xx_hal_tim.o
 .ARM.attributes
                0x000000000000041c       0x2d ./Drivers/STM32F1xx_HAL_Driver/Src/stm32f1xx_hal_tim_ex.o
 .ARM.attributes
                0x0000000000000449       0x2d ./Drivers/STM32F1xx_HAL_Driver/Src/stm32f1xx_hal_uart.o
 .ARM.attributes
                0x0000000000000476       0x2d c:/users/acer/desktop/dhbk/hk5/vxl/stm32/stm32cubeide_1.12.1/stm32cubeide/plugins/com.st.stm32cube.ide.mcu.externaltools.gnu-tools-for-stm32.10.3-2021.10.win32_1.0.200.202301161003/tools/bin/../lib/gcc/arm-none-eabi/10.3.1/../../../../arm-none-eabi/lib/thumb/v7-m/nofp\libc_nano.a(lib_a-init.o)
 .ARM.attributes
                0x00000000000004a3       0x2d c:/users/acer/desktop/dhbk/hk5/vxl/stm32/stm32cubeide_1.12.1/stm32cubeide/plugins/com.st.stm32cube.ide.mcu.externaltools.gnu-tools-for-stm32.10.3-2021.10.win32_1.0.200.202301161003/tools/bin/../lib/gcc/arm-none-eabi/10.3.1/../../../../arm-none-eabi/lib/thumb/v7-m/nofp\libc_nano.a(lib_a-itoa.o)
 .ARM.attributes
                0x00000000000004d0       0x2d c:/users/acer/desktop/dhbk/hk5/vxl/stm32/stm32cubeide_1.12.1/stm32cubeide/plugins/com.st.stm32cube.ide.mcu.externaltools.gnu-tools-for-stm32.10.3-2021.10.win32_1.0.200.202301161003/tools/bin/../lib/gcc/arm-none-eabi/10.3.1/../../../../arm-none-eabi/lib/thumb/v7-m/nofp\libc_nano.a(lib_a-memset.o)
 .ARM.attributes
                0x00000000000004fd       0x2d c:/users/acer/desktop/dhbk/hk5/vxl/stm32/stm32cubeide_1.12.1/stm32cubeide/plugins/com.st.stm32cube.ide.mcu.externaltools.gnu-tools-for-stm32.10.3-2021.10.win32_1.0.200.202301161003/tools/bin/../lib/gcc/arm-none-eabi/10.3.1/../../../../arm-none-eabi/lib/thumb/v7-m/nofp\libc_nano.a(lib_a-utoa.o)
 .ARM.attributes
                0x000000000000052a       0x1d c:/users/acer/desktop/dhbk/hk5/vxl/stm32/stm32cubeide_1.12.1/stm32cubeide/plugins/com.st.stm32cube.ide.mcu.externaltools.gnu-tools-for-stm32.10.3-2021.10.win32_1.0.200.202301161003/tools/bin/../lib/gcc/arm-none-eabi/10.3.1/thumb/v7-m/nofp/crtn.o
OUTPUT(projject.elf elf32-littlearm)
LOAD linker stubs
LOAD c:/users/acer/desktop/dhbk/hk5/vxl/stm32/stm32cubeide_1.12.1/stm32cubeide/plugins/com.st.stm32cube.ide.mcu.externaltools.gnu-tools-for-stm32.10.3-2021.10.win32_1.0.200.202301161003/tools/bin/../lib/gcc/arm-none-eabi/10.3.1/../../../../arm-none-eabi/lib/thumb/v7-m/nofp\libc.a
LOAD c:/users/acer/desktop/dhbk/hk5/vxl/stm32/stm32cubeide_1.12.1/stm32cubeide/plugins/com.st.stm32cube.ide.mcu.externaltools.gnu-tools-for-stm32.10.3-2021.10.win32_1.0.200.202301161003/tools/bin/../lib/gcc/arm-none-eabi/10.3.1/../../../../arm-none-eabi/lib/thumb/v7-m/nofp\libm.a
LOAD c:/users/acer/desktop/dhbk/hk5/vxl/stm32/stm32cubeide_1.12.1/stm32cubeide/plugins/com.st.stm32cube.ide.mcu.externaltools.gnu-tools-for-stm32.10.3-2021.10.win32_1.0.200.202301161003/tools/bin/../lib/gcc/arm-none-eabi/10.3.1/thumb/v7-m/nofp\libgcc.a

.debug_info     0x0000000000000000     0xec33
 .debug_info    0x0000000000000000      0x3a0 ./Core/Src/button.o
 .debug_info    0x00000000000003a0      0x19e ./Core/Src/deviceDriver7Segment.o
 .debug_info    0x000000000000053e      0x19c ./Core/Src/deviceDriverSingleLed.o
 .debug_info    0x00000000000006da      0x139 ./Core/Src/ledWalk.o
 .debug_info    0x0000000000000813      0xcd5 ./Core/Src/main.o
 .debug_info    0x00000000000014e8      0x1f3 ./Core/Src/manualMode.o
 .debug_info    0x00000000000016db      0x28f ./Core/Src/normalMode.o
 .debug_info    0x000000000000196a      0x1f8 ./Core/Src/physicalSingleLed.o
 .debug_info    0x0000000000001b62      0x8e2 ./Core/Src/pwm.o
 .debug_info    0x0000000000002444      0x3ac ./Core/Src/scho1.o
 .debug_info    0x00000000000027f0      0xe1b ./Core/Src/stm32f1xx_hal_msp.o
 .debug_info    0x000000000000360b      0x9b7 ./Core/Src/stm32f1xx_it.o
 .debug_info    0x0000000000003fc2      0x23d ./Core/Src/system_stm32f1xx.o
 .debug_info    0x00000000000041ff      0x7a8 ./Core/Src/tuningMode.o
 .debug_info    0x00000000000049a7      0x734 ./Core/Src/uart.o
 .debug_info    0x00000000000050db       0x22 ./Core/Startup/startup_stm32f103rbtx.o
 .debug_info    0x00000000000050fd      0x734 ./Drivers/STM32F1xx_HAL_Driver/Src/stm32f1xx_hal.o
 .debug_info    0x0000000000005831      0xb20 ./Drivers/STM32F1xx_HAL_Driver/Src/stm32f1xx_hal_cortex.o
 .debug_info    0x0000000000006351      0x744 ./Drivers/STM32F1xx_HAL_Driver/Src/stm32f1xx_hal_dma.o
 .debug_info    0x0000000000006a95      0x615 ./Drivers/STM32F1xx_HAL_Driver/Src/stm32f1xx_hal_gpio.o
 .debug_info    0x00000000000070aa      0x865 ./Drivers/STM32F1xx_HAL_Driver/Src/stm32f1xx_hal_rcc.o
 .debug_info    0x000000000000790f     0x2bab ./Drivers/STM32F1xx_HAL_Driver/Src/stm32f1xx_hal_tim.o
 .debug_info    0x000000000000a4ba     0x15c7 ./Drivers/STM32F1xx_HAL_Driver/Src/stm32f1xx_hal_tim_ex.o
 .debug_info    0x000000000000ba81     0x31b2 ./Drivers/STM32F1xx_HAL_Driver/Src/stm32f1xx_hal_uart.o

.debug_abbrev   0x0000000000000000     0x2735
 .debug_abbrev  0x0000000000000000      0x19e ./Core/Src/button.o
 .debug_abbrev  0x000000000000019e       0xb5 ./Core/Src/deviceDriver7Segment.o
 .debug_abbrev  0x0000000000000253       0x61 ./Core/Src/deviceDriverSingleLed.o
 .debug_abbrev  0x00000000000002b4       0x7f ./Core/Src/ledWalk.o
 .debug_abbrev  0x0000000000000333      0x2b8 ./Core/Src/main.o
 .debug_abbrev  0x00000000000005eb       0xb3 ./Core/Src/manualMode.o
 .debug_abbrev  0x000000000000069e       0xc6 ./Core/Src/normalMode.o
 .debug_abbrev  0x0000000000000764      0x114 ./Core/Src/physicalSingleLed.o
 .debug_abbrev  0x0000000000000878      0x1ea ./Core/Src/pwm.o
 .debug_abbrev  0x0000000000000a62      0x1a4 ./Core/Src/scho1.o
 .debug_abbrev  0x0000000000000c06      0x1cc ./Core/Src/stm32f1xx_hal_msp.o
 .debug_abbrev  0x0000000000000dd2      0x18b ./Core/Src/stm32f1xx_it.o
 .debug_abbrev  0x0000000000000f5d      0x13b ./Core/Src/system_stm32f1xx.o
 .debug_abbrev  0x0000000000001098      0x1e2 ./Core/Src/tuningMode.o
 .debug_abbrev  0x000000000000127a      0x1b1 ./Core/Src/uart.o
 .debug_abbrev  0x000000000000142b       0x12 ./Core/Startup/startup_stm32f103rbtx.o
 .debug_abbrev  0x000000000000143d      0x1fb ./Drivers/STM32F1xx_HAL_Driver/Src/stm32f1xx_hal.o
 .debug_abbrev  0x0000000000001638      0x2ed ./Drivers/STM32F1xx_HAL_Driver/Src/stm32f1xx_hal_cortex.o
 .debug_abbrev  0x0000000000001925      0x1fe ./Drivers/STM32F1xx_HAL_Driver/Src/stm32f1xx_hal_dma.o
 .debug_abbrev  0x0000000000001b23      0x1bb ./Drivers/STM32F1xx_HAL_Driver/Src/stm32f1xx_hal_gpio.o
 .debug_abbrev  0x0000000000001cde      0x2a8 ./Drivers/STM32F1xx_HAL_Driver/Src/stm32f1xx_hal_rcc.o
 .debug_abbrev  0x0000000000001f86      0x264 ./Drivers/STM32F1xx_HAL_Driver/Src/stm32f1xx_hal_tim.o
 .debug_abbrev  0x00000000000021ea      0x26c ./Drivers/STM32F1xx_HAL_Driver/Src/stm32f1xx_hal_tim_ex.o
 .debug_abbrev  0x0000000000002456      0x2df ./Drivers/STM32F1xx_HAL_Driver/Src/stm32f1xx_hal_uart.o

.debug_aranges  0x0000000000000000      0xeb8
 .debug_aranges
                0x0000000000000000       0x30 ./Core/Src/button.o
 .debug_aranges
                0x0000000000000030       0x38 ./Core/Src/deviceDriver7Segment.o
 .debug_aranges
                0x0000000000000068       0x88 ./Core/Src/deviceDriverSingleLed.o
 .debug_aranges
                0x00000000000000f0       0x28 ./Core/Src/ledWalk.o
 .debug_aranges
                0x0000000000000118       0x48 ./Core/Src/main.o
 .debug_aranges
                0x0000000000000160       0x38 ./Core/Src/manualMode.o
 .debug_aranges
                0x0000000000000198       0x38 ./Core/Src/normalMode.o
 .debug_aranges
                0x00000000000001d0       0x28 ./Core/Src/physicalSingleLed.o
 .debug_aranges
                0x00000000000001f8       0x40 ./Core/Src/pwm.o
 .debug_aranges
                0x0000000000000238       0x70 ./Core/Src/scho1.o
 .debug_aranges
                0x00000000000002a8       0x48 ./Core/Src/stm32f1xx_hal_msp.o
 .debug_aranges
                0x00000000000002f0       0x70 ./Core/Src/stm32f1xx_it.o
 .debug_aranges
                0x0000000000000360       0x28 ./Core/Src/system_stm32f1xx.o
 .debug_aranges
                0x0000000000000388       0x50 ./Core/Src/tuningMode.o
 .debug_aranges
                0x00000000000003d8       0x30 ./Core/Src/uart.o
 .debug_aranges
                0x0000000000000408       0x28 ./Core/Startup/startup_stm32f103rbtx.o
 .debug_aranges
                0x0000000000000430       0xe0 ./Drivers/STM32F1xx_HAL_Driver/Src/stm32f1xx_hal.o
 .debug_aranges
                0x0000000000000510      0x100 ./Drivers/STM32F1xx_HAL_Driver/Src/stm32f1xx_hal_cortex.o
 .debug_aranges
                0x0000000000000610       0x80 ./Drivers/STM32F1xx_HAL_Driver/Src/stm32f1xx_hal_dma.o
 .debug_aranges
                0x0000000000000690       0x58 ./Drivers/STM32F1xx_HAL_Driver/Src/stm32f1xx_hal_gpio.o
 .debug_aranges
                0x00000000000006e8       0x90 ./Drivers/STM32F1xx_HAL_Driver/Src/stm32f1xx_hal_rcc.o
 .debug_aranges
                0x0000000000000778      0x3d0 ./Drivers/STM32F1xx_HAL_Driver/Src/stm32f1xx_hal_tim.o
 .debug_aranges
                0x0000000000000b48      0x168 ./Drivers/STM32F1xx_HAL_Driver/Src/stm32f1xx_hal_tim_ex.o
 .debug_aranges
                0x0000000000000cb0      0x208 ./Drivers/STM32F1xx_HAL_Driver/Src/stm32f1xx_hal_uart.o

.debug_ranges   0x0000000000000000      0xd70
 .debug_ranges  0x0000000000000000       0x20 ./Core/Src/button.o
 .debug_ranges  0x0000000000000020       0x28 ./Core/Src/deviceDriver7Segment.o
 .debug_ranges  0x0000000000000048       0x78 ./Core/Src/deviceDriverSingleLed.o
 .debug_ranges  0x00000000000000c0       0x18 ./Core/Src/ledWalk.o
 .debug_ranges  0x00000000000000d8       0x38 ./Core/Src/main.o
 .debug_ranges  0x0000000000000110       0x28 ./Core/Src/manualMode.o
 .debug_ranges  0x0000000000000138       0x28 ./Core/Src/normalMode.o
 .debug_ranges  0x0000000000000160       0x18 ./Core/Src/physicalSingleLed.o
 .debug_ranges  0x0000000000000178       0x30 ./Core/Src/pwm.o
 .debug_ranges  0x00000000000001a8       0x60 ./Core/Src/scho1.o
 .debug_ranges  0x0000000000000208       0x38 ./Core/Src/stm32f1xx_hal_msp.o
 .debug_ranges  0x0000000000000240       0x60 ./Core/Src/stm32f1xx_it.o
 .debug_ranges  0x00000000000002a0       0x18 ./Core/Src/system_stm32f1xx.o
 .debug_ranges  0x00000000000002b8       0x40 ./Core/Src/tuningMode.o
 .debug_ranges  0x00000000000002f8       0x20 ./Core/Src/uart.o
 .debug_ranges  0x0000000000000318       0x20 ./Core/Startup/startup_stm32f103rbtx.o
 .debug_ranges  0x0000000000000338       0xd0 ./Drivers/STM32F1xx_HAL_Driver/Src/stm32f1xx_hal.o
 .debug_ranges  0x0000000000000408       0xf0 ./Drivers/STM32F1xx_HAL_Driver/Src/stm32f1xx_hal_cortex.o
 .debug_ranges  0x00000000000004f8       0x70 ./Drivers/STM32F1xx_HAL_Driver/Src/stm32f1xx_hal_dma.o
 .debug_ranges  0x0000000000000568       0x48 ./Drivers/STM32F1xx_HAL_Driver/Src/stm32f1xx_hal_gpio.o
 .debug_ranges  0x00000000000005b0       0x80 ./Drivers/STM32F1xx_HAL_Driver/Src/stm32f1xx_hal_rcc.o
 .debug_ranges  0x0000000000000630      0x3c0 ./Drivers/STM32F1xx_HAL_Driver/Src/stm32f1xx_hal_tim.o
 .debug_ranges  0x00000000000009f0      0x158 ./Drivers/STM32F1xx_HAL_Driver/Src/stm32f1xx_hal_tim_ex.o
 .debug_ranges  0x0000000000000b48      0x228 ./Drivers/STM32F1xx_HAL_Driver/Src/stm32f1xx_hal_uart.o

.debug_macro    0x0000000000000000    0x1898c
 .debug_macro   0x0000000000000000      0x1eb ./Core/Src/button.o
 .debug_macro   0x00000000000001eb      0xa6c ./Core/Src/button.o
 .debug_macro   0x0000000000000c57       0x2e ./Core/Src/button.o
 .debug_macro   0x0000000000000c85      0x21b ./Core/Src/button.o
 .debug_macro   0x0000000000000ea0       0x2e ./Core/Src/button.o
 .debug_macro   0x0000000000000ece       0x22 ./Core/Src/button.o
 .debug_macro   0x0000000000000ef0       0x22 ./Core/Src/button.o
 .debug_macro   0x0000000000000f12       0x8e ./Core/Src/button.o
 .debug_macro   0x0000000000000fa0       0x51 ./Core/Src/button.o
 .debug_macro   0x0000000000000ff1      0x103 ./Core/Src/button.o
 .debug_macro   0x00000000000010f4       0x6a ./Core/Src/button.o
 .debug_macro   0x000000000000115e      0x1df ./Core/Src/button.o
 .debug_macro   0x000000000000133d       0x1c ./Core/Src/button.o
 .debug_macro   0x0000000000001359       0x22 ./Core/Src/button.o
 .debug_macro   0x000000000000137b       0xbd ./Core/Src/button.o
 .debug_macro   0x0000000000001438      0xd23 ./Core/Src/button.o
 .debug_macro   0x000000000000215b     0xe09e ./Core/Src/button.o
 .debug_macro   0x00000000000101f9       0x6d ./Core/Src/button.o
 .debug_macro   0x0000000000010266     0x348d ./Core/Src/button.o
 .debug_macro   0x00000000000136f3      0x174 ./Core/Src/button.o
 .debug_macro   0x0000000000013867       0x5c ./Core/Src/button.o
 .debug_macro   0x00000000000138c3      0x5bc ./Core/Src/button.o
 .debug_macro   0x0000000000013e7f      0x289 ./Core/Src/button.o
 .debug_macro   0x0000000000014108      0x1cb ./Core/Src/button.o
 .debug_macro   0x00000000000142d3      0x114 ./Core/Src/button.o
 .debug_macro   0x00000000000143e7      0x1b2 ./Core/Src/button.o
 .debug_macro   0x0000000000014599       0x27 ./Core/Src/button.o
 .debug_macro   0x00000000000145c0      0x136 ./Core/Src/button.o
 .debug_macro   0x00000000000146f6      0x1bc ./Core/Src/button.o
 .debug_macro   0x00000000000148b2       0x34 ./Core/Src/button.o
 .debug_macro   0x00000000000148e6       0x3c ./Core/Src/button.o
 .debug_macro   0x0000000000014922       0x57 ./Core/Src/button.o
 .debug_macro   0x0000000000014979       0x87 ./Core/Src/button.o
 .debug_macro   0x0000000000014a00      0x240 ./Core/Src/button.o
 .debug_macro   0x0000000000014c40      0x140 ./Core/Src/button.o
 .debug_macro   0x0000000000014d80      0x8ed ./Core/Src/button.o
 .debug_macro   0x000000000001566d      0x28e ./Core/Src/button.o
 .debug_macro   0x00000000000158fb       0x83 ./Core/Src/button.o
 .debug_macro   0x000000000001597e       0x70 ./Core/Src/button.o
 .debug_macro   0x00000000000159ee       0x28 ./Core/Src/button.o
 .debug_macro   0x0000000000015a16       0x22 ./Core/Src/button.o
 .debug_macro   0x0000000000015a38       0x1e ./Core/Src/deviceDriver7Segment.o
 .debug_macro   0x0000000000015a56       0x1c ./Core/Src/deviceDriver7Segment.o
 .debug_macro   0x0000000000015a72      0x1c5 ./Core/Src/deviceDriverSingleLed.o
 .debug_macro   0x0000000000015c37       0x58 ./Core/Src/deviceDriverSingleLed.o
 .debug_macro   0x0000000000015c8f      0x1e2 ./Core/Src/ledWalk.o
 .debug_macro   0x0000000000015e71      0x2e3 ./Core/Src/main.o
 .debug_macro   0x0000000000016154       0x52 ./Core/Src/main.o
 .debug_macro   0x00000000000161a6       0x18 ./Core/Src/main.o
 .debug_macro   0x00000000000161be       0x3c ./Core/Src/main.o
 .debug_macro   0x00000000000161fa       0x34 ./Core/Src/main.o
 .debug_macro   0x000000000001622e       0x16 ./Core/Src/main.o
 .debug_macro   0x0000000000016244       0x43 ./Core/Src/main.o
 .debug_macro   0x0000000000016287       0x34 ./Core/Src/main.o
 .debug_macro   0x00000000000162bb       0x10 ./Core/Src/main.o
 .debug_macro   0x00000000000162cb       0x58 ./Core/Src/main.o
 .debug_macro   0x0000000000016323       0x71 ./Core/Src/main.o
 .debug_macro   0x0000000000016394       0x1c ./Core/Src/main.o
 .debug_macro   0x00000000000163b0      0x12a ./Core/Src/main.o
 .debug_macro   0x00000000000164da      0x341 ./Core/Src/main.o
 .debug_macro   0x000000000001681b       0x10 ./Core/Src/main.o
 .debug_macro   0x000000000001682b       0x35 ./Core/Src/main.o
 .debug_macro   0x0000000000016860       0x20 ./Core/Src/main.o
 .debug_macro   0x0000000000016880       0x10 ./Core/Src/main.o
 .debug_macro   0x0000000000016890      0x1ec ./Core/Src/manualMode.o
 .debug_macro   0x0000000000016a7c      0x203 ./Core/Src/normalMode.o
 .debug_macro   0x0000000000016c7f      0x1bb ./Core/Src/physicalSingleLed.o
 .debug_macro   0x0000000000016e3a      0x1c9 ./Core/Src/pwm.o
 .debug_macro   0x0000000000017003      0x21d ./Core/Src/scho1.o
 .debug_macro   0x0000000000017220      0x1b2 ./Core/Src/stm32f1xx_hal_msp.o
 .debug_macro   0x00000000000173d2      0x1bc ./Core/Src/stm32f1xx_it.o
 .debug_macro   0x000000000001758e      0x1a3 ./Core/Src/system_stm32f1xx.o
 .debug_macro   0x0000000000017731      0x20f ./Core/Src/tuningMode.o
 .debug_macro   0x0000000000017940      0x291 ./Core/Src/uart.o
 .debug_macro   0x0000000000017bd1      0x1c7 ./Drivers/STM32F1xx_HAL_Driver/Src/stm32f1xx_hal.o
 .debug_macro   0x0000000000017d98      0x1a3 ./Drivers/STM32F1xx_HAL_Driver/Src/stm32f1xx_hal_cortex.o
 .debug_macro   0x0000000000017f3b      0x1a3 ./Drivers/STM32F1xx_HAL_Driver/Src/stm32f1xx_hal_dma.o
 .debug_macro   0x00000000000180de      0x20e ./Drivers/STM32F1xx_HAL_Driver/Src/stm32f1xx_hal_gpio.o
 .debug_macro   0x00000000000182ec      0x1b5 ./Drivers/STM32F1xx_HAL_Driver/Src/stm32f1xx_hal_rcc.o
 .debug_macro   0x00000000000184a1      0x1a4 ./Drivers/STM32F1xx_HAL_Driver/Src/stm32f1xx_hal_tim.o
 .debug_macro   0x0000000000018645      0x1a3 ./Drivers/STM32F1xx_HAL_Driver/Src/stm32f1xx_hal_tim_ex.o
 .debug_macro   0x00000000000187e8      0x1a4 ./Drivers/STM32F1xx_HAL_Driver/Src/stm32f1xx_hal_uart.o

.debug_line     0x0000000000000000    0x1393a
 .debug_line    0x0000000000000000      0xa41 ./Core/Src/button.o
 .debug_line    0x0000000000000a41       0xf5 ./Core/Src/deviceDriver7Segment.o
 .debug_line    0x0000000000000b36      0x8ff ./Core/Src/deviceDriverSingleLed.o
 .debug_line    0x0000000000001435      0x88e ./Core/Src/ledWalk.o
 .debug_line    0x0000000000001cc3      0xae6 ./Core/Src/main.o
 .debug_line    0x00000000000027a9      0x928 ./Core/Src/manualMode.o
 .debug_line    0x00000000000030d1      0x9fe ./Core/Src/normalMode.o
 .debug_line    0x0000000000003acf      0x813 ./Core/Src/physicalSingleLed.o
 .debug_line    0x00000000000042e2      0x884 ./Core/Src/pwm.o
 .debug_line    0x0000000000004b66      0xb66 ./Core/Src/scho1.o
 .debug_line    0x00000000000056cc      0x873 ./Core/Src/stm32f1xx_hal_msp.o
 .debug_line    0x0000000000005f3f      0x888 ./Core/Src/stm32f1xx_it.o
 .debug_line    0x00000000000067c7      0x814 ./Core/Src/system_stm32f1xx.o
 .debug_line    0x0000000000006fdb      0x959 ./Core/Src/tuningMode.o
 .debug_line    0x0000000000007934      0x980 ./Core/Src/uart.o
 .debug_line    0x00000000000082b4       0x86 ./Core/Startup/startup_stm32f103rbtx.o
 .debug_line    0x000000000000833a      0xa41 ./Drivers/STM32F1xx_HAL_Driver/Src/stm32f1xx_hal.o
 .debug_line    0x0000000000008d7b      0xc29 ./Drivers/STM32F1xx_HAL_Driver/Src/stm32f1xx_hal_cortex.o
 .debug_line    0x00000000000099a4      0xe9a ./Drivers/STM32F1xx_HAL_Driver/Src/stm32f1xx_hal_dma.o
 .debug_line    0x000000000000a83e      0xada ./Drivers/STM32F1xx_HAL_Driver/Src/stm32f1xx_hal_gpio.o
 .debug_line    0x000000000000b318      0xe4d ./Drivers/STM32F1xx_HAL_Driver/Src/stm32f1xx_hal_rcc.o
 .debug_line    0x000000000000c165     0x34cc ./Drivers/STM32F1xx_HAL_Driver/Src/stm32f1xx_hal_tim.o
 .debug_line    0x000000000000f631     0x1997 ./Drivers/STM32F1xx_HAL_Driver/Src/stm32f1xx_hal_tim_ex.o
 .debug_line    0x0000000000010fc8     0x2972 ./Drivers/STM32F1xx_HAL_Driver/Src/stm32f1xx_hal_uart.o

.debug_str      0x0000000000000000    0x8a159
 .debug_str     0x0000000000000000    0x83673 ./Core/Src/button.o
                                      0x839ab (size before relaxing)
 .debug_str     0x0000000000083673      0x154 ./Core/Src/deviceDriver7Segment.o
                                       0x2e06 (size before relaxing)
 .debug_str     0x00000000000837c7      0x1f4 ./Core/Src/deviceDriverSingleLed.o
                                      0x8383c (size before relaxing)
 .debug_str     0x00000000000839bb       0x8c ./Core/Src/ledWalk.o
                                      0x837de (size before relaxing)
 .debug_str     0x0000000000083a47     0x366a ./Core/Src/main.o
                                      0x86f49 (size before relaxing)
 .debug_str     0x00000000000870b1       0x66 ./Core/Src/manualMode.o
                                      0x83919 (size before relaxing)
 .debug_str     0x0000000000087117       0xc2 ./Core/Src/normalMode.o
                                      0x839a6 (size before relaxing)
 .debug_str     0x00000000000871d9       0x4a ./Core/Src/physicalSingleLed.o
                                      0x837c3 (size before relaxing)
 .debug_str     0x0000000000087223       0xcb ./Core/Src/pwm.o
                                      0x83d66 (size before relaxing)
 .debug_str     0x00000000000872ee       0xa5 ./Core/Src/scho1.o
                                      0x838f9 (size before relaxing)
 .debug_str     0x0000000000087393      0x552 ./Core/Src/stm32f1xx_hal_msp.o
                                      0x84185 (size before relaxing)
 .debug_str     0x00000000000878e5      0x119 ./Core/Src/stm32f1xx_it.o
                                      0x83e0f (size before relaxing)
 .debug_str     0x00000000000879fe       0x7e ./Core/Src/system_stm32f1xx.o
                                      0x83547 (size before relaxing)
 .debug_str     0x0000000000087a7c       0x9a ./Core/Src/tuningMode.o
                                      0x83d5a (size before relaxing)
 .debug_str     0x0000000000087b16      0x141 ./Core/Src/uart.o
                                      0x86a03 (size before relaxing)
 .debug_str     0x0000000000087c57       0x36 ./Core/Startup/startup_stm32f103rbtx.o
                                         0x7e (size before relaxing)
 .debug_str     0x0000000000087c8d      0x38e ./Drivers/STM32F1xx_HAL_Driver/Src/stm32f1xx_hal.o
                                      0x83c7a (size before relaxing)
 .debug_str     0x000000000008801b      0x294 ./Drivers/STM32F1xx_HAL_Driver/Src/stm32f1xx_hal_cortex.o
                                      0x83bc6 (size before relaxing)
 .debug_str     0x00000000000882af      0x235 ./Drivers/STM32F1xx_HAL_Driver/Src/stm32f1xx_hal_dma.o
                                      0x838f0 (size before relaxing)
 .debug_str     0x00000000000884e4      0x2bd ./Drivers/STM32F1xx_HAL_Driver/Src/stm32f1xx_hal_gpio.o
                                      0x838cd (size before relaxing)
 .debug_str     0x00000000000887a1      0x229 ./Drivers/STM32F1xx_HAL_Driver/Src/stm32f1xx_hal_rcc.o
                                      0x83976 (size before relaxing)
 .debug_str     0x00000000000889ca      0xd0b ./Drivers/STM32F1xx_HAL_Driver/Src/stm32f1xx_hal_tim.o
                                      0x84968 (size before relaxing)
 .debug_str     0x00000000000896d5      0x493 ./Drivers/STM32F1xx_HAL_Driver/Src/stm32f1xx_hal_tim_ex.o
                                      0x84184 (size before relaxing)
 .debug_str     0x0000000000089b68      0x5f1 ./Drivers/STM32F1xx_HAL_Driver/Src/stm32f1xx_hal_uart.o
                                      0x83fe7 (size before relaxing)

.comment        0x0000000000000000       0x50
 .comment       0x0000000000000000       0x50 ./Core/Src/button.o
                                         0x51 (size before relaxing)
 .comment       0x0000000000000050       0x51 ./Core/Src/deviceDriver7Segment.o
 .comment       0x0000000000000050       0x51 ./Core/Src/deviceDriverSingleLed.o
 .comment       0x0000000000000050       0x51 ./Core/Src/ledWalk.o
 .comment       0x0000000000000050       0x51 ./Core/Src/main.o
 .comment       0x0000000000000050       0x51 ./Core/Src/manualMode.o
 .comment       0x0000000000000050       0x51 ./Core/Src/normalMode.o
 .comment       0x0000000000000050       0x51 ./Core/Src/physicalSingleLed.o
 .comment       0x0000000000000050       0x51 ./Core/Src/pwm.o
 .comment       0x0000000000000050       0x51 ./Core/Src/scho1.o
 .comment       0x0000000000000050       0x51 ./Core/Src/stm32f1xx_hal_msp.o
 .comment       0x0000000000000050       0x51 ./Core/Src/stm32f1xx_it.o
 .comment       0x0000000000000050       0x51 ./Core/Src/system_stm32f1xx.o
 .comment       0x0000000000000050       0x51 ./Core/Src/tuningMode.o
 .comment       0x0000000000000050       0x51 ./Core/Src/uart.o
 .comment       0x0000000000000050       0x51 ./Drivers/STM32F1xx_HAL_Driver/Src/stm32f1xx_hal.o
 .comment       0x0000000000000050       0x51 ./Drivers/STM32F1xx_HAL_Driver/Src/stm32f1xx_hal_cortex.o
 .comment       0x0000000000000050       0x51 ./Drivers/STM32F1xx_HAL_Driver/Src/stm32f1xx_hal_dma.o
 .comment       0x0000000000000050       0x51 ./Drivers/STM32F1xx_HAL_Driver/Src/stm32f1xx_hal_gpio.o
 .comment       0x0000000000000050       0x51 ./Drivers/STM32F1xx_HAL_Driver/Src/stm32f1xx_hal_rcc.o
 .comment       0x0000000000000050       0x51 ./Drivers/STM32F1xx_HAL_Driver/Src/stm32f1xx_hal_tim.o
 .comment       0x0000000000000050       0x51 ./Drivers/STM32F1xx_HAL_Driver/Src/stm32f1xx_hal_tim_ex.o
 .comment       0x0000000000000050       0x51 ./Drivers/STM32F1xx_HAL_Driver/Src/stm32f1xx_hal_uart.o

.debug_frame    0x0000000000000000     0x3a1c
 .debug_frame   0x0000000000000000       0x84 ./Core/Src/button.o
 .debug_frame   0x0000000000000084       0xa4 ./Core/Src/deviceDriver7Segment.o
 .debug_frame   0x0000000000000128      0x198 ./Core/Src/deviceDriverSingleLed.o
 .debug_frame   0x00000000000002c0       0x48 ./Core/Src/ledWalk.o
 .debug_frame   0x0000000000000308       0xd4 ./Core/Src/main.o
 .debug_frame   0x00000000000003dc       0x88 ./Core/Src/manualMode.o
 .debug_frame   0x0000000000000464       0x88 ./Core/Src/normalMode.o
 .debug_frame   0x00000000000004ec       0x58 ./Core/Src/physicalSingleLed.o
 .debug_frame   0x0000000000000544       0xb4 ./Core/Src/pwm.o
 .debug_frame   0x00000000000005f8      0x17c ./Core/Src/scho1.o
 .debug_frame   0x0000000000000774       0xec ./Core/Src/stm32f1xx_hal_msp.o
 .debug_frame   0x0000000000000860      0x13c ./Core/Src/stm32f1xx_it.o
 .debug_frame   0x000000000000099c       0x58 ./Core/Src/system_stm32f1xx.o
 .debug_frame   0x00000000000009f4       0xe8 ./Core/Src/tuningMode.o
 .debug_frame   0x0000000000000adc       0x74 ./Core/Src/uart.o
 .debug_frame   0x0000000000000b50      0x334 ./Drivers/STM32F1xx_HAL_Driver/Src/stm32f1xx_hal.o
 .debug_frame   0x0000000000000e84      0x428 ./Drivers/STM32F1xx_HAL_Driver/Src/stm32f1xx_hal_cortex.o
 .debug_frame   0x00000000000012ac      0x208 ./Drivers/STM32F1xx_HAL_Driver/Src/stm32f1xx_hal_dma.o
 .debug_frame   0x00000000000014b4      0x14c ./Drivers/STM32F1xx_HAL_Driver/Src/stm32f1xx_hal_gpio.o
 .debug_frame   0x0000000000001600      0x218 ./Drivers/STM32F1xx_HAL_Driver/Src/stm32f1xx_hal_rcc.o
 .debug_frame   0x0000000000001818     0x11bc ./Drivers/STM32F1xx_HAL_Driver/Src/stm32f1xx_hal_tim.o
 .debug_frame   0x00000000000029d4      0x638 ./Drivers/STM32F1xx_HAL_Driver/Src/stm32f1xx_hal_tim_ex.o
 .debug_frame   0x000000000000300c      0x944 ./Drivers/STM32F1xx_HAL_Driver/Src/stm32f1xx_hal_uart.o
 .debug_frame   0x0000000000003950       0x2c c:/users/acer/desktop/dhbk/hk5/vxl/stm32/stm32cubeide_1.12.1/stm32cubeide/plugins/com.st.stm32cube.ide.mcu.externaltools.gnu-tools-for-stm32.10.3-2021.10.win32_1.0.200.202301161003/tools/bin/../lib/gcc/arm-none-eabi/10.3.1/../../../../arm-none-eabi/lib/thumb/v7-m/nofp\libc_nano.a(lib_a-init.o)
 .debug_frame   0x000000000000397c       0x38 c:/users/acer/desktop/dhbk/hk5/vxl/stm32/stm32cubeide_1.12.1/stm32cubeide/plugins/com.st.stm32cube.ide.mcu.externaltools.gnu-tools-for-stm32.10.3-2021.10.win32_1.0.200.202301161003/tools/bin/../lib/gcc/arm-none-eabi/10.3.1/../../../../arm-none-eabi/lib/thumb/v7-m/nofp\libc_nano.a(lib_a-itoa.o)
 .debug_frame   0x00000000000039b4       0x20 c:/users/acer/desktop/dhbk/hk5/vxl/stm32/stm32cubeide_1.12.1/stm32cubeide/plugins/com.st.stm32cube.ide.mcu.externaltools.gnu-tools-for-stm32.10.3-2021.10.win32_1.0.200.202301161003/tools/bin/../lib/gcc/arm-none-eabi/10.3.1/../../../../arm-none-eabi/lib/thumb/v7-m/nofp\libc_nano.a(lib_a-memset.o)
 .debug_frame   0x00000000000039d4       0x48 c:/users/acer/desktop/dhbk/hk5/vxl/stm32/stm32cubeide_1.12.1/stm32cubeide/plugins/com.st.stm32cube.ide.mcu.externaltools.gnu-tools-for-stm32.10.3-2021.10.win32_1.0.200.202301161003/tools/bin/../lib/gcc/arm-none-eabi/10.3.1/../../../../arm-none-eabi/lib/thumb/v7-m/nofp\libc_nano.a(lib_a-utoa.o)
