../Core/Src/deviceDriverSingleLed.c:12:6:blinkingYELLOW	8	static
../Core/Src/deviceDriverSingleLed.c:18:6:blinkingRED	8	static
../Core/Src/deviceDriverSingleLed.c:24:6:blinkingGREEN	8	static
../Core/Src/deviceDriverSingleLed.c:30:6:offAllSingLEDs	8	static
../Core/Src/deviceDriverSingleLed.c:36:6:onAllSingLEDs	8	static
../Core/Src/deviceDriverSingleLed.c:42:6:onSingleRedTraffic1	8	static
../Core/Src/deviceDriverSingleLed.c:47:6:onSingleYellowTraffic1	8	static
../Core/Src/deviceDriverSingleLed.c:52:6:onSingleGreenTraffic1	8	static
../Core/Src/deviceDriverSingleLed.c:57:6:onSingleRedTraffic2	8	static
../Core/Src/deviceDriverSingleLed.c:62:6:onSingleYellowTraffic2	8	static
../Core/Src/deviceDriverSingleLed.c:67:6:onSingleGreenTraffic2	8	static
../Core/Src/deviceDriverSingleLed.c:72:6:offSingleRedGreenWalk	8	static
../Core/Src/deviceDriverSingleLed.c:76:6:onGreenOffRedWalk	8	static
../Core/Src/deviceDriverSingleLed.c:80:6:onRedOffGreenWalk	8	static
