../Core/Src/main.c:99:6:printTerminal	32	static
../Core/Src/main.c:110:6:HAL_UART_RxCpltCallback	16	static
../Core/Src/main.c:119:6:SCH_Update	4	static
../Core/Src/main.c:130:6:SCH_Add_Task	40	static
../Core/Src/main.c:166:6:SCH_Delete	16	static
../Core/Src/main.c:173:6:SCH_Delete_Task	24	static
../Core/Src/main.c:189:6:SCH_Dispatch_Tasks	8	static
../Core/Src/main.c:203:6:SCH_Init	16	static
../Core/Src/main.c:212:6:toggleLED	8	static
../Core/Src/main.c:217:6:buzzerOn	4	static
../Core/Src/main.c:225:6:buzzerOff	4	static
../Core/Src/main.c:235:5:main	8	static
../Core/Src/main.c:309:6:SystemClock_Config	72	static
../Core/Src/main.c:346:13:MX_TIM2_Init	64	static
../Core/Src/main.c:405:13:MX_USART2_UART_Init	8	static
../Core/Src/main.c:438:13:MX_GPIO_Init	32	static
../Core/Src/main.c:488:6:HAL_TIM_PeriodElapsedCallback	16	static
../Core/Src/main.c:502:6:Error_Handler	4	static,ignoring_inline_asm
