../Core/Src/main.c:97:6:SCH_Update	4	static
../Core/Src/main.c:113:6:SCH_Add_Task	40	static
../Core/Src/main.c:158:6:SCH_Delete	16	static
../Core/Src/main.c:167:6:SCH_Delete_Task	24	static
../Core/Src/main.c:187:6:SCH_Dispatch_Tasks	8	static
../Core/Src/main.c:205:6:SCH_Init	16	static
../Core/Src/main.c:217:6:task1	8	static
../Core/Src/main.c:225:6:task2	8	static
../Core/Src/main.c:238:5:main	8	static
../Core/Src/main.c:408:6:SystemClock_Config	88	static
../Core/Src/main.c:448:13:MX_TIM2_Init	32	static
../Core/Src/main.c:493:13:MX_TIM3_Init	64	static
../Core/Src/main.c:559:13:MX_GPIO_Init	40	static
../Core/Src/main.c:626:6:HAL_TIM_PeriodElapsedCallback	16	static
../Core/Src/main.c:637:6:Error_Handler	4	static,ignoring_inline_asm
