../Core/Src/scho1.c:41:6:SCH_Update	4	static
../Core/Src/scho1.c:57:6:SCH_Add_Task	40	static
../Core/Src/scho1.c:104:6:SCH_Delete	16	static
../Core/Src/scho1.c:113:6:SCH_Delete_ID	32	static
../Core/Src/scho1.c:143:6:SCH_Delete_Task	24	static
../Core/Src/scho1.c:164:6:SCH_Dispatch_Tasks	8	static
../Core/Src/scho1.c:183:6:SCH_Init	16	static
../Core/Src/scho1.c:197:6:task1	8	static
../Core/Src/scho1.c:207:6:task2	8	static
../Core/Src/scho1.c:216:6:task3	8	static
../Core/Src/scho1.c:221:6:task4	8	static
